 flightControlSystem_sfun

 Timestamp is 5f119a4f (Fri Jul 17 22:32:15 2020)

 Preferred load address is 0000000180000000

 Start         Length     Name                   Class
 0001:00000000 000620f0H .text$mn                CODE
 0001:000620f0 00000020H .text$mn$00             CODE
 0001:00062110 00000bb9H .text$x                 CODE
 0002:00000000 000004a0H .idata$5                DATA
 0002:000004a0 00000010H .00cfg                  DATA
 0002:000004b0 00000008H .CRT$XCA                DATA
 0002:000004b8 00000008H .CRT$XCZ                DATA
 0002:000004c0 00000008H .CRT$XIA                DATA
 0002:000004c8 00000008H .CRT$XIZ                DATA
 0002:000004d0 00000008H .CRT$XPA                DATA
 0002:000004d8 00000008H .CRT$XPZ                DATA
 0002:000004e0 00000008H .CRT$XTA                DATA
 0002:000004e8 00000008H .CRT$XTZ                DATA
 0002:000004f0 00004148H .rdata                  DATA
 0002:00004638 000040acH .rdata$r                DATA
 0002:000086e4 00000264H .rdata$zzzdbg           DATA
 0002:00008948 00000008H .rtc$IAA                DATA
 0002:00008950 00000008H .rtc$IZZ                DATA
 0002:00008958 00000008H .rtc$TAA                DATA
 0002:00008960 00000010H .rtc$TZZ                DATA
 0002:00008970 00003308H .xdata                  DATA
 0002:0000bc78 000000f8H .xdata$x                DATA
 0002:0000bd70 00000218H .edata                  DATA
 0002:0000bf88 0000012cH .idata$2                DATA
 0002:0000c0b4 00000014H .idata$3                DATA
 0002:0000c0c8 000004a0H .idata$4                DATA
 0002:0000c568 00000cbaH .idata$6                DATA
 0003:00000000 00004738H .data                   DATA
 0003:00004738 000017a8H .data$r                 DATA
 0003:00005ee0 00000af8H .bss                    DATA
 0004:00000000 00003948H .pdata                  DATA
 0005:00000000 00000034H .gfids$y                DATA

  Address         Publics by Value              Rva+Base               Lib:Object

 0000:00000000       __dynamic_value_reloc_table 0000000000000000     <absolute>
 0000:00000000       ___safe_se_handler_table   0000000000000000     <absolute>
 0000:00000000       __guard_iat_count          0000000000000000     <absolute>
 0000:00000000       ___safe_se_handler_count   0000000000000000     <absolute>
 0000:00000000       __guard_longjmp_table      0000000000000000     <absolute>
 0000:00000000       __guard_fids_table         0000000000000000     <absolute>
 0000:00000000       __guard_fids_count         0000000000000000     <absolute>
 0000:00000000       __guard_longjmp_count      0000000000000000     <absolute>
 0000:00000000       __guard_iat_table          0000000000000000     <absolute>
 0000:00000100       __guard_flags              0000000000000100     <absolute>
 0000:00000000       __ImageBase                0000000180000000     <linker-defined>
 0001:00000000       flightControlSystem_initializer 0000000180001000 f   flightControlSystem_sfun.obj
 0001:00000010       flightControlSystem_terminator 0000000180001010 f   flightControlSystem_sfun.obj
 0001:00000020       load_flightControlSystem_optimization_info 0000000180001020 f   flightControlSystem_sfun.obj
 0001:000000d0       unload_flightControlSystem_optimization_info 00000001800010d0 f   flightControlSystem_sfun.obj
 0001:00000100       sf_flightControlSystem_method_dispatcher 0000000180001100 f   flightControlSystem_sfun.obj
 0001:00000150       sf_flightControlSystem_process_check_sum_call 0000000180001150 f   flightControlSystem_sfun.obj
 0001:00000640       sf_flightControlSystem_get_eml_resolved_functions_info 0000000180001640 f   flightControlSystem_sfun.obj
 0001:00000820       sf_flightControlSystem_third_party_uses_info 0000000180001820 f   flightControlSystem_sfun.obj
 0001:000009f0       sf_flightControlSystem_jit_fallback_info 00000001800019f0 f   flightControlSystem_sfun.obj
 0001:00000bc0       sf_flightControlSystem_get_post_codegen_info 0000000180001bc0 f   flightControlSystem_sfun.obj
 0001:00000da0       sf_flightControlSystem_updateBuildInfo_args_info 0000000180001da0 f   flightControlSystem_sfun.obj
 0001:00000f70       flightControlSystem_register_exported_symbols 0000000180001f70 f   flightControlSystem_sfun.obj
 0001:00000f80       sf_c1_flightControlSystem_get_eml_resolved_functions_info 0000000180001f80 f   c1_flightControlSystem.obj
 0001:00001000       sf_c1_flightControlSystem_get_check_sum 0000000180002000 f   c1_flightControlSystem.obj
 0001:000010d0       c1_flightControlSystem_method_dispatcher 00000001800020d0 f   c1_flightControlSystem.obj
 0001:00005580       sf_c1_flightControlSystem_third_party_uses_info 0000000180006580 f   c1_flightControlSystem.obj
 0001:000055f0       sf_c1_flightControlSystem_jit_fallback_info 00000001800065f0 f   c1_flightControlSystem.obj
 0001:00005780       sf_c1_flightControlSystem_updateBuildInfo_args_info 0000000180006780 f   c1_flightControlSystem.obj
 0001:00005b20       sf_c1_flightControlSystem_get_post_codegen_info 0000000180006b20 f   c1_flightControlSystem.obj
 0001:00006070       mexFunction                0000000180007070 f   flightControlSystem_sfun_registry.obj
 0001:00008820       _ssSetInputPortDirectFeedThroughFcn 0000000180009820 f   flightControlSystem_sfun_registry.obj
 0001:00008990       _ssSetRWorkValueFcn        0000000180009990 f   flightControlSystem_sfun_registry.obj
 0001:00008a10       _ssGetRWorkValueFcn        0000000180009a10 f   flightControlSystem_sfun_registry.obj
 0001:00008a80       _ssSetIWorkValueFcn        0000000180009a80 f   flightControlSystem_sfun_registry.obj
 0001:00008b00       _ssGetIWorkValueFcn        0000000180009b00 f   flightControlSystem_sfun_registry.obj
 0001:00008b70       _ssSetPWorkValueFcn        0000000180009b70 f   flightControlSystem_sfun_registry.obj
 0001:00008bf0       _ssGetPWorkValueFcn        0000000180009bf0 f   flightControlSystem_sfun_registry.obj
 0001:00008c60       _ssGetInputPortSignalFcn   0000000180009c60 f   flightControlSystem_sfun_registry.obj
 0001:00008ff0       _ssGetInputPortBufferDstPortFcn 0000000180009ff0 f   flightControlSystem_sfun_registry.obj
 0001:00009070       _ssGetInputPortSignalPtrsFcn 000000018000a070 f   flightControlSystem_sfun_registry.obj
 0001:00009400       ssGetParameterTuningCompliance 000000018000a400 f   flightControlSystem_sfun_registry.obj
 0001:00009470       ssGetDTypeIdFromMxArray    000000018000a470 f   flightControlSystem_sfun_registry.obj
 0001:00009590       ssWriteRTWMx2dMatParam     000000018000a590 f   flightControlSystem_sfun_registry.obj
 0001:00009620       ssWriteRTWMxVectParam      000000018000a620 f   flightControlSystem_sfun_registry.obj
 0001:000096a0       ssWriteRTWParameters       000000018000a6a0 f   flightControlSystem_sfun_registry.obj
 0001:00009c60       ssWriteRTWParamSettings    000000018000ac60 f   flightControlSystem_sfun_registry.obj
 0001:0000a350       ssWriteRTWStr              000000018000b350 f   flightControlSystem_sfun_registry.obj
 0001:0000a3b0       ssWriteRTWWorkVect         000000018000b3b0 f   flightControlSystem_sfun_registry.obj
 0001:0000a910       ssWarning                  000000018000b910 f   flightControlSystem_sfun_registry.obj
 0001:0000aa00       ssWriteRTWNameValuePair    000000018000ba00 f   flightControlSystem_sfun_registry.obj
 0001:0000af00       _ssSetInputPortMatrixDimensions 000000018000bf00 f   flightControlSystem_sfun_registry.obj
 0001:0000b020       _ssSetOutputPortMatrixDimensions 000000018000c020 f   flightControlSystem_sfun_registry.obj
 0001:0000b140       _ssSetInputPortVectorDimension 000000018000c140 f   flightControlSystem_sfun_registry.obj
 0001:0000b1f0       _ssSetOutputPortVectorDimension 000000018000c1f0 f   flightControlSystem_sfun_registry.obj
 0001:0000b2a0       ssIsRunTimeParamTunable    000000018000c2a0 f   flightControlSystem_sfun_registry.obj
 0001:0000b310       ssGetSFuncBlockHandle      000000018000c310 f   flightControlSystem_sfun_registry.obj
 0001:0000b380       _ssGetCurrentInputPortWidth 000000018000c380 f   flightControlSystem_sfun_registry.obj
 0001:0000b4a0       _ssGetCurrentOutputPortWidth 000000018000c4a0 f   flightControlSystem_sfun_registry.obj
 0001:0000b5c0       _ssGetCallSystemNumFcnCallDestinations 000000018000c5c0 f   flightControlSystem_sfun_registry.obj
 0001:0000b630       ssGetIsZeroCrossControlDisabled 000000018000c630 f   flightControlSystem_sfun_registry.obj
 0001:0000b6a0       ssSetIsInputPortUsedForContZcSignal 000000018000c6a0 f   flightControlSystem_sfun_registry.obj
 0001:0000b710       ssSetZcSignalIsZcElementDisc 000000018000c710 f   flightControlSystem_sfun_registry.obj
 0001:0000b7c0       ssSetZcSignalName          000000018000c7c0 f   flightControlSystem_sfun_registry.obj
 0001:0000b830       ssSetZcSignalWidth         000000018000c830 f   flightControlSystem_sfun_registry.obj
 0001:0000b8a0       ssSetZcSignalZcEventType   000000018000c8a0 f   flightControlSystem_sfun_registry.obj
 0001:0000b910       ssSetZcSignalType          000000018000c910 f   flightControlSystem_sfun_registry.obj
 0001:0000b980       ssSetZcSignalZcTol         000000018000c980 f   flightControlSystem_sfun_registry.obj
 0001:0000b9f0       ssSetZcSignalNeedsEventNotification 000000018000c9f0 f   flightControlSystem_sfun_registry.obj
 0001:0000ba60       ssCreateAndAddZcSignalInfo 000000018000ca60 f   flightControlSystem_sfun_registry.obj
 0001:0000bad0       ssCloneAndAddZcSignalInfo  000000018000cad0 f   flightControlSystem_sfun_registry.obj
 0001:0000bb40       ssGetNumZcSignals          000000018000cb40 f   flightControlSystem_sfun_registry.obj
 0001:0000bbb0       ssGetZcSignalVector        000000018000cbb0 f   flightControlSystem_sfun_registry.obj
 0001:0000bc20       ssGetZcSignalName          000000018000cc20 f   flightControlSystem_sfun_registry.obj
 0001:0000bc90       ssGetZcSignalWidth         000000018000cc90 f   flightControlSystem_sfun_registry.obj
 0001:0000bd00       ssGetZcSignalZcEventType   000000018000cd00 f   flightControlSystem_sfun_registry.obj
 0001:0000bd70       ssGetZcSignalZcEvents      000000018000cd70 f   flightControlSystem_sfun_registry.obj
 0001:0000bde0       ssGetZcSignalType          000000018000cde0 f   flightControlSystem_sfun_registry.obj
 0001:0000be50       ssGetZcSignalZcTol         000000018000ce50 f   flightControlSystem_sfun_registry.obj
 0001:0000bed0       ssGetZcSignalNeedsEventNotification 000000018000ced0 f   flightControlSystem_sfun_registry.obj
 0001:0000bf40       ssGetZcSignalIsZcElementDisc 000000018000cf40 f   flightControlSystem_sfun_registry.obj
 0001:0000bfe0       ssGetIsInputPortElementContinuous 000000018000cfe0 f   flightControlSystem_sfun_registry.obj
 0001:0000c080       _ssGetAbsTol               000000018000d080 f   flightControlSystem_sfun_registry.obj
 0001:0000c0f0       _ssSetStateAbsTol          000000018000d0f0 f   flightControlSystem_sfun_registry.obj
 0001:0000c1d0       _ssSetInputPortReusableFcn 000000018000d1d0 f   flightControlSystem_sfun_registry.obj
 0001:0000c2d0       _ssSetOutputPortReusableFcn 000000018000d2d0 f   flightControlSystem_sfun_registry.obj
 0001:0000c3d0       _ssSetSymbolicDimsSupport  000000018000d3d0 f   flightControlSystem_sfun_registry.obj
 0001:0000c440       _ssRegisterSymbolicDimsExpr 000000018000d440 f   flightControlSystem_sfun_registry.obj
 0001:0000c4c0       _ssRegisterSymbolicDims    000000018000d4c0 f   flightControlSystem_sfun_registry.obj
 0001:0000c560       _ssRegisterSymbolicDimsString 000000018000d560 f   flightControlSystem_sfun_registry.obj
 0001:0000c5e0       _ssRegisterSymbolicDimsIntValue 000000018000d5e0 f   flightControlSystem_sfun_registry.obj
 0001:0000c650       _ssRegisterSymbolicDimsPlus 000000018000d650 f   flightControlSystem_sfun_registry.obj
 0001:0000c6d0       _ssRegisterSymbolicDimsMinus 000000018000d6d0 f   flightControlSystem_sfun_registry.obj
 0001:0000c750       _ssRegisterSymbolicDimsMultiply 000000018000d750 f   flightControlSystem_sfun_registry.obj
 0001:0000c7d0       _ssRegisterSymbolicDimsDivide 000000018000d7d0 f   flightControlSystem_sfun_registry.obj
 0001:0000c850       _ssGetNumSymbolicDims      000000018000d850 f   flightControlSystem_sfun_registry.obj
 0001:0000c8c0       _ssGetSymbolicDim          000000018000d8c0 f   flightControlSystem_sfun_registry.obj
 0001:0000c940       _ssSetInputPortSymbolicDimsId 000000018000d940 f   flightControlSystem_sfun_registry.obj
 0001:0000c9b0       _ssGetCompInputPortSymbolicDimsId 000000018000d9b0 f   flightControlSystem_sfun_registry.obj
 0001:0000ca20       _ssSetCompInputPortSymbolicDimsId 000000018000da20 f   flightControlSystem_sfun_registry.obj
 0001:0000ca90       _ssSetOutputPortSymbolicDimsId 000000018000da90 f   flightControlSystem_sfun_registry.obj
 0001:0000cb00       _ssGetCompOutputPortSymbolicDimsId 000000018000db00 f   flightControlSystem_sfun_registry.obj
 0001:0000cb70       _ssSetCompOutputPortSymbolicDimsId 000000018000db70 f   flightControlSystem_sfun_registry.obj
 0001:0000cbe0       _ssSetCompDWorkSymbolicDimsId 000000018000dbe0 f   flightControlSystem_sfun_registry.obj
 0001:0000cc50       sf_process_check_sum_call  000000018000dc50 f   flightControlSystem_sfun_registry.obj
 0001:0000cca0       sf_process_get_third_party_uses_info_call 000000018000dca0 f   flightControlSystem_sfun_registry.obj
 0001:0000ced0       sf_process_get_jit_fallback_info_call 000000018000ded0 f   flightControlSystem_sfun_registry.obj
 0001:0000d100       sf_process_get_post_codegen_info_call 000000018000e100 f   flightControlSystem_sfun_registry.obj
 0001:0000d330       sf_process_get_updateBuildInfo_args_info_call 000000018000e330 f   flightControlSystem_sfun_registry.obj
 0001:0000d560       sf_process_get_eml_resolved_functions_info_call 000000018000e560 f   flightControlSystem_sfun_registry.obj
 0001:0000d790       sf_mex_unlock_call         000000018000e790 f   flightControlSystem_sfun_registry.obj
 0001:0000d9b0       sf_machine_global_initializer_called 000000018000e9b0 f   flightControlSystem_sfun_registry.obj
 0001:0000d9e0       sf_machine_global_method_dispatcher 000000018000e9e0 f   flightControlSystem_sfun_registry.obj
 0001:0000da40       sf_machine_global_terminator 000000018000ea40 f   flightControlSystem_sfun_registry.obj
 0001:0000da70       sf_register_machine_exported_symbols 000000018000ea70 f   flightControlSystem_sfun_registry.obj
 0001:0000da90       callCustomFcn              000000018000ea90 f   flightControlSystem_sfun_registry.obj
 0001:0000daa0       sf_machine_global_initializer 000000018000eaa0 f   flightControlSystem_sfun_registry.obj
 0001:0000db10       mdlGetSimState             000000018000eb10 f   flightControlSystem_sfun_registry.obj
 0001:0000db50       mdlSetSimState             000000018000eb50 f   flightControlSystem_sfun_registry.obj
 0001:0000e4a0       ProcessMexSfunctionEveryCall 000000018000f4a0 f   flightControlSystem_sfun_registry.obj
 0001:0000f610       __local_stdio_printf_options 0000000180010610 f i flightControlSystem_sfun_registry.obj
 0001:0000f620       _vsnprintf_l               0000000180010620 f i flightControlSystem_sfun_registry.obj
 0001:0000f6a0       _vsprintf_l                00000001800106a0 f i flightControlSystem_sfun_registry.obj
 0001:0000f6f0       sprintf                    00000001800106f0 f i flightControlSystem_sfun_registry.obj
 0001:0000f740       mexfilerequiredapiversion  0000000180010740 f   c_mexapi_version.obj
 0001:0000f770       constructDrawBaseObjectShape 0000000180010770 f   insertShapeUtilsCore.obj
 0001:0000f7b0       getPositionDataPointer     00000001800107b0 f   insertShapeUtilsCore.obj
 0001:0000f850       deletePositionDataPointer  0000000180010850 f   insertShapeUtilsCore.obj
 0001:0000f890       initialiseDrawbaseShape    0000000180010890 f   insertShapeUtilsCore.obj
 0001:0000f8f0       instantiateDrawBaseShape_single 00000001800108f0 f   insertShapeUtilsCore.obj
 0001:0000fab0       instantiateDrawBaseShape_double 0000000180010ab0 f   insertShapeUtilsCore.obj
 0001:0000fc70       instantiateDrawBaseShape_uint8 0000000180010c70 f   insertShapeUtilsCore.obj
 0001:0000fe30       instantiateDrawBaseShape_uint16 0000000180010e30 f   insertShapeUtilsCore.obj
 0001:0000fff0       instantiateDrawBaseShape_int16 0000000180010ff0 f   insertShapeUtilsCore.obj
 0001:000101b0       mDrawShapes                00000001800111b0 f   insertShapeUtilsCore.obj
 0001:00010220       deallocateMemoryShape      0000000180011220 f   insertShapeUtilsCore.obj
 0001:00010320       ??$CheckAndGetNumShape@H@@YAEHHPEBHPEAH1@Z 0000000180011320 f i insertShapeUtilsCore.obj
 0001:00010450       ??$CheckDataDimen@H@@YAEHPEBHHAEAH@Z 0000000180011450 f i insertShapeUtilsCore.obj
 0001:000104e0       ??$CheckDataDimenEven@H@@YAEHPEBHHAEAH1@Z 00000001800114e0 f i insertShapeUtilsCore.obj
 0001:000105a0       ??$FindLineInViewPort@HH@@YAEPEBH0PEAH@Z 00000001800115a0 f i insertShapeUtilsCore.obj
 0001:000114a0       ??$FindVisibleArea@HH@?$DrawCommon@EEHHMMEE@@IEAAXPEBHPEAH@Z 00000001800124a0 f i insertShapeUtilsCore.obj
 0001:00011610       ??$FindVisibleArea@HH@?$DrawCommon@EEHHMMEH@@IEAAXPEBHPEAH@Z 0000000180012610 f i insertShapeUtilsCore.obj
 0001:00011780       ??$FindVisibleArea@HH@?$DrawCommon@FFHHMMEE@@IEAAXPEBHPEAH@Z 0000000180012780 f i insertShapeUtilsCore.obj
 0001:000118f0       ??$FindVisibleArea@HH@?$DrawCommon@FFHHMMEH@@IEAAXPEBHPEAH@Z 00000001800128f0 f i insertShapeUtilsCore.obj
 0001:00011a60       ??$FindVisibleArea@HH@?$DrawCommon@GGHHMMEE@@IEAAXPEBHPEAH@Z 0000000180012a60 f i insertShapeUtilsCore.obj
 0001:00011bd0       ??$FindVisibleArea@HH@?$DrawCommon@GGHHMMEH@@IEAAXPEBHPEAH@Z 0000000180012bd0 f i insertShapeUtilsCore.obj
 0001:00011d40       ??$FindVisibleArea@HH@?$DrawCommon@MMHHMMEE@@IEAAXPEBHPEAH@Z 0000000180012d40 f i insertShapeUtilsCore.obj
 0001:00011eb0       ??$FindVisibleArea@HH@?$DrawCommon@MMHHMMEH@@IEAAXPEBHPEAH@Z 0000000180012eb0 f i insertShapeUtilsCore.obj
 0001:00012020       ??$FindVisibleArea@HH@?$DrawCommon@NNHHNNEE@@IEAAXPEBHPEAH@Z 0000000180013020 f i insertShapeUtilsCore.obj
 0001:00012190       ??$FindVisibleArea@HH@?$DrawCommon@NNHHNNEH@@IEAAXPEBHPEAH@Z 0000000180013190 f i insertShapeUtilsCore.obj
 0001:00012300       ??$FindVisibleAreaKeepCoordinate@HH@?$DrawCommon@EEHHMMEH@@IEAAXPEBHPEAH@Z 0000000180013300 f i insertShapeUtilsCore.obj
 0001:00012470       ??$FindVisibleAreaKeepCoordinate@HH@?$DrawCommon@FFHHMMEH@@IEAAXPEBHPEAH@Z 0000000180013470 f i insertShapeUtilsCore.obj
 0001:000125e0       ??$FindVisibleAreaKeepCoordinate@HH@?$DrawCommon@GGHHMMEH@@IEAAXPEBHPEAH@Z 00000001800135e0 f i insertShapeUtilsCore.obj
 0001:00012750       ??$FindVisibleAreaKeepCoordinate@HH@?$DrawCommon@MMHHMMEH@@IEAAXPEBHPEAH@Z 0000000180013750 f i insertShapeUtilsCore.obj
 0001:000128c0       ??$FindVisibleAreaKeepCoordinate@HH@?$DrawCommon@NNHHNNEH@@IEAAXPEBHPEAH@Z 00000001800138c0 f i insertShapeUtilsCore.obj
 0001:00012a30       ??$InstantiateShape@EEHHMM@@YAPEAVDrawBase@@PEAEPEAH0PEAM1HEHHHH1HEE0@Z 0000000180013a30 f i insertShapeUtilsCore.obj
 0001:00014230       ??$InstantiateShape@FFHHMM@@YAPEAVDrawBase@@PEAFPEAH0PEAM1HEHHHH1HEEPEAE@Z 0000000180015230 f i insertShapeUtilsCore.obj
 0001:00015a30       ??$InstantiateShape@GGHHMM@@YAPEAVDrawBase@@PEAGPEAH0PEAM1HEHHHH1HEEPEAE@Z 0000000180016a30 f i insertShapeUtilsCore.obj
 0001:00017230       ??$InstantiateShape@MMHHMM@@YAPEAVDrawBase@@PEAMPEAH001HEHHHH1HEEPEAE@Z 0000000180018230 f i insertShapeUtilsCore.obj
 0001:00018a30       ??$InstantiateShape@NNHHNN@@YAPEAVDrawBase@@PEANPEAH001HEHHHH1HEEPEAE@Z 0000000180019a30 f i insertShapeUtilsCore.obj
 0001:0001a230       ??$Max@H@?$DrawCommon@EEHHMMEE@@AEAAHHH@Z 000000018001b230 f i insertShapeUtilsCore.obj
 0001:0001a270       ??$Max@H@?$DrawCommon@EEHHMMEH@@AEAAHHH@Z 000000018001b270 f i insertShapeUtilsCore.obj
 0001:0001a2b0       ??$Max@H@?$DrawCommon@FFHHMMEE@@AEAAHHH@Z 000000018001b2b0 f i insertShapeUtilsCore.obj
 0001:0001a2f0       ??$Max@H@?$DrawCommon@FFHHMMEH@@AEAAHHH@Z 000000018001b2f0 f i insertShapeUtilsCore.obj
 0001:0001a330       ??$Max@H@?$DrawCommon@GGHHMMEE@@AEAAHHH@Z 000000018001b330 f i insertShapeUtilsCore.obj
 0001:0001a370       ??$Max@H@?$DrawCommon@GGHHMMEH@@AEAAHHH@Z 000000018001b370 f i insertShapeUtilsCore.obj
 0001:0001a3b0       ??$Max@H@?$DrawCommon@MMHHMMEE@@AEAAHHH@Z 000000018001b3b0 f i insertShapeUtilsCore.obj
 0001:0001a3f0       ??$Max@H@?$DrawCommon@MMHHMMEH@@AEAAHHH@Z 000000018001b3f0 f i insertShapeUtilsCore.obj
 0001:0001a430       ??$Max@H@?$DrawCommon@NNHHNNEE@@AEAAHHH@Z 000000018001b430 f i insertShapeUtilsCore.obj
 0001:0001a470       ??$Max@H@?$DrawCommon@NNHHNNEH@@AEAAHHH@Z 000000018001b470 f i insertShapeUtilsCore.obj
 0001:0001a4b0       ??$Min@H@?$DrawCommon@EEHHMMEE@@AEAAHHH@Z 000000018001b4b0 f i insertShapeUtilsCore.obj
 0001:0001a4f0       ??$Min@H@?$DrawCommon@EEHHMMEH@@AEAAHHH@Z 000000018001b4f0 f i insertShapeUtilsCore.obj
 0001:0001a530       ??$Min@H@?$DrawCommon@FFHHMMEE@@AEAAHHH@Z 000000018001b530 f i insertShapeUtilsCore.obj
 0001:0001a570       ??$Min@H@?$DrawCommon@FFHHMMEH@@AEAAHHH@Z 000000018001b570 f i insertShapeUtilsCore.obj
 0001:0001a5b0       ??$Min@H@?$DrawCommon@GGHHMMEE@@AEAAHHH@Z 000000018001b5b0 f i insertShapeUtilsCore.obj
 0001:0001a5f0       ??$Min@H@?$DrawCommon@GGHHMMEH@@AEAAHHH@Z 000000018001b5f0 f i insertShapeUtilsCore.obj
 0001:0001a630       ??$Min@H@?$DrawCommon@MMHHMMEE@@AEAAHHH@Z 000000018001b630 f i insertShapeUtilsCore.obj
 0001:0001a670       ??$Min@H@?$DrawCommon@MMHHMMEH@@AEAAHHH@Z 000000018001b670 f i insertShapeUtilsCore.obj
 0001:0001a6b0       ??$Min@H@?$DrawCommon@NNHHNNEE@@AEAAHHH@Z 000000018001b6b0 f i insertShapeUtilsCore.obj
 0001:0001a6f0       ??$Min@H@?$DrawCommon@NNHHNNEH@@AEAAHHH@Z 000000018001b6f0 f i insertShapeUtilsCore.obj
 0001:0001a730       ??$ToIntCoordinate@H@@YAHH@Z 000000018001b730 f i insertShapeUtilsCore.obj
 0001:0001a740       ??$getColDimen@H@@YAHHPEBH@Z 000000018001b740 f i insertShapeUtilsCore.obj
 0001:0001a790       ??$getRowDimen@H@@YAHHPEBH@Z 000000018001b790 f i insertShapeUtilsCore.obj
 0001:0001a7e0       ??0?$DrawAnyLine@EEHHMMEE@@QEAA@PEAE00HHH0HPEAHHH1EEEPEAMH00211@Z 000000018001b7e0 f i insertShapeUtilsCore.obj
 0001:0001a950       ??0?$DrawAnyLine@EEHHMMEH@@QEAA@PEAE00HHH0HPEAHHH1EEEPEAMH00211@Z 000000018001b950 f i insertShapeUtilsCore.obj
 0001:0001aac0       ??0?$DrawAnyLine@FFHHMMEE@@QEAA@PEAF00HHH0HPEAHHH1EEEPEAMHPEAE0211@Z 000000018001bac0 f i insertShapeUtilsCore.obj
 0001:0001ac30       ??0?$DrawAnyLine@FFHHMMEH@@QEAA@PEAF00HHH0HPEAHHH1EEEPEAMHPEAE0211@Z 000000018001bc30 f i insertShapeUtilsCore.obj
 0001:0001ada0       ??0?$DrawAnyLine@GGHHMMEE@@QEAA@PEAG00HHH0HPEAHHH1EEEPEAMHPEAE0211@Z 000000018001bda0 f i insertShapeUtilsCore.obj
 0001:0001af10       ??0?$DrawAnyLine@GGHHMMEH@@QEAA@PEAG00HHH0HPEAHHH1EEEPEAMHPEAE0211@Z 000000018001bf10 f i insertShapeUtilsCore.obj
 0001:0001b080       ??0?$DrawAnyLine@MMHHMMEE@@QEAA@PEAM00HHH0HPEAHHH1EEE0HPEAE0011@Z 000000018001c080 f i insertShapeUtilsCore.obj
 0001:0001b1f0       ??0?$DrawAnyLine@MMHHMMEH@@QEAA@PEAM00HHH0HPEAHHH1EEE0HPEAE0011@Z 000000018001c1f0 f i insertShapeUtilsCore.obj
 0001:0001b360       ??0?$DrawAnyLine@NNHHNNEE@@QEAA@PEAN00HHH0HPEAHHH1EEE0HPEAE0011@Z 000000018001c360 f i insertShapeUtilsCore.obj
 0001:0001b4d0       ??0?$DrawAnyLine@NNHHNNEH@@QEAA@PEAN00HHH0HPEAHHH1EEE0HPEAE0011@Z 000000018001c4d0 f i insertShapeUtilsCore.obj
 0001:0001b640       ??0?$DrawCircle@EEHHMMEEE@@QEAA@PEAE00HHH0HPEAHHH1EEEPEAMH002@Z 000000018001c640 f i insertShapeUtilsCore.obj
 0001:0001b780       ??0?$DrawCircle@EEHHMMEEH@@QEAA@PEAE00HHH0HPEAHHH1EEEPEAMH002@Z 000000018001c780 f i insertShapeUtilsCore.obj
 0001:0001b8c0       ??0?$DrawCircle@EEHHMMEHE@@QEAA@PEAE00HHH0HPEAHHH1EEEPEAMH002@Z 000000018001c8c0 f i insertShapeUtilsCore.obj
 0001:0001ba00       ??0?$DrawCircle@EEHHMMEHH@@QEAA@PEAE00HHH0HPEAHHH1EEEPEAMH002@Z 000000018001ca00 f i insertShapeUtilsCore.obj
 0001:0001bb40       ??0?$DrawCircle@FFHHMMEEE@@QEAA@PEAF00HHH0HPEAHHH1EEEPEAMHPEAE02@Z 000000018001cb40 f i insertShapeUtilsCore.obj
 0001:0001bc80       ??0?$DrawCircle@FFHHMMEEH@@QEAA@PEAF00HHH0HPEAHHH1EEEPEAMHPEAE02@Z 000000018001cc80 f i insertShapeUtilsCore.obj
 0001:0001bdc0       ??0?$DrawCircle@FFHHMMEHE@@QEAA@PEAF00HHH0HPEAHHH1EEEPEAMHPEAE02@Z 000000018001cdc0 f i insertShapeUtilsCore.obj
 0001:0001bf00       ??0?$DrawCircle@FFHHMMEHH@@QEAA@PEAF00HHH0HPEAHHH1EEEPEAMHPEAE02@Z 000000018001cf00 f i insertShapeUtilsCore.obj
 0001:0001c040       ??0?$DrawCircle@GGHHMMEEE@@QEAA@PEAG00HHH0HPEAHHH1EEEPEAMHPEAE02@Z 000000018001d040 f i insertShapeUtilsCore.obj
 0001:0001c180       ??0?$DrawCircle@GGHHMMEEH@@QEAA@PEAG00HHH0HPEAHHH1EEEPEAMHPEAE02@Z 000000018001d180 f i insertShapeUtilsCore.obj
 0001:0001c2c0       ??0?$DrawCircle@GGHHMMEHE@@QEAA@PEAG00HHH0HPEAHHH1EEEPEAMHPEAE02@Z 000000018001d2c0 f i insertShapeUtilsCore.obj
 0001:0001c400       ??0?$DrawCircle@GGHHMMEHH@@QEAA@PEAG00HHH0HPEAHHH1EEEPEAMHPEAE02@Z 000000018001d400 f i insertShapeUtilsCore.obj
 0001:0001c540       ??0?$DrawCircle@MMHHMMEEE@@QEAA@PEAM00HHH0HPEAHHH1EEE0HPEAE00@Z 000000018001d540 f i insertShapeUtilsCore.obj
 0001:0001c680       ??0?$DrawCircle@MMHHMMEEH@@QEAA@PEAM00HHH0HPEAHHH1EEE0HPEAE00@Z 000000018001d680 f i insertShapeUtilsCore.obj
 0001:0001c7c0       ??0?$DrawCircle@MMHHMMEHE@@QEAA@PEAM00HHH0HPEAHHH1EEE0HPEAE00@Z 000000018001d7c0 f i insertShapeUtilsCore.obj
 0001:0001c900       ??0?$DrawCircle@MMHHMMEHH@@QEAA@PEAM00HHH0HPEAHHH1EEE0HPEAE00@Z 000000018001d900 f i insertShapeUtilsCore.obj
 0001:0001ca40       ??0?$DrawCircle@NNHHNNEEE@@QEAA@PEAN00HHH0HPEAHHH1EEE0HPEAE00@Z 000000018001da40 f i insertShapeUtilsCore.obj
 0001:0001cb80       ??0?$DrawCircle@NNHHNNEEH@@QEAA@PEAN00HHH0HPEAHHH1EEE0HPEAE00@Z 000000018001db80 f i insertShapeUtilsCore.obj
 0001:0001ccc0       ??0?$DrawCircle@NNHHNNEHE@@QEAA@PEAN00HHH0HPEAHHH1EEE0HPEAE00@Z 000000018001dcc0 f i insertShapeUtilsCore.obj
 0001:0001ce00       ??0?$DrawCircle@NNHHNNEHH@@QEAA@PEAN00HHH0HPEAHHH1EEE0HPEAE00@Z 000000018001de00 f i insertShapeUtilsCore.obj
 0001:0001cf40       ??0?$DrawCircleAnySize@EEHHMMEEE@@QEAA@PEAE00HHH0HPEAHHH1EEEPEAMH0021@Z 000000018001df40 f i insertShapeUtilsCore.obj
 0001:0001d0a0       ??0?$DrawCircleAnySize@EEHHMMEEH@@QEAA@PEAE00HHH0HPEAHHH1EEEPEAMH0021@Z 000000018001e0a0 f i insertShapeUtilsCore.obj
 0001:0001d200       ??0?$DrawCircleAnySize@EEHHMMEHE@@QEAA@PEAE00HHH0HPEAHHH1EEEPEAMH0021@Z 000000018001e200 f i insertShapeUtilsCore.obj
 0001:0001d360       ??0?$DrawCircleAnySize@EEHHMMEHH@@QEAA@PEAE00HHH0HPEAHHH1EEEPEAMH0021@Z 000000018001e360 f i insertShapeUtilsCore.obj
 0001:0001d4c0       ??0?$DrawCircleAnySize@FFHHMMEEE@@QEAA@PEAF00HHH0HPEAHHH1EEEPEAMHPEAE021@Z 000000018001e4c0 f i insertShapeUtilsCore.obj
 0001:0001d620       ??0?$DrawCircleAnySize@FFHHMMEEH@@QEAA@PEAF00HHH0HPEAHHH1EEEPEAMHPEAE021@Z 000000018001e620 f i insertShapeUtilsCore.obj
 0001:0001d780       ??0?$DrawCircleAnySize@FFHHMMEHE@@QEAA@PEAF00HHH0HPEAHHH1EEEPEAMHPEAE021@Z 000000018001e780 f i insertShapeUtilsCore.obj
 0001:0001d8e0       ??0?$DrawCircleAnySize@FFHHMMEHH@@QEAA@PEAF00HHH0HPEAHHH1EEEPEAMHPEAE021@Z 000000018001e8e0 f i insertShapeUtilsCore.obj
 0001:0001da40       ??0?$DrawCircleAnySize@GGHHMMEEE@@QEAA@PEAG00HHH0HPEAHHH1EEEPEAMHPEAE021@Z 000000018001ea40 f i insertShapeUtilsCore.obj
 0001:0001dba0       ??0?$DrawCircleAnySize@GGHHMMEEH@@QEAA@PEAG00HHH0HPEAHHH1EEEPEAMHPEAE021@Z 000000018001eba0 f i insertShapeUtilsCore.obj
 0001:0001dd00       ??0?$DrawCircleAnySize@GGHHMMEHE@@QEAA@PEAG00HHH0HPEAHHH1EEEPEAMHPEAE021@Z 000000018001ed00 f i insertShapeUtilsCore.obj
 0001:0001de60       ??0?$DrawCircleAnySize@GGHHMMEHH@@QEAA@PEAG00HHH0HPEAHHH1EEEPEAMHPEAE021@Z 000000018001ee60 f i insertShapeUtilsCore.obj
 0001:0001dfc0       ??0?$DrawCircleAnySize@MMHHMMEEE@@QEAA@PEAM00HHH0HPEAHHH1EEE0HPEAE001@Z 000000018001efc0 f i insertShapeUtilsCore.obj
 0001:0001e120       ??0?$DrawCircleAnySize@MMHHMMEEH@@QEAA@PEAM00HHH0HPEAHHH1EEE0HPEAE001@Z 000000018001f120 f i insertShapeUtilsCore.obj
 0001:0001e280       ??0?$DrawCircleAnySize@MMHHMMEHE@@QEAA@PEAM00HHH0HPEAHHH1EEE0HPEAE001@Z 000000018001f280 f i insertShapeUtilsCore.obj
 0001:0001e3e0       ??0?$DrawCircleAnySize@MMHHMMEHH@@QEAA@PEAM00HHH0HPEAHHH1EEE0HPEAE001@Z 000000018001f3e0 f i insertShapeUtilsCore.obj
 0001:0001e540       ??0?$DrawCircleAnySize@NNHHNNEEE@@QEAA@PEAN00HHH0HPEAHHH1EEE0HPEAE001@Z 000000018001f540 f i insertShapeUtilsCore.obj
 0001:0001e6a0       ??0?$DrawCircleAnySize@NNHHNNEEH@@QEAA@PEAN00HHH0HPEAHHH1EEE0HPEAE001@Z 000000018001f6a0 f i insertShapeUtilsCore.obj
 0001:0001e800       ??0?$DrawCircleAnySize@NNHHNNEHE@@QEAA@PEAN00HHH0HPEAHHH1EEE0HPEAE001@Z 000000018001f800 f i insertShapeUtilsCore.obj
 0001:0001e960       ??0?$DrawCircleAnySize@NNHHNNEHH@@QEAA@PEAN00HHH0HPEAHHH1EEE0HPEAE001@Z 000000018001f960 f i insertShapeUtilsCore.obj
 0001:0001eac0       ??0?$DrawCommon@EEHHMMEE@@QEAA@PEAE00HHH0HPEAHHH1EEEPEAMH002@Z 000000018001fac0 f i insertShapeUtilsCore.obj
 0001:0001ec70       ??0?$DrawCommon@EEHHMMEH@@QEAA@PEAE00HHH0HPEAHHH1EEEPEAMH002@Z 000000018001fc70 f i insertShapeUtilsCore.obj
 0001:0001ee20       ??0?$DrawCommon@FFHHMMEE@@QEAA@PEAF00HHH0HPEAHHH1EEEPEAMHPEAE02@Z 000000018001fe20 f i insertShapeUtilsCore.obj
 0001:0001efd0       ??0?$DrawCommon@FFHHMMEH@@QEAA@PEAF00HHH0HPEAHHH1EEEPEAMHPEAE02@Z 000000018001ffd0 f i insertShapeUtilsCore.obj
 0001:0001f180       ??0?$DrawCommon@GGHHMMEE@@QEAA@PEAG00HHH0HPEAHHH1EEEPEAMHPEAE02@Z 0000000180020180 f i insertShapeUtilsCore.obj
 0001:0001f330       ??0?$DrawCommon@GGHHMMEH@@QEAA@PEAG00HHH0HPEAHHH1EEEPEAMHPEAE02@Z 0000000180020330 f i insertShapeUtilsCore.obj
 0001:0001f4e0       ??0?$DrawCommon@MMHHMMEE@@QEAA@PEAM00HHH0HPEAHHH1EEE0HPEAE00@Z 00000001800204e0 f i insertShapeUtilsCore.obj
 0001:0001f690       ??0?$DrawCommon@MMHHMMEH@@QEAA@PEAM00HHH0HPEAHHH1EEE0HPEAE00@Z 0000000180020690 f i insertShapeUtilsCore.obj
 0001:0001f840       ??0?$DrawCommon@NNHHNNEE@@QEAA@PEAN00HHH0HPEAHHH1EEE0HPEAE00@Z 0000000180020840 f i insertShapeUtilsCore.obj
 0001:0001f9f0       ??0?$DrawCommon@NNHHNNEH@@QEAA@PEAN00HHH0HPEAHHH1EEE0HPEAE00@Z 00000001800209f0 f i insertShapeUtilsCore.obj
 0001:0001fba0       ??0?$DrawFilledPolygon@EEHHMMEE@@QEAA@PEAE00HHH0HPEAHHH1EEEPEAMH002PEAV?$ScanLineBase@HHE@@11@Z 0000000180020ba0 f i insertShapeUtilsCore.obj
 0001:0001fd30       ??0?$DrawFilledPolygon@EEHHMMEH@@QEAA@PEAE00HHH0HPEAHHH1EEEPEAMH002PEAV?$ScanLineBase@HHH@@11@Z 0000000180020d30 f i insertShapeUtilsCore.obj
 0001:0001fec0       ??0?$DrawFilledPolygon@FFHHMMEE@@QEAA@PEAF00HHH0HPEAHHH1EEEPEAMHPEAE02PEAV?$ScanLineBase@HHE@@11@Z 0000000180020ec0 f i insertShapeUtilsCore.obj
 0001:00020050       ??0?$DrawFilledPolygon@FFHHMMEH@@QEAA@PEAF00HHH0HPEAHHH1EEEPEAMHPEAE02PEAV?$ScanLineBase@HHH@@11@Z 0000000180021050 f i insertShapeUtilsCore.obj
 0001:000201e0       ??0?$DrawFilledPolygon@GGHHMMEE@@QEAA@PEAG00HHH0HPEAHHH1EEEPEAMHPEAE02PEAV?$ScanLineBase@HHE@@11@Z 00000001800211e0 f i insertShapeUtilsCore.obj
 0001:00020370       ??0?$DrawFilledPolygon@GGHHMMEH@@QEAA@PEAG00HHH0HPEAHHH1EEEPEAMHPEAE02PEAV?$ScanLineBase@HHH@@11@Z 0000000180021370 f i insertShapeUtilsCore.obj
 0001:00020500       ??0?$DrawFilledPolygon@MMHHMMEE@@QEAA@PEAM00HHH0HPEAHHH1EEE0HPEAE00PEAV?$ScanLineBase@HHE@@11@Z 0000000180021500 f i insertShapeUtilsCore.obj
 0001:00020690       ??0?$DrawFilledPolygon@MMHHMMEH@@QEAA@PEAM00HHH0HPEAHHH1EEE0HPEAE00PEAV?$ScanLineBase@HHH@@11@Z 0000000180021690 f i insertShapeUtilsCore.obj
 0001:00020820       ??0?$DrawFilledPolygon@NNHHNNEE@@QEAA@PEAN00HHH0HPEAHHH1EEE0HPEAE00PEAV?$ScanLineBase@HHE@@11@Z 0000000180021820 f i insertShapeUtilsCore.obj
 0001:000209b0       ??0?$DrawFilledPolygon@NNHHNNEH@@QEAA@PEAN00HHH0HPEAHHH1EEE0HPEAE00PEAV?$ScanLineBase@HHH@@11@Z 00000001800219b0 f i insertShapeUtilsCore.obj
 0001:00020b40       ??0?$DrawFilledRectangle@EEHHMME@@QEAA@PEAE00HHH0HPEAHHH1EEEPEAMH002@Z 0000000180021b40 f i insertShapeUtilsCore.obj
 0001:00020c80       ??0?$DrawFilledRectangle@FFHHMME@@QEAA@PEAF00HHH0HPEAHHH1EEEPEAMHPEAE02@Z 0000000180021c80 f i insertShapeUtilsCore.obj
 0001:00020dc0       ??0?$DrawFilledRectangle@GGHHMME@@QEAA@PEAG00HHH0HPEAHHH1EEEPEAMHPEAE02@Z 0000000180021dc0 f i insertShapeUtilsCore.obj
 0001:00020f00       ??0?$DrawFilledRectangle@MMHHMME@@QEAA@PEAM00HHH0HPEAHHH1EEE0HPEAE00@Z 0000000180021f00 f i insertShapeUtilsCore.obj
 0001:00021040       ??0?$DrawFilledRectangle@NNHHNNE@@QEAA@PEAN00HHH0HPEAHHH1EEE0HPEAE00@Z 0000000180022040 f i insertShapeUtilsCore.obj
 0001:00021180       ??0?$DrawFilledRectangleAnySize@EEHHMME@@QEAA@PEAE00HHH0HPEAHHH1EEEPEAMH002PEBH@Z 0000000180022180 f i insertShapeUtilsCore.obj
 0001:000212e0       ??0?$DrawFilledRectangleAnySize@FFHHMME@@QEAA@PEAF00HHH0HPEAHHH1EEEPEAMHPEAE02PEBH@Z 00000001800222e0 f i insertShapeUtilsCore.obj
 0001:00021440       ??0?$DrawFilledRectangleAnySize@GGHHMME@@QEAA@PEAG00HHH0HPEAHHH1EEEPEAMHPEAE02PEBH@Z 0000000180022440 f i insertShapeUtilsCore.obj
 0001:000215a0       ??0?$DrawFilledRectangleAnySize@MMHHMME@@QEAA@PEAM00HHH0HPEAHHH1EEE0HPEAE00PEBH@Z 00000001800225a0 f i insertShapeUtilsCore.obj
 0001:00021700       ??0?$DrawFilledRectangleAnySize@NNHHNNE@@QEAA@PEAN00HHH0HPEAHHH1EEE0HPEAE00PEBH@Z 0000000180022700 f i insertShapeUtilsCore.obj
 0001:00021860       ??0?$DrawLine@EEHHMMEE@@QEAA@PEAE00HHH0HPEAHHH1EEEPEAMH002@Z 0000000180022860 f i insertShapeUtilsCore.obj
 0001:000219a0       ??0?$DrawLine@EEHHMMEH@@QEAA@PEAE00HHH0HPEAHHH1EEEPEAMH002@Z 00000001800229a0 f i insertShapeUtilsCore.obj
 0001:00021ae0       ??0?$DrawLine@FFHHMMEE@@QEAA@PEAF00HHH0HPEAHHH1EEEPEAMHPEAE02@Z 0000000180022ae0 f i insertShapeUtilsCore.obj
 0001:00021c20       ??0?$DrawLine@FFHHMMEH@@QEAA@PEAF00HHH0HPEAHHH1EEEPEAMHPEAE02@Z 0000000180022c20 f i insertShapeUtilsCore.obj
 0001:00021d60       ??0?$DrawLine@GGHHMMEE@@QEAA@PEAG00HHH0HPEAHHH1EEEPEAMHPEAE02@Z 0000000180022d60 f i insertShapeUtilsCore.obj
 0001:00021ea0       ??0?$DrawLine@GGHHMMEH@@QEAA@PEAG00HHH0HPEAHHH1EEEPEAMHPEAE02@Z 0000000180022ea0 f i insertShapeUtilsCore.obj
 0001:00021fe0       ??0?$DrawLine@MMHHMMEE@@QEAA@PEAM00HHH0HPEAHHH1EEE0HPEAE00@Z 0000000180022fe0 f i insertShapeUtilsCore.obj
 0001:00022120       ??0?$DrawLine@MMHHMMEH@@QEAA@PEAM00HHH0HPEAHHH1EEE0HPEAE00@Z 0000000180023120 f i insertShapeUtilsCore.obj
 0001:00022260       ??0?$DrawLine@NNHHNNEE@@QEAA@PEAN00HHH0HPEAHHH1EEE0HPEAE00@Z 0000000180023260 f i insertShapeUtilsCore.obj
 0001:000223a0       ??0?$DrawLine@NNHHNNEH@@QEAA@PEAN00HHH0HPEAHHH1EEE0HPEAE00@Z 00000001800233a0 f i insertShapeUtilsCore.obj
 0001:000224e0       ??0?$DrawMarkerLine@EEHHMMEE@@QEAA@PEAE00HHH0HPEAHHH1EEEPEAMH002@Z 00000001800234e0 f i insertShapeUtilsCore.obj
 0001:00022620       ??0?$DrawMarkerLine@FFHHMMEE@@QEAA@PEAF00HHH0HPEAHHH1EEEPEAMHPEAE02@Z 0000000180023620 f i insertShapeUtilsCore.obj
 0001:00022760       ??0?$DrawMarkerLine@GGHHMMEE@@QEAA@PEAG00HHH0HPEAHHH1EEEPEAMHPEAE02@Z 0000000180023760 f i insertShapeUtilsCore.obj
 0001:000228a0       ??0?$DrawMarkerLine@MMHHMMEE@@QEAA@PEAM00HHH0HPEAHHH1EEE0HPEAE00@Z 00000001800238a0 f i insertShapeUtilsCore.obj
 0001:000229e0       ??0?$DrawMarkerLine@NNHHNNEE@@QEAA@PEAN00HHH0HPEAHHH1EEE0HPEAE00@Z 00000001800239e0 f i insertShapeUtilsCore.obj
 0001:00022b20       ??0?$DrawPolygon@EEHHMMEE@@QEAA@PEAE00HHH0HPEAHHH1EEEPEAMH00211@Z 0000000180023b20 f i insertShapeUtilsCore.obj
 0001:00022c90       ??0?$DrawPolygon@EEHHMMEH@@QEAA@PEAE00HHH0HPEAHHH1EEEPEAMH00211@Z 0000000180023c90 f i insertShapeUtilsCore.obj
 0001:00022e00       ??0?$DrawPolygon@FFHHMMEE@@QEAA@PEAF00HHH0HPEAHHH1EEEPEAMHPEAE0211@Z 0000000180023e00 f i insertShapeUtilsCore.obj
 0001:00022f70       ??0?$DrawPolygon@FFHHMMEH@@QEAA@PEAF00HHH0HPEAHHH1EEEPEAMHPEAE0211@Z 0000000180023f70 f i insertShapeUtilsCore.obj
 0001:000230e0       ??0?$DrawPolygon@GGHHMMEE@@QEAA@PEAG00HHH0HPEAHHH1EEEPEAMHPEAE0211@Z 00000001800240e0 f i insertShapeUtilsCore.obj
 0001:00023250       ??0?$DrawPolygon@GGHHMMEH@@QEAA@PEAG00HHH0HPEAHHH1EEEPEAMHPEAE0211@Z 0000000180024250 f i insertShapeUtilsCore.obj
 0001:000233c0       ??0?$DrawPolygon@MMHHMMEE@@QEAA@PEAM00HHH0HPEAHHH1EEE0HPEAE0011@Z 00000001800243c0 f i insertShapeUtilsCore.obj
 0001:00023530       ??0?$DrawPolygon@MMHHMMEH@@QEAA@PEAM00HHH0HPEAHHH1EEE0HPEAE0011@Z 0000000180024530 f i insertShapeUtilsCore.obj
 0001:000236a0       ??0?$DrawPolygon@NNHHNNEE@@QEAA@PEAN00HHH0HPEAHHH1EEE0HPEAE0011@Z 00000001800246a0 f i insertShapeUtilsCore.obj
 0001:00023810       ??0?$DrawPolygon@NNHHNNEH@@QEAA@PEAN00HHH0HPEAHHH1EEE0HPEAE0011@Z 0000000180024810 f i insertShapeUtilsCore.obj
 0001:00023980       ??0?$DrawRectangleAnySize@EEHHMME@@QEAA@PEAE00HHH0HPEAHHH1EEEPEAMH0021@Z 0000000180024980 f i insertShapeUtilsCore.obj
 0001:00023ae0       ??0?$DrawRectangleAnySize@FFHHMME@@QEAA@PEAF00HHH0HPEAHHH1EEEPEAMHPEAE021@Z 0000000180024ae0 f i insertShapeUtilsCore.obj
 0001:00023c40       ??0?$DrawRectangleAnySize@GGHHMME@@QEAA@PEAG00HHH0HPEAHHH1EEEPEAMHPEAE021@Z 0000000180024c40 f i insertShapeUtilsCore.obj
 0001:00023da0       ??0?$DrawRectangleAnySize@MMHHMME@@QEAA@PEAM00HHH0HPEAHHH1EEE0HPEAE001@Z 0000000180024da0 f i insertShapeUtilsCore.obj
 0001:00023f00       ??0?$DrawRectangleAnySize@NNHHNNE@@QEAA@PEAN00HHH0HPEAHHH1EEE0HPEAE001@Z 0000000180024f00 f i insertShapeUtilsCore.obj
 0001:00024060       ??0?$MidPointFullCircle@H@@QEAA@XZ 0000000180025060 f i insertShapeUtilsCore.obj
 0001:00024070       ??0?$Polygon@HHE@@QEAA@PEBHPEAH11HHHEE@Z 0000000180025070 f i insertShapeUtilsCore.obj
 0001:00024120       ??0?$Polygon@HHH@@QEAA@PEBHPEAH11HHHEE@Z 0000000180025120 f i insertShapeUtilsCore.obj
 0001:000241d0       ??0?$ScanLine@HHE@@QEAA@PEAV?$Polygon@HHE@@HHHH@Z 00000001800251d0 f i insertShapeUtilsCore.obj
 0001:00024260       ??0?$ScanLine@HHH@@QEAA@PEAV?$Polygon@HHH@@HHHH@Z 0000000180025260 f i insertShapeUtilsCore.obj
 0001:000242f0       ??0?$ScanLineBase@HHE@@QEAA@PEAV?$Polygon@HHE@@HHHH@Z 00000001800252f0 f i insertShapeUtilsCore.obj
 0001:00024380       ??0?$ScanLineBase@HHH@@QEAA@PEAV?$Polygon@HHH@@HHHH@Z 0000000180025380 f i insertShapeUtilsCore.obj
 0001:00024410       ??0DrawBase@@QEAA@XZ       0000000180025410 f i insertShapeUtilsCore.obj
 0001:00024430       ??1?$DrawAnyLine@EEHHMMEE@@UEAA@XZ 0000000180025430 f i insertShapeUtilsCore.obj
 0001:00024460       ??1?$DrawAnyLine@EEHHMMEH@@UEAA@XZ 0000000180025460 f i insertShapeUtilsCore.obj
 0001:00024490       ??1?$DrawAnyLine@FFHHMMEE@@UEAA@XZ 0000000180025490 f i insertShapeUtilsCore.obj
 0001:000244c0       ??1?$DrawAnyLine@FFHHMMEH@@UEAA@XZ 00000001800254c0 f i insertShapeUtilsCore.obj
 0001:000244f0       ??1?$DrawAnyLine@GGHHMMEE@@UEAA@XZ 00000001800254f0 f i insertShapeUtilsCore.obj
 0001:00024520       ??1?$DrawAnyLine@GGHHMMEH@@UEAA@XZ 0000000180025520 f i insertShapeUtilsCore.obj
 0001:00024550       ??1?$DrawAnyLine@MMHHMMEE@@UEAA@XZ 0000000180025550 f i insertShapeUtilsCore.obj
 0001:00024580       ??1?$DrawAnyLine@MMHHMMEH@@UEAA@XZ 0000000180025580 f i insertShapeUtilsCore.obj
 0001:000245b0       ??1?$DrawAnyLine@NNHHNNEE@@UEAA@XZ 00000001800255b0 f i insertShapeUtilsCore.obj
 0001:000245e0       ??1?$DrawAnyLine@NNHHNNEH@@UEAA@XZ 00000001800255e0 f i insertShapeUtilsCore.obj
 0001:00024610       ??1?$DrawCircle@EEHHMMEEE@@UEAA@XZ 0000000180025610 f i insertShapeUtilsCore.obj
 0001:00024630       ??1?$DrawCircle@EEHHMMEEH@@UEAA@XZ 0000000180025630 f i insertShapeUtilsCore.obj
 0001:00024650       ??1?$DrawCircle@EEHHMMEHE@@UEAA@XZ 0000000180025650 f i insertShapeUtilsCore.obj
 0001:00024670       ??1?$DrawCircle@EEHHMMEHH@@UEAA@XZ 0000000180025670 f i insertShapeUtilsCore.obj
 0001:00024690       ??1?$DrawCircle@FFHHMMEEE@@UEAA@XZ 0000000180025690 f i insertShapeUtilsCore.obj
 0001:000246b0       ??1?$DrawCircle@FFHHMMEEH@@UEAA@XZ 00000001800256b0 f i insertShapeUtilsCore.obj
 0001:000246d0       ??1?$DrawCircle@FFHHMMEHE@@UEAA@XZ 00000001800256d0 f i insertShapeUtilsCore.obj
 0001:000246f0       ??1?$DrawCircle@FFHHMMEHH@@UEAA@XZ 00000001800256f0 f i insertShapeUtilsCore.obj
 0001:00024710       ??1?$DrawCircle@GGHHMMEEE@@UEAA@XZ 0000000180025710 f i insertShapeUtilsCore.obj
 0001:00024730       ??1?$DrawCircle@GGHHMMEEH@@UEAA@XZ 0000000180025730 f i insertShapeUtilsCore.obj
 0001:00024750       ??1?$DrawCircle@GGHHMMEHE@@UEAA@XZ 0000000180025750 f i insertShapeUtilsCore.obj
 0001:00024770       ??1?$DrawCircle@GGHHMMEHH@@UEAA@XZ 0000000180025770 f i insertShapeUtilsCore.obj
 0001:00024790       ??1?$DrawCircle@MMHHMMEEE@@UEAA@XZ 0000000180025790 f i insertShapeUtilsCore.obj
 0001:000247b0       ??1?$DrawCircle@MMHHMMEEH@@UEAA@XZ 00000001800257b0 f i insertShapeUtilsCore.obj
 0001:000247d0       ??1?$DrawCircle@MMHHMMEHE@@UEAA@XZ 00000001800257d0 f i insertShapeUtilsCore.obj
 0001:000247f0       ??1?$DrawCircle@MMHHMMEHH@@UEAA@XZ 00000001800257f0 f i insertShapeUtilsCore.obj
 0001:00024810       ??1?$DrawCircle@NNHHNNEEE@@UEAA@XZ 0000000180025810 f i insertShapeUtilsCore.obj
 0001:00024830       ??1?$DrawCircle@NNHHNNEEH@@UEAA@XZ 0000000180025830 f i insertShapeUtilsCore.obj
 0001:00024850       ??1?$DrawCircle@NNHHNNEHE@@UEAA@XZ 0000000180025850 f i insertShapeUtilsCore.obj
 0001:00024870       ??1?$DrawCircle@NNHHNNEHH@@UEAA@XZ 0000000180025870 f i insertShapeUtilsCore.obj
 0001:00024890       ??1?$DrawCircleAnySize@EEHHMMEEE@@UEAA@XZ 0000000180025890 f i insertShapeUtilsCore.obj
 0001:000248c0       ??1?$DrawCircleAnySize@EEHHMMEEH@@UEAA@XZ 00000001800258c0 f i insertShapeUtilsCore.obj
 0001:000248f0       ??1?$DrawCircleAnySize@EEHHMMEHE@@UEAA@XZ 00000001800258f0 f i insertShapeUtilsCore.obj
 0001:00024920       ??1?$DrawCircleAnySize@EEHHMMEHH@@UEAA@XZ 0000000180025920 f i insertShapeUtilsCore.obj
 0001:00024950       ??1?$DrawCircleAnySize@FFHHMMEEE@@UEAA@XZ 0000000180025950 f i insertShapeUtilsCore.obj
 0001:00024980       ??1?$DrawCircleAnySize@FFHHMMEEH@@UEAA@XZ 0000000180025980 f i insertShapeUtilsCore.obj
 0001:000249b0       ??1?$DrawCircleAnySize@FFHHMMEHE@@UEAA@XZ 00000001800259b0 f i insertShapeUtilsCore.obj
 0001:000249e0       ??1?$DrawCircleAnySize@FFHHMMEHH@@UEAA@XZ 00000001800259e0 f i insertShapeUtilsCore.obj
 0001:00024a10       ??1?$DrawCircleAnySize@GGHHMMEEE@@UEAA@XZ 0000000180025a10 f i insertShapeUtilsCore.obj
 0001:00024a40       ??1?$DrawCircleAnySize@GGHHMMEEH@@UEAA@XZ 0000000180025a40 f i insertShapeUtilsCore.obj
 0001:00024a70       ??1?$DrawCircleAnySize@GGHHMMEHE@@UEAA@XZ 0000000180025a70 f i insertShapeUtilsCore.obj
 0001:00024aa0       ??1?$DrawCircleAnySize@GGHHMMEHH@@UEAA@XZ 0000000180025aa0 f i insertShapeUtilsCore.obj
 0001:00024ad0       ??1?$DrawCircleAnySize@MMHHMMEEE@@UEAA@XZ 0000000180025ad0 f i insertShapeUtilsCore.obj
 0001:00024b00       ??1?$DrawCircleAnySize@MMHHMMEEH@@UEAA@XZ 0000000180025b00 f i insertShapeUtilsCore.obj
 0001:00024b30       ??1?$DrawCircleAnySize@MMHHMMEHE@@UEAA@XZ 0000000180025b30 f i insertShapeUtilsCore.obj
 0001:00024b60       ??1?$DrawCircleAnySize@MMHHMMEHH@@UEAA@XZ 0000000180025b60 f i insertShapeUtilsCore.obj
 0001:00024b90       ??1?$DrawCircleAnySize@NNHHNNEEE@@UEAA@XZ 0000000180025b90 f i insertShapeUtilsCore.obj
 0001:00024bc0       ??1?$DrawCircleAnySize@NNHHNNEEH@@UEAA@XZ 0000000180025bc0 f i insertShapeUtilsCore.obj
 0001:00024bf0       ??1?$DrawCircleAnySize@NNHHNNEHE@@UEAA@XZ 0000000180025bf0 f i insertShapeUtilsCore.obj
 0001:00024c20       ??1?$DrawCircleAnySize@NNHHNNEHH@@UEAA@XZ 0000000180025c20 f i insertShapeUtilsCore.obj
 0001:00024c50       ??1?$DrawCommon@EEHHMMEE@@UEAA@XZ 0000000180025c50 f i insertShapeUtilsCore.obj
 0001:00024c80       ??1?$DrawCommon@EEHHMMEH@@UEAA@XZ 0000000180025c80 f i insertShapeUtilsCore.obj
 0001:00024cb0       ??1?$DrawCommon@FFHHMMEE@@UEAA@XZ 0000000180025cb0 f i insertShapeUtilsCore.obj
 0001:00024ce0       ??1?$DrawCommon@FFHHMMEH@@UEAA@XZ 0000000180025ce0 f i insertShapeUtilsCore.obj
 0001:00024d10       ??1?$DrawCommon@GGHHMMEE@@UEAA@XZ 0000000180025d10 f i insertShapeUtilsCore.obj
 0001:00024d40       ??1?$DrawCommon@GGHHMMEH@@UEAA@XZ 0000000180025d40 f i insertShapeUtilsCore.obj
 0001:00024d70       ??1?$DrawCommon@MMHHMMEE@@UEAA@XZ 0000000180025d70 f i insertShapeUtilsCore.obj
 0001:00024da0       ??1?$DrawCommon@MMHHMMEH@@UEAA@XZ 0000000180025da0 f i insertShapeUtilsCore.obj
 0001:00024dd0       ??1?$DrawCommon@NNHHNNEE@@UEAA@XZ 0000000180025dd0 f i insertShapeUtilsCore.obj
 0001:00024e00       ??1?$DrawCommon@NNHHNNEH@@UEAA@XZ 0000000180025e00 f i insertShapeUtilsCore.obj
 0001:00024e30       ??1?$DrawFilledPolygon@EEHHMMEE@@UEAA@XZ 0000000180025e30 f i insertShapeUtilsCore.obj
 0001:00024eb0       ??1?$DrawFilledPolygon@EEHHMMEH@@UEAA@XZ 0000000180025eb0 f i insertShapeUtilsCore.obj
 0001:00024f30       ??1?$DrawFilledPolygon@FFHHMMEE@@UEAA@XZ 0000000180025f30 f i insertShapeUtilsCore.obj
 0001:00024fb0       ??1?$DrawFilledPolygon@FFHHMMEH@@UEAA@XZ 0000000180025fb0 f i insertShapeUtilsCore.obj
 0001:00025030       ??1?$DrawFilledPolygon@GGHHMMEE@@UEAA@XZ 0000000180026030 f i insertShapeUtilsCore.obj
 0001:000250b0       ??1?$DrawFilledPolygon@GGHHMMEH@@UEAA@XZ 00000001800260b0 f i insertShapeUtilsCore.obj
 0001:00025130       ??1?$DrawFilledPolygon@MMHHMMEE@@UEAA@XZ 0000000180026130 f i insertShapeUtilsCore.obj
 0001:000251b0       ??1?$DrawFilledPolygon@MMHHMMEH@@UEAA@XZ 00000001800261b0 f i insertShapeUtilsCore.obj
 0001:00025230       ??1?$DrawFilledPolygon@NNHHNNEE@@UEAA@XZ 0000000180026230 f i insertShapeUtilsCore.obj
 0001:000252b0       ??1?$DrawFilledPolygon@NNHHNNEH@@UEAA@XZ 00000001800262b0 f i insertShapeUtilsCore.obj
 0001:00025330       ??1?$DrawFilledRectangle@EEHHMME@@UEAA@XZ 0000000180026330 f i insertShapeUtilsCore.obj
 0001:00025350       ??1?$DrawFilledRectangle@FFHHMME@@UEAA@XZ 0000000180026350 f i insertShapeUtilsCore.obj
 0001:00025370       ??1?$DrawFilledRectangle@GGHHMME@@UEAA@XZ 0000000180026370 f i insertShapeUtilsCore.obj
 0001:00025390       ??1?$DrawFilledRectangle@MMHHMME@@UEAA@XZ 0000000180026390 f i insertShapeUtilsCore.obj
 0001:000253b0       ??1?$DrawFilledRectangle@NNHHNNE@@UEAA@XZ 00000001800263b0 f i insertShapeUtilsCore.obj
 0001:000253d0       ??1?$DrawFilledRectangleAnySize@EEHHMME@@UEAA@XZ 00000001800263d0 f i insertShapeUtilsCore.obj
 0001:00025400       ??1?$DrawFilledRectangleAnySize@FFHHMME@@UEAA@XZ 0000000180026400 f i insertShapeUtilsCore.obj
 0001:00025430       ??1?$DrawFilledRectangleAnySize@GGHHMME@@UEAA@XZ 0000000180026430 f i insertShapeUtilsCore.obj
 0001:00025460       ??1?$DrawFilledRectangleAnySize@MMHHMME@@UEAA@XZ 0000000180026460 f i insertShapeUtilsCore.obj
 0001:00025490       ??1?$DrawFilledRectangleAnySize@NNHHNNE@@UEAA@XZ 0000000180026490 f i insertShapeUtilsCore.obj
 0001:000254c0       ??1?$DrawLine@EEHHMMEE@@UEAA@XZ 00000001800264c0 f i insertShapeUtilsCore.obj
 0001:000254f0       ??1?$DrawLine@EEHHMMEH@@UEAA@XZ 00000001800264f0 f i insertShapeUtilsCore.obj
 0001:00025520       ??1?$DrawLine@FFHHMMEE@@UEAA@XZ 0000000180026520 f i insertShapeUtilsCore.obj
 0001:00025550       ??1?$DrawLine@FFHHMMEH@@UEAA@XZ 0000000180026550 f i insertShapeUtilsCore.obj
 0001:00025580       ??1?$DrawLine@GGHHMMEE@@UEAA@XZ 0000000180026580 f i insertShapeUtilsCore.obj
 0001:000255b0       ??1?$DrawLine@GGHHMMEH@@UEAA@XZ 00000001800265b0 f i insertShapeUtilsCore.obj
 0001:000255e0       ??1?$DrawLine@MMHHMMEE@@UEAA@XZ 00000001800265e0 f i insertShapeUtilsCore.obj
 0001:00025610       ??1?$DrawLine@MMHHMMEH@@UEAA@XZ 0000000180026610 f i insertShapeUtilsCore.obj
 0001:00025640       ??1?$DrawLine@NNHHNNEE@@UEAA@XZ 0000000180026640 f i insertShapeUtilsCore.obj
 0001:00025670       ??1?$DrawLine@NNHHNNEH@@UEAA@XZ 0000000180026670 f i insertShapeUtilsCore.obj
 0001:000256a0       ??1?$DrawMarkerLine@EEHHMMEE@@UEAA@XZ 00000001800266a0 f i insertShapeUtilsCore.obj
 0001:000256c0       ??1?$DrawMarkerLine@FFHHMMEE@@UEAA@XZ 00000001800266c0 f i insertShapeUtilsCore.obj
 0001:000256e0       ??1?$DrawMarkerLine@GGHHMMEE@@UEAA@XZ 00000001800266e0 f i insertShapeUtilsCore.obj
 0001:00025700       ??1?$DrawMarkerLine@MMHHMMEE@@UEAA@XZ 0000000180026700 f i insertShapeUtilsCore.obj
 0001:00025720       ??1?$DrawMarkerLine@NNHHNNEE@@UEAA@XZ 0000000180026720 f i insertShapeUtilsCore.obj
 0001:00025740       ??1?$DrawPolygon@EEHHMMEE@@UEAA@XZ 0000000180026740 f i insertShapeUtilsCore.obj
 0001:00025770       ??1?$DrawPolygon@EEHHMMEH@@UEAA@XZ 0000000180026770 f i insertShapeUtilsCore.obj
 0001:000257a0       ??1?$DrawPolygon@FFHHMMEE@@UEAA@XZ 00000001800267a0 f i insertShapeUtilsCore.obj
 0001:000257d0       ??1?$DrawPolygon@FFHHMMEH@@UEAA@XZ 00000001800267d0 f i insertShapeUtilsCore.obj
 0001:00025800       ??1?$DrawPolygon@GGHHMMEE@@UEAA@XZ 0000000180026800 f i insertShapeUtilsCore.obj
 0001:00025830       ??1?$DrawPolygon@GGHHMMEH@@UEAA@XZ 0000000180026830 f i insertShapeUtilsCore.obj
 0001:00025860       ??1?$DrawPolygon@MMHHMMEE@@UEAA@XZ 0000000180026860 f i insertShapeUtilsCore.obj
 0001:00025890       ??1?$DrawPolygon@MMHHMMEH@@UEAA@XZ 0000000180026890 f i insertShapeUtilsCore.obj
 0001:000258c0       ??1?$DrawPolygon@NNHHNNEE@@UEAA@XZ 00000001800268c0 f i insertShapeUtilsCore.obj
 0001:000258f0       ??1?$DrawPolygon@NNHHNNEH@@UEAA@XZ 00000001800268f0 f i insertShapeUtilsCore.obj
 0001:00025920       ??1?$DrawRectangleAnySize@EEHHMME@@UEAA@XZ 0000000180026920 f i insertShapeUtilsCore.obj
 0001:00025950       ??1?$DrawRectangleAnySize@FFHHMME@@UEAA@XZ 0000000180026950 f i insertShapeUtilsCore.obj
 0001:00025980       ??1?$DrawRectangleAnySize@GGHHMME@@UEAA@XZ 0000000180026980 f i insertShapeUtilsCore.obj
 0001:000259b0       ??1?$DrawRectangleAnySize@MMHHMME@@UEAA@XZ 00000001800269b0 f i insertShapeUtilsCore.obj
 0001:000259e0       ??1?$DrawRectangleAnySize@NNHHNNE@@UEAA@XZ 00000001800269e0 f i insertShapeUtilsCore.obj
 0001:00025a10       ??1?$ScanLine@HHE@@UEAA@XZ 0000000180026a10 f i insertShapeUtilsCore.obj
 0001:00025a30       ??1?$ScanLine@HHH@@UEAA@XZ 0000000180026a30 f i insertShapeUtilsCore.obj
 0001:00025a50       ??1?$ScanLineBase@HHE@@UEAA@XZ 0000000180026a50 f i insertShapeUtilsCore.obj
 0001:00025aa0       ??1?$ScanLineBase@HHH@@UEAA@XZ 0000000180026aa0 f i insertShapeUtilsCore.obj
 0001:00025af0       ??1DrawBase@@UEAA@XZ       0000000180026af0 f i insertShapeUtilsCore.obj
 0001:00025b10       ??_E?$DrawAnyLine@EEHHMMEE@@UEAAPEAXI@Z 0000000180026b10 f i insertShapeUtilsCore.obj
 0001:00025b10       ??_G?$DrawAnyLine@EEHHMMEE@@UEAAPEAXI@Z 0000000180026b10 f i insertShapeUtilsCore.obj
 0001:00025b50       ??_E?$DrawAnyLine@EEHHMMEH@@UEAAPEAXI@Z 0000000180026b50 f i insertShapeUtilsCore.obj
 0001:00025b50       ??_G?$DrawAnyLine@EEHHMMEH@@UEAAPEAXI@Z 0000000180026b50 f i insertShapeUtilsCore.obj
 0001:00025b90       ??_E?$DrawAnyLine@FFHHMMEE@@UEAAPEAXI@Z 0000000180026b90 f i insertShapeUtilsCore.obj
 0001:00025b90       ??_G?$DrawAnyLine@FFHHMMEE@@UEAAPEAXI@Z 0000000180026b90 f i insertShapeUtilsCore.obj
 0001:00025bd0       ??_G?$DrawAnyLine@FFHHMMEH@@UEAAPEAXI@Z 0000000180026bd0 f i insertShapeUtilsCore.obj
 0001:00025bd0       ??_E?$DrawAnyLine@FFHHMMEH@@UEAAPEAXI@Z 0000000180026bd0 f i insertShapeUtilsCore.obj
 0001:00025c10       ??_E?$DrawAnyLine@GGHHMMEE@@UEAAPEAXI@Z 0000000180026c10 f i insertShapeUtilsCore.obj
 0001:00025c10       ??_G?$DrawAnyLine@GGHHMMEE@@UEAAPEAXI@Z 0000000180026c10 f i insertShapeUtilsCore.obj
 0001:00025c50       ??_G?$DrawAnyLine@GGHHMMEH@@UEAAPEAXI@Z 0000000180026c50 f i insertShapeUtilsCore.obj
 0001:00025c50       ??_E?$DrawAnyLine@GGHHMMEH@@UEAAPEAXI@Z 0000000180026c50 f i insertShapeUtilsCore.obj
 0001:00025c90       ??_G?$DrawAnyLine@MMHHMMEE@@UEAAPEAXI@Z 0000000180026c90 f i insertShapeUtilsCore.obj
 0001:00025c90       ??_E?$DrawAnyLine@MMHHMMEE@@UEAAPEAXI@Z 0000000180026c90 f i insertShapeUtilsCore.obj
 0001:00025cd0       ??_E?$DrawAnyLine@MMHHMMEH@@UEAAPEAXI@Z 0000000180026cd0 f i insertShapeUtilsCore.obj
 0001:00025cd0       ??_G?$DrawAnyLine@MMHHMMEH@@UEAAPEAXI@Z 0000000180026cd0 f i insertShapeUtilsCore.obj
 0001:00025d10       ??_G?$DrawAnyLine@NNHHNNEE@@UEAAPEAXI@Z 0000000180026d10 f i insertShapeUtilsCore.obj
 0001:00025d10       ??_E?$DrawAnyLine@NNHHNNEE@@UEAAPEAXI@Z 0000000180026d10 f i insertShapeUtilsCore.obj
 0001:00025d50       ??_E?$DrawAnyLine@NNHHNNEH@@UEAAPEAXI@Z 0000000180026d50 f i insertShapeUtilsCore.obj
 0001:00025d50       ??_G?$DrawAnyLine@NNHHNNEH@@UEAAPEAXI@Z 0000000180026d50 f i insertShapeUtilsCore.obj
 0001:00025d90       ??_G?$DrawCircle@EEHHMMEEE@@UEAAPEAXI@Z 0000000180026d90 f i insertShapeUtilsCore.obj
 0001:00025d90       ??_E?$DrawCircle@EEHHMMEEE@@UEAAPEAXI@Z 0000000180026d90 f i insertShapeUtilsCore.obj
 0001:00025dd0       ??_E?$DrawCircle@EEHHMMEEH@@UEAAPEAXI@Z 0000000180026dd0 f i insertShapeUtilsCore.obj
 0001:00025dd0       ??_G?$DrawCircle@EEHHMMEEH@@UEAAPEAXI@Z 0000000180026dd0 f i insertShapeUtilsCore.obj
 0001:00025e10       ??_G?$DrawCircle@EEHHMMEHE@@UEAAPEAXI@Z 0000000180026e10 f i insertShapeUtilsCore.obj
 0001:00025e10       ??_E?$DrawCircle@EEHHMMEHE@@UEAAPEAXI@Z 0000000180026e10 f i insertShapeUtilsCore.obj
 0001:00025e50       ??_G?$DrawCircle@EEHHMMEHH@@UEAAPEAXI@Z 0000000180026e50 f i insertShapeUtilsCore.obj
 0001:00025e50       ??_E?$DrawCircle@EEHHMMEHH@@UEAAPEAXI@Z 0000000180026e50 f i insertShapeUtilsCore.obj
 0001:00025e90       ??_E?$DrawCircle@FFHHMMEEE@@UEAAPEAXI@Z 0000000180026e90 f i insertShapeUtilsCore.obj
 0001:00025e90       ??_G?$DrawCircle@FFHHMMEEE@@UEAAPEAXI@Z 0000000180026e90 f i insertShapeUtilsCore.obj
 0001:00025ed0       ??_E?$DrawCircle@FFHHMMEEH@@UEAAPEAXI@Z 0000000180026ed0 f i insertShapeUtilsCore.obj
 0001:00025ed0       ??_G?$DrawCircle@FFHHMMEEH@@UEAAPEAXI@Z 0000000180026ed0 f i insertShapeUtilsCore.obj
 0001:00025f10       ??_G?$DrawCircle@FFHHMMEHE@@UEAAPEAXI@Z 0000000180026f10 f i insertShapeUtilsCore.obj
 0001:00025f10       ??_E?$DrawCircle@FFHHMMEHE@@UEAAPEAXI@Z 0000000180026f10 f i insertShapeUtilsCore.obj
 0001:00025f50       ??_E?$DrawCircle@FFHHMMEHH@@UEAAPEAXI@Z 0000000180026f50 f i insertShapeUtilsCore.obj
 0001:00025f50       ??_G?$DrawCircle@FFHHMMEHH@@UEAAPEAXI@Z 0000000180026f50 f i insertShapeUtilsCore.obj
 0001:00025f90       ??_G?$DrawCircle@GGHHMMEEE@@UEAAPEAXI@Z 0000000180026f90 f i insertShapeUtilsCore.obj
 0001:00025f90       ??_E?$DrawCircle@GGHHMMEEE@@UEAAPEAXI@Z 0000000180026f90 f i insertShapeUtilsCore.obj
 0001:00025fd0       ??_G?$DrawCircle@GGHHMMEEH@@UEAAPEAXI@Z 0000000180026fd0 f i insertShapeUtilsCore.obj
 0001:00025fd0       ??_E?$DrawCircle@GGHHMMEEH@@UEAAPEAXI@Z 0000000180026fd0 f i insertShapeUtilsCore.obj
 0001:00026010       ??_G?$DrawCircle@GGHHMMEHE@@UEAAPEAXI@Z 0000000180027010 f i insertShapeUtilsCore.obj
 0001:00026010       ??_E?$DrawCircle@GGHHMMEHE@@UEAAPEAXI@Z 0000000180027010 f i insertShapeUtilsCore.obj
 0001:00026050       ??_E?$DrawCircle@GGHHMMEHH@@UEAAPEAXI@Z 0000000180027050 f i insertShapeUtilsCore.obj
 0001:00026050       ??_G?$DrawCircle@GGHHMMEHH@@UEAAPEAXI@Z 0000000180027050 f i insertShapeUtilsCore.obj
 0001:00026090       ??_G?$DrawCircle@MMHHMMEEE@@UEAAPEAXI@Z 0000000180027090 f i insertShapeUtilsCore.obj
 0001:00026090       ??_E?$DrawCircle@MMHHMMEEE@@UEAAPEAXI@Z 0000000180027090 f i insertShapeUtilsCore.obj
 0001:000260d0       ??_G?$DrawCircle@MMHHMMEEH@@UEAAPEAXI@Z 00000001800270d0 f i insertShapeUtilsCore.obj
 0001:000260d0       ??_E?$DrawCircle@MMHHMMEEH@@UEAAPEAXI@Z 00000001800270d0 f i insertShapeUtilsCore.obj
 0001:00026110       ??_E?$DrawCircle@MMHHMMEHE@@UEAAPEAXI@Z 0000000180027110 f i insertShapeUtilsCore.obj
 0001:00026110       ??_G?$DrawCircle@MMHHMMEHE@@UEAAPEAXI@Z 0000000180027110 f i insertShapeUtilsCore.obj
 0001:00026150       ??_G?$DrawCircle@MMHHMMEHH@@UEAAPEAXI@Z 0000000180027150 f i insertShapeUtilsCore.obj
 0001:00026150       ??_E?$DrawCircle@MMHHMMEHH@@UEAAPEAXI@Z 0000000180027150 f i insertShapeUtilsCore.obj
 0001:00026190       ??_E?$DrawCircle@NNHHNNEEE@@UEAAPEAXI@Z 0000000180027190 f i insertShapeUtilsCore.obj
 0001:00026190       ??_G?$DrawCircle@NNHHNNEEE@@UEAAPEAXI@Z 0000000180027190 f i insertShapeUtilsCore.obj
 0001:000261d0       ??_G?$DrawCircle@NNHHNNEEH@@UEAAPEAXI@Z 00000001800271d0 f i insertShapeUtilsCore.obj
 0001:000261d0       ??_E?$DrawCircle@NNHHNNEEH@@UEAAPEAXI@Z 00000001800271d0 f i insertShapeUtilsCore.obj
 0001:00026210       ??_E?$DrawCircle@NNHHNNEHE@@UEAAPEAXI@Z 0000000180027210 f i insertShapeUtilsCore.obj
 0001:00026210       ??_G?$DrawCircle@NNHHNNEHE@@UEAAPEAXI@Z 0000000180027210 f i insertShapeUtilsCore.obj
 0001:00026250       ??_G?$DrawCircle@NNHHNNEHH@@UEAAPEAXI@Z 0000000180027250 f i insertShapeUtilsCore.obj
 0001:00026250       ??_E?$DrawCircle@NNHHNNEHH@@UEAAPEAXI@Z 0000000180027250 f i insertShapeUtilsCore.obj
 0001:00026290       ??_E?$DrawCircleAnySize@EEHHMMEEE@@UEAAPEAXI@Z 0000000180027290 f i insertShapeUtilsCore.obj
 0001:00026290       ??_G?$DrawCircleAnySize@EEHHMMEEE@@UEAAPEAXI@Z 0000000180027290 f i insertShapeUtilsCore.obj
 0001:000262d0       ??_E?$DrawCircleAnySize@EEHHMMEEH@@UEAAPEAXI@Z 00000001800272d0 f i insertShapeUtilsCore.obj
 0001:000262d0       ??_G?$DrawCircleAnySize@EEHHMMEEH@@UEAAPEAXI@Z 00000001800272d0 f i insertShapeUtilsCore.obj
 0001:00026310       ??_E?$DrawCircleAnySize@EEHHMMEHE@@UEAAPEAXI@Z 0000000180027310 f i insertShapeUtilsCore.obj
 0001:00026310       ??_G?$DrawCircleAnySize@EEHHMMEHE@@UEAAPEAXI@Z 0000000180027310 f i insertShapeUtilsCore.obj
 0001:00026350       ??_E?$DrawCircleAnySize@EEHHMMEHH@@UEAAPEAXI@Z 0000000180027350 f i insertShapeUtilsCore.obj
 0001:00026350       ??_G?$DrawCircleAnySize@EEHHMMEHH@@UEAAPEAXI@Z 0000000180027350 f i insertShapeUtilsCore.obj
 0001:00026390       ??_E?$DrawCircleAnySize@FFHHMMEEE@@UEAAPEAXI@Z 0000000180027390 f i insertShapeUtilsCore.obj
 0001:00026390       ??_G?$DrawCircleAnySize@FFHHMMEEE@@UEAAPEAXI@Z 0000000180027390 f i insertShapeUtilsCore.obj
 0001:000263d0       ??_E?$DrawCircleAnySize@FFHHMMEEH@@UEAAPEAXI@Z 00000001800273d0 f i insertShapeUtilsCore.obj
 0001:000263d0       ??_G?$DrawCircleAnySize@FFHHMMEEH@@UEAAPEAXI@Z 00000001800273d0 f i insertShapeUtilsCore.obj
 0001:00026410       ??_G?$DrawCircleAnySize@FFHHMMEHE@@UEAAPEAXI@Z 0000000180027410 f i insertShapeUtilsCore.obj
 0001:00026410       ??_E?$DrawCircleAnySize@FFHHMMEHE@@UEAAPEAXI@Z 0000000180027410 f i insertShapeUtilsCore.obj
 0001:00026450       ??_E?$DrawCircleAnySize@FFHHMMEHH@@UEAAPEAXI@Z 0000000180027450 f i insertShapeUtilsCore.obj
 0001:00026450       ??_G?$DrawCircleAnySize@FFHHMMEHH@@UEAAPEAXI@Z 0000000180027450 f i insertShapeUtilsCore.obj
 0001:00026490       ??_E?$DrawCircleAnySize@GGHHMMEEE@@UEAAPEAXI@Z 0000000180027490 f i insertShapeUtilsCore.obj
 0001:00026490       ??_G?$DrawCircleAnySize@GGHHMMEEE@@UEAAPEAXI@Z 0000000180027490 f i insertShapeUtilsCore.obj
 0001:000264d0       ??_G?$DrawCircleAnySize@GGHHMMEEH@@UEAAPEAXI@Z 00000001800274d0 f i insertShapeUtilsCore.obj
 0001:000264d0       ??_E?$DrawCircleAnySize@GGHHMMEEH@@UEAAPEAXI@Z 00000001800274d0 f i insertShapeUtilsCore.obj
 0001:00026510       ??_E?$DrawCircleAnySize@GGHHMMEHE@@UEAAPEAXI@Z 0000000180027510 f i insertShapeUtilsCore.obj
 0001:00026510       ??_G?$DrawCircleAnySize@GGHHMMEHE@@UEAAPEAXI@Z 0000000180027510 f i insertShapeUtilsCore.obj
 0001:00026550       ??_G?$DrawCircleAnySize@GGHHMMEHH@@UEAAPEAXI@Z 0000000180027550 f i insertShapeUtilsCore.obj
 0001:00026550       ??_E?$DrawCircleAnySize@GGHHMMEHH@@UEAAPEAXI@Z 0000000180027550 f i insertShapeUtilsCore.obj
 0001:00026590       ??_G?$DrawCircleAnySize@MMHHMMEEE@@UEAAPEAXI@Z 0000000180027590 f i insertShapeUtilsCore.obj
 0001:00026590       ??_E?$DrawCircleAnySize@MMHHMMEEE@@UEAAPEAXI@Z 0000000180027590 f i insertShapeUtilsCore.obj
 0001:000265d0       ??_G?$DrawCircleAnySize@MMHHMMEEH@@UEAAPEAXI@Z 00000001800275d0 f i insertShapeUtilsCore.obj
 0001:000265d0       ??_E?$DrawCircleAnySize@MMHHMMEEH@@UEAAPEAXI@Z 00000001800275d0 f i insertShapeUtilsCore.obj
 0001:00026610       ??_G?$DrawCircleAnySize@MMHHMMEHE@@UEAAPEAXI@Z 0000000180027610 f i insertShapeUtilsCore.obj
 0001:00026610       ??_E?$DrawCircleAnySize@MMHHMMEHE@@UEAAPEAXI@Z 0000000180027610 f i insertShapeUtilsCore.obj
 0001:00026650       ??_E?$DrawCircleAnySize@MMHHMMEHH@@UEAAPEAXI@Z 0000000180027650 f i insertShapeUtilsCore.obj
 0001:00026650       ??_G?$DrawCircleAnySize@MMHHMMEHH@@UEAAPEAXI@Z 0000000180027650 f i insertShapeUtilsCore.obj
 0001:00026690       ??_E?$DrawCircleAnySize@NNHHNNEEE@@UEAAPEAXI@Z 0000000180027690 f i insertShapeUtilsCore.obj
 0001:00026690       ??_G?$DrawCircleAnySize@NNHHNNEEE@@UEAAPEAXI@Z 0000000180027690 f i insertShapeUtilsCore.obj
 0001:000266d0       ??_E?$DrawCircleAnySize@NNHHNNEEH@@UEAAPEAXI@Z 00000001800276d0 f i insertShapeUtilsCore.obj
 0001:000266d0       ??_G?$DrawCircleAnySize@NNHHNNEEH@@UEAAPEAXI@Z 00000001800276d0 f i insertShapeUtilsCore.obj
 0001:00026710       ??_G?$DrawCircleAnySize@NNHHNNEHE@@UEAAPEAXI@Z 0000000180027710 f i insertShapeUtilsCore.obj
 0001:00026710       ??_E?$DrawCircleAnySize@NNHHNNEHE@@UEAAPEAXI@Z 0000000180027710 f i insertShapeUtilsCore.obj
 0001:00026750       ??_G?$DrawCircleAnySize@NNHHNNEHH@@UEAAPEAXI@Z 0000000180027750 f i insertShapeUtilsCore.obj
 0001:00026750       ??_E?$DrawCircleAnySize@NNHHNNEHH@@UEAAPEAXI@Z 0000000180027750 f i insertShapeUtilsCore.obj
 0001:00026790       ??_G?$DrawCommon@EEHHMMEE@@UEAAPEAXI@Z 0000000180027790 f i insertShapeUtilsCore.obj
 0001:00026790       ??_E?$DrawCommon@EEHHMMEE@@UEAAPEAXI@Z 0000000180027790 f i insertShapeUtilsCore.obj
 0001:000267d0       ??_G?$DrawCommon@EEHHMMEH@@UEAAPEAXI@Z 00000001800277d0 f i insertShapeUtilsCore.obj
 0001:000267d0       ??_E?$DrawCommon@EEHHMMEH@@UEAAPEAXI@Z 00000001800277d0 f i insertShapeUtilsCore.obj
 0001:00026810       ??_E?$DrawCommon@FFHHMMEE@@UEAAPEAXI@Z 0000000180027810 f i insertShapeUtilsCore.obj
 0001:00026810       ??_G?$DrawCommon@FFHHMMEE@@UEAAPEAXI@Z 0000000180027810 f i insertShapeUtilsCore.obj
 0001:00026850       ??_E?$DrawCommon@FFHHMMEH@@UEAAPEAXI@Z 0000000180027850 f i insertShapeUtilsCore.obj
 0001:00026850       ??_G?$DrawCommon@FFHHMMEH@@UEAAPEAXI@Z 0000000180027850 f i insertShapeUtilsCore.obj
 0001:00026890       ??_E?$DrawCommon@GGHHMMEE@@UEAAPEAXI@Z 0000000180027890 f i insertShapeUtilsCore.obj
 0001:00026890       ??_G?$DrawCommon@GGHHMMEE@@UEAAPEAXI@Z 0000000180027890 f i insertShapeUtilsCore.obj
 0001:000268d0       ??_E?$DrawCommon@GGHHMMEH@@UEAAPEAXI@Z 00000001800278d0 f i insertShapeUtilsCore.obj
 0001:000268d0       ??_G?$DrawCommon@GGHHMMEH@@UEAAPEAXI@Z 00000001800278d0 f i insertShapeUtilsCore.obj
 0001:00026910       ??_G?$DrawCommon@MMHHMMEE@@UEAAPEAXI@Z 0000000180027910 f i insertShapeUtilsCore.obj
 0001:00026910       ??_E?$DrawCommon@MMHHMMEE@@UEAAPEAXI@Z 0000000180027910 f i insertShapeUtilsCore.obj
 0001:00026950       ??_E?$DrawCommon@MMHHMMEH@@UEAAPEAXI@Z 0000000180027950 f i insertShapeUtilsCore.obj
 0001:00026950       ??_G?$DrawCommon@MMHHMMEH@@UEAAPEAXI@Z 0000000180027950 f i insertShapeUtilsCore.obj
 0001:00026990       ??_E?$DrawCommon@NNHHNNEE@@UEAAPEAXI@Z 0000000180027990 f i insertShapeUtilsCore.obj
 0001:00026990       ??_G?$DrawCommon@NNHHNNEE@@UEAAPEAXI@Z 0000000180027990 f i insertShapeUtilsCore.obj
 0001:000269d0       ??_G?$DrawCommon@NNHHNNEH@@UEAAPEAXI@Z 00000001800279d0 f i insertShapeUtilsCore.obj
 0001:000269d0       ??_E?$DrawCommon@NNHHNNEH@@UEAAPEAXI@Z 00000001800279d0 f i insertShapeUtilsCore.obj
 0001:00026a10       ??_G?$DrawFilledPolygon@EEHHMMEE@@UEAAPEAXI@Z 0000000180027a10 f i insertShapeUtilsCore.obj
 0001:00026a10       ??_E?$DrawFilledPolygon@EEHHMMEE@@UEAAPEAXI@Z 0000000180027a10 f i insertShapeUtilsCore.obj
 0001:00026a50       ??_E?$DrawFilledPolygon@EEHHMMEH@@UEAAPEAXI@Z 0000000180027a50 f i insertShapeUtilsCore.obj
 0001:00026a50       ??_G?$DrawFilledPolygon@EEHHMMEH@@UEAAPEAXI@Z 0000000180027a50 f i insertShapeUtilsCore.obj
 0001:00026a90       ??_E?$DrawFilledPolygon@FFHHMMEE@@UEAAPEAXI@Z 0000000180027a90 f i insertShapeUtilsCore.obj
 0001:00026a90       ??_G?$DrawFilledPolygon@FFHHMMEE@@UEAAPEAXI@Z 0000000180027a90 f i insertShapeUtilsCore.obj
 0001:00026ad0       ??_E?$DrawFilledPolygon@FFHHMMEH@@UEAAPEAXI@Z 0000000180027ad0 f i insertShapeUtilsCore.obj
 0001:00026ad0       ??_G?$DrawFilledPolygon@FFHHMMEH@@UEAAPEAXI@Z 0000000180027ad0 f i insertShapeUtilsCore.obj
 0001:00026b10       ??_E?$DrawFilledPolygon@GGHHMMEE@@UEAAPEAXI@Z 0000000180027b10 f i insertShapeUtilsCore.obj
 0001:00026b10       ??_G?$DrawFilledPolygon@GGHHMMEE@@UEAAPEAXI@Z 0000000180027b10 f i insertShapeUtilsCore.obj
 0001:00026b50       ??_G?$DrawFilledPolygon@GGHHMMEH@@UEAAPEAXI@Z 0000000180027b50 f i insertShapeUtilsCore.obj
 0001:00026b50       ??_E?$DrawFilledPolygon@GGHHMMEH@@UEAAPEAXI@Z 0000000180027b50 f i insertShapeUtilsCore.obj
 0001:00026b90       ??_G?$DrawFilledPolygon@MMHHMMEE@@UEAAPEAXI@Z 0000000180027b90 f i insertShapeUtilsCore.obj
 0001:00026b90       ??_E?$DrawFilledPolygon@MMHHMMEE@@UEAAPEAXI@Z 0000000180027b90 f i insertShapeUtilsCore.obj
 0001:00026bd0       ??_E?$DrawFilledPolygon@MMHHMMEH@@UEAAPEAXI@Z 0000000180027bd0 f i insertShapeUtilsCore.obj
 0001:00026bd0       ??_G?$DrawFilledPolygon@MMHHMMEH@@UEAAPEAXI@Z 0000000180027bd0 f i insertShapeUtilsCore.obj
 0001:00026c10       ??_E?$DrawFilledPolygon@NNHHNNEE@@UEAAPEAXI@Z 0000000180027c10 f i insertShapeUtilsCore.obj
 0001:00026c10       ??_G?$DrawFilledPolygon@NNHHNNEE@@UEAAPEAXI@Z 0000000180027c10 f i insertShapeUtilsCore.obj
 0001:00026c50       ??_G?$DrawFilledPolygon@NNHHNNEH@@UEAAPEAXI@Z 0000000180027c50 f i insertShapeUtilsCore.obj
 0001:00026c50       ??_E?$DrawFilledPolygon@NNHHNNEH@@UEAAPEAXI@Z 0000000180027c50 f i insertShapeUtilsCore.obj
 0001:00026c90       ??_E?$DrawFilledRectangle@EEHHMME@@UEAAPEAXI@Z 0000000180027c90 f i insertShapeUtilsCore.obj
 0001:00026c90       ??_G?$DrawFilledRectangle@EEHHMME@@UEAAPEAXI@Z 0000000180027c90 f i insertShapeUtilsCore.obj
 0001:00026cd0       ??_G?$DrawFilledRectangle@FFHHMME@@UEAAPEAXI@Z 0000000180027cd0 f i insertShapeUtilsCore.obj
 0001:00026cd0       ??_E?$DrawFilledRectangle@FFHHMME@@UEAAPEAXI@Z 0000000180027cd0 f i insertShapeUtilsCore.obj
 0001:00026d10       ??_E?$DrawFilledRectangle@GGHHMME@@UEAAPEAXI@Z 0000000180027d10 f i insertShapeUtilsCore.obj
 0001:00026d10       ??_G?$DrawFilledRectangle@GGHHMME@@UEAAPEAXI@Z 0000000180027d10 f i insertShapeUtilsCore.obj
 0001:00026d50       ??_G?$DrawFilledRectangle@MMHHMME@@UEAAPEAXI@Z 0000000180027d50 f i insertShapeUtilsCore.obj
 0001:00026d50       ??_E?$DrawFilledRectangle@MMHHMME@@UEAAPEAXI@Z 0000000180027d50 f i insertShapeUtilsCore.obj
 0001:00026d90       ??_E?$DrawFilledRectangle@NNHHNNE@@UEAAPEAXI@Z 0000000180027d90 f i insertShapeUtilsCore.obj
 0001:00026d90       ??_G?$DrawFilledRectangle@NNHHNNE@@UEAAPEAXI@Z 0000000180027d90 f i insertShapeUtilsCore.obj
 0001:00026dd0       ??_G?$DrawFilledRectangleAnySize@EEHHMME@@UEAAPEAXI@Z 0000000180027dd0 f i insertShapeUtilsCore.obj
 0001:00026dd0       ??_E?$DrawFilledRectangleAnySize@EEHHMME@@UEAAPEAXI@Z 0000000180027dd0 f i insertShapeUtilsCore.obj
 0001:00026e10       ??_G?$DrawFilledRectangleAnySize@FFHHMME@@UEAAPEAXI@Z 0000000180027e10 f i insertShapeUtilsCore.obj
 0001:00026e10       ??_E?$DrawFilledRectangleAnySize@FFHHMME@@UEAAPEAXI@Z 0000000180027e10 f i insertShapeUtilsCore.obj
 0001:00026e50       ??_G?$DrawFilledRectangleAnySize@GGHHMME@@UEAAPEAXI@Z 0000000180027e50 f i insertShapeUtilsCore.obj
 0001:00026e50       ??_E?$DrawFilledRectangleAnySize@GGHHMME@@UEAAPEAXI@Z 0000000180027e50 f i insertShapeUtilsCore.obj
 0001:00026e90       ??_G?$DrawFilledRectangleAnySize@MMHHMME@@UEAAPEAXI@Z 0000000180027e90 f i insertShapeUtilsCore.obj
 0001:00026e90       ??_E?$DrawFilledRectangleAnySize@MMHHMME@@UEAAPEAXI@Z 0000000180027e90 f i insertShapeUtilsCore.obj
 0001:00026ed0       ??_G?$DrawFilledRectangleAnySize@NNHHNNE@@UEAAPEAXI@Z 0000000180027ed0 f i insertShapeUtilsCore.obj
 0001:00026ed0       ??_E?$DrawFilledRectangleAnySize@NNHHNNE@@UEAAPEAXI@Z 0000000180027ed0 f i insertShapeUtilsCore.obj
 0001:00026f10       ??_G?$DrawLine@EEHHMMEE@@UEAAPEAXI@Z 0000000180027f10 f i insertShapeUtilsCore.obj
 0001:00026f10       ??_E?$DrawLine@EEHHMMEE@@UEAAPEAXI@Z 0000000180027f10 f i insertShapeUtilsCore.obj
 0001:00026f50       ??_G?$DrawLine@EEHHMMEH@@UEAAPEAXI@Z 0000000180027f50 f i insertShapeUtilsCore.obj
 0001:00026f50       ??_E?$DrawLine@EEHHMMEH@@UEAAPEAXI@Z 0000000180027f50 f i insertShapeUtilsCore.obj
 0001:00026f90       ??_E?$DrawLine@FFHHMMEE@@UEAAPEAXI@Z 0000000180027f90 f i insertShapeUtilsCore.obj
 0001:00026f90       ??_G?$DrawLine@FFHHMMEE@@UEAAPEAXI@Z 0000000180027f90 f i insertShapeUtilsCore.obj
 0001:00026fd0       ??_G?$DrawLine@FFHHMMEH@@UEAAPEAXI@Z 0000000180027fd0 f i insertShapeUtilsCore.obj
 0001:00026fd0       ??_E?$DrawLine@FFHHMMEH@@UEAAPEAXI@Z 0000000180027fd0 f i insertShapeUtilsCore.obj
 0001:00027010       ??_E?$DrawLine@GGHHMMEE@@UEAAPEAXI@Z 0000000180028010 f i insertShapeUtilsCore.obj
 0001:00027010       ??_G?$DrawLine@GGHHMMEE@@UEAAPEAXI@Z 0000000180028010 f i insertShapeUtilsCore.obj
 0001:00027050       ??_G?$DrawLine@GGHHMMEH@@UEAAPEAXI@Z 0000000180028050 f i insertShapeUtilsCore.obj
 0001:00027050       ??_E?$DrawLine@GGHHMMEH@@UEAAPEAXI@Z 0000000180028050 f i insertShapeUtilsCore.obj
 0001:00027090       ??_E?$DrawLine@MMHHMMEE@@UEAAPEAXI@Z 0000000180028090 f i insertShapeUtilsCore.obj
 0001:00027090       ??_G?$DrawLine@MMHHMMEE@@UEAAPEAXI@Z 0000000180028090 f i insertShapeUtilsCore.obj
 0001:000270d0       ??_E?$DrawLine@MMHHMMEH@@UEAAPEAXI@Z 00000001800280d0 f i insertShapeUtilsCore.obj
 0001:000270d0       ??_G?$DrawLine@MMHHMMEH@@UEAAPEAXI@Z 00000001800280d0 f i insertShapeUtilsCore.obj
 0001:00027110       ??_G?$DrawLine@NNHHNNEE@@UEAAPEAXI@Z 0000000180028110 f i insertShapeUtilsCore.obj
 0001:00027110       ??_E?$DrawLine@NNHHNNEE@@UEAAPEAXI@Z 0000000180028110 f i insertShapeUtilsCore.obj
 0001:00027150       ??_E?$DrawLine@NNHHNNEH@@UEAAPEAXI@Z 0000000180028150 f i insertShapeUtilsCore.obj
 0001:00027150       ??_G?$DrawLine@NNHHNNEH@@UEAAPEAXI@Z 0000000180028150 f i insertShapeUtilsCore.obj
 0001:00027190       ??_E?$DrawMarkerLine@EEHHMMEE@@UEAAPEAXI@Z 0000000180028190 f i insertShapeUtilsCore.obj
 0001:00027190       ??_G?$DrawMarkerLine@EEHHMMEE@@UEAAPEAXI@Z 0000000180028190 f i insertShapeUtilsCore.obj
 0001:000271d0       ??_E?$DrawMarkerLine@FFHHMMEE@@UEAAPEAXI@Z 00000001800281d0 f i insertShapeUtilsCore.obj
 0001:000271d0       ??_G?$DrawMarkerLine@FFHHMMEE@@UEAAPEAXI@Z 00000001800281d0 f i insertShapeUtilsCore.obj
 0001:00027210       ??_G?$DrawMarkerLine@GGHHMMEE@@UEAAPEAXI@Z 0000000180028210 f i insertShapeUtilsCore.obj
 0001:00027210       ??_E?$DrawMarkerLine@GGHHMMEE@@UEAAPEAXI@Z 0000000180028210 f i insertShapeUtilsCore.obj
 0001:00027250       ??_E?$DrawMarkerLine@MMHHMMEE@@UEAAPEAXI@Z 0000000180028250 f i insertShapeUtilsCore.obj
 0001:00027250       ??_G?$DrawMarkerLine@MMHHMMEE@@UEAAPEAXI@Z 0000000180028250 f i insertShapeUtilsCore.obj
 0001:00027290       ??_G?$DrawMarkerLine@NNHHNNEE@@UEAAPEAXI@Z 0000000180028290 f i insertShapeUtilsCore.obj
 0001:00027290       ??_E?$DrawMarkerLine@NNHHNNEE@@UEAAPEAXI@Z 0000000180028290 f i insertShapeUtilsCore.obj
 0001:000272d0       ??_G?$DrawPolygon@EEHHMMEE@@UEAAPEAXI@Z 00000001800282d0 f i insertShapeUtilsCore.obj
 0001:000272d0       ??_E?$DrawPolygon@EEHHMMEE@@UEAAPEAXI@Z 00000001800282d0 f i insertShapeUtilsCore.obj
 0001:00027310       ??_E?$DrawPolygon@EEHHMMEH@@UEAAPEAXI@Z 0000000180028310 f i insertShapeUtilsCore.obj
 0001:00027310       ??_G?$DrawPolygon@EEHHMMEH@@UEAAPEAXI@Z 0000000180028310 f i insertShapeUtilsCore.obj
 0001:00027350       ??_E?$DrawPolygon@FFHHMMEE@@UEAAPEAXI@Z 0000000180028350 f i insertShapeUtilsCore.obj
 0001:00027350       ??_G?$DrawPolygon@FFHHMMEE@@UEAAPEAXI@Z 0000000180028350 f i insertShapeUtilsCore.obj
 0001:00027390       ??_E?$DrawPolygon@FFHHMMEH@@UEAAPEAXI@Z 0000000180028390 f i insertShapeUtilsCore.obj
 0001:00027390       ??_G?$DrawPolygon@FFHHMMEH@@UEAAPEAXI@Z 0000000180028390 f i insertShapeUtilsCore.obj
 0001:000273d0       ??_E?$DrawPolygon@GGHHMMEE@@UEAAPEAXI@Z 00000001800283d0 f i insertShapeUtilsCore.obj
 0001:000273d0       ??_G?$DrawPolygon@GGHHMMEE@@UEAAPEAXI@Z 00000001800283d0 f i insertShapeUtilsCore.obj
 0001:00027410       ??_E?$DrawPolygon@GGHHMMEH@@UEAAPEAXI@Z 0000000180028410 f i insertShapeUtilsCore.obj
 0001:00027410       ??_G?$DrawPolygon@GGHHMMEH@@UEAAPEAXI@Z 0000000180028410 f i insertShapeUtilsCore.obj
 0001:00027450       ??_G?$DrawPolygon@MMHHMMEE@@UEAAPEAXI@Z 0000000180028450 f i insertShapeUtilsCore.obj
 0001:00027450       ??_E?$DrawPolygon@MMHHMMEE@@UEAAPEAXI@Z 0000000180028450 f i insertShapeUtilsCore.obj
 0001:00027490       ??_E?$DrawPolygon@MMHHMMEH@@UEAAPEAXI@Z 0000000180028490 f i insertShapeUtilsCore.obj
 0001:00027490       ??_G?$DrawPolygon@MMHHMMEH@@UEAAPEAXI@Z 0000000180028490 f i insertShapeUtilsCore.obj
 0001:000274d0       ??_E?$DrawPolygon@NNHHNNEE@@UEAAPEAXI@Z 00000001800284d0 f i insertShapeUtilsCore.obj
 0001:000274d0       ??_G?$DrawPolygon@NNHHNNEE@@UEAAPEAXI@Z 00000001800284d0 f i insertShapeUtilsCore.obj
 0001:00027510       ??_G?$DrawPolygon@NNHHNNEH@@UEAAPEAXI@Z 0000000180028510 f i insertShapeUtilsCore.obj
 0001:00027510       ??_E?$DrawPolygon@NNHHNNEH@@UEAAPEAXI@Z 0000000180028510 f i insertShapeUtilsCore.obj
 0001:00027550       ??_E?$DrawRectangleAnySize@EEHHMME@@UEAAPEAXI@Z 0000000180028550 f i insertShapeUtilsCore.obj
 0001:00027550       ??_G?$DrawRectangleAnySize@EEHHMME@@UEAAPEAXI@Z 0000000180028550 f i insertShapeUtilsCore.obj
 0001:00027590       ??_G?$DrawRectangleAnySize@FFHHMME@@UEAAPEAXI@Z 0000000180028590 f i insertShapeUtilsCore.obj
 0001:00027590       ??_E?$DrawRectangleAnySize@FFHHMME@@UEAAPEAXI@Z 0000000180028590 f i insertShapeUtilsCore.obj
 0001:000275d0       ??_E?$DrawRectangleAnySize@GGHHMME@@UEAAPEAXI@Z 00000001800285d0 f i insertShapeUtilsCore.obj
 0001:000275d0       ??_G?$DrawRectangleAnySize@GGHHMME@@UEAAPEAXI@Z 00000001800285d0 f i insertShapeUtilsCore.obj
 0001:00027610       ??_G?$DrawRectangleAnySize@MMHHMME@@UEAAPEAXI@Z 0000000180028610 f i insertShapeUtilsCore.obj
 0001:00027610       ??_E?$DrawRectangleAnySize@MMHHMME@@UEAAPEAXI@Z 0000000180028610 f i insertShapeUtilsCore.obj
 0001:00027650       ??_G?$DrawRectangleAnySize@NNHHNNE@@UEAAPEAXI@Z 0000000180028650 f i insertShapeUtilsCore.obj
 0001:00027650       ??_E?$DrawRectangleAnySize@NNHHNNE@@UEAAPEAXI@Z 0000000180028650 f i insertShapeUtilsCore.obj
 0001:00027690       ??_G?$ScanLine@HHE@@UEAAPEAXI@Z 0000000180028690 f i insertShapeUtilsCore.obj
 0001:00027690       ??_E?$ScanLine@HHE@@UEAAPEAXI@Z 0000000180028690 f i insertShapeUtilsCore.obj
 0001:000276d0       ??_E?$ScanLine@HHH@@UEAAPEAXI@Z 00000001800286d0 f i insertShapeUtilsCore.obj
 0001:000276d0       ??_G?$ScanLine@HHH@@UEAAPEAXI@Z 00000001800286d0 f i insertShapeUtilsCore.obj
 0001:00027710       ??_E?$ScanLineBase@HHE@@UEAAPEAXI@Z 0000000180028710 f i insertShapeUtilsCore.obj
 0001:00027710       ??_G?$ScanLineBase@HHE@@UEAAPEAXI@Z 0000000180028710 f i insertShapeUtilsCore.obj
 0001:00027750       ??_E?$ScanLineBase@HHH@@UEAAPEAXI@Z 0000000180028750 f i insertShapeUtilsCore.obj
 0001:00027750       ??_G?$ScanLineBase@HHH@@UEAAPEAXI@Z 0000000180028750 f i insertShapeUtilsCore.obj
 0001:00027790       ??_GDrawBase@@UEAAPEAXI@Z  0000000180028790 f i insertShapeUtilsCore.obj
 0001:00027790       ??_EDrawBase@@UEAAPEAXI@Z  0000000180028790 f i insertShapeUtilsCore.obj
 0001:000277d0       ?AbsoluteValue@?$BresenhamLine@HE@@AEAAHH@Z 00000001800287d0 f i insertShapeUtilsCore.obj
 0001:00027800       ?AbsoluteValue@?$BresenhamLine@HH@@AEAAHH@Z 0000000180028800 f i insertShapeUtilsCore.obj
 0001:00027830       ?ApplyOpacity@?$DrawCommon@EEHHMMEE@@AEAAXPEAMHHE@Z 0000000180028830 f i insertShapeUtilsCore.obj
 0001:00027850       ?ApplyOpacity@?$DrawCommon@EEHHMMEH@@AEAAXPEAMHHH@Z 0000000180028850 f i insertShapeUtilsCore.obj
 0001:000278a0       ?ApplyOpacity@?$DrawCommon@FFHHMMEE@@AEAAXPEAMHHE@Z 00000001800288a0 f i insertShapeUtilsCore.obj
 0001:000278c0       ?ApplyOpacity@?$DrawCommon@FFHHMMEH@@AEAAXPEAMHHH@Z 00000001800288c0 f i insertShapeUtilsCore.obj
 0001:00027910       ?ApplyOpacity@?$DrawCommon@GGHHMMEE@@AEAAXPEAMHHE@Z 0000000180028910 f i insertShapeUtilsCore.obj
 0001:00027930       ?ApplyOpacity@?$DrawCommon@GGHHMMEH@@AEAAXPEAMHHH@Z 0000000180028930 f i insertShapeUtilsCore.obj
 0001:00027980       ?ApplyOpacity@?$DrawCommon@MMHHMMEE@@AEAAXPEAMHHE@Z 0000000180028980 f i insertShapeUtilsCore.obj
 0001:000279a0       ?ApplyOpacity@?$DrawCommon@MMHHMMEH@@AEAAXPEAMHHH@Z 00000001800289a0 f i insertShapeUtilsCore.obj
 0001:000279f0       ?ApplyOpacity@?$DrawCommon@NNHHNNEE@@AEAAXPEANHHE@Z 00000001800289f0 f i insertShapeUtilsCore.obj
 0001:00027a10       ?ApplyOpacity@?$DrawCommon@NNHHNNEH@@AEAAXPEANHHH@Z 0000000180028a10 f i insertShapeUtilsCore.obj
 0001:00027a60       ?BresenhamLineIni@?$Polygon@HHE@@AEAAXHHHHH@Z 0000000180028a60 f i insertShapeUtilsCore.obj
 0001:00027cf0       ?BresenhamLineIni@?$Polygon@HHH@@AEAAXHHHHH@Z 0000000180028cf0 f i insertShapeUtilsCore.obj
 0001:00027f80       ?BresenhamLineMerge@?$Polygon@HHE@@AEAAEHH@Z 0000000180028f80 f i insertShapeUtilsCore.obj
 0001:00028170       ?BresenhamLineMerge@?$Polygon@HHH@@AEAAEHH@Z 0000000180029170 f i insertShapeUtilsCore.obj
 0001:00028360       ?BresenhamLineNextColumn@?$Polygon@HHE@@AEAAXH@Z 0000000180029360 f i insertShapeUtilsCore.obj
 0001:000284c0       ?BresenhamLineNextColumn@?$Polygon@HHH@@AEAAXH@Z 00000001800294c0 f i insertShapeUtilsCore.obj
 0001:00028620       ?BresenhamLineStepBack@?$Polygon@HHE@@AEAAXH@Z 0000000180029620 f i insertShapeUtilsCore.obj
 0001:00028660       ?BresenhamLineStepBack@?$Polygon@HHH@@AEAAXH@Z 0000000180029660 f i insertShapeUtilsCore.obj
 0001:000286a0       ?CalculateIndex@?$BresenhamLine@HH@@QEAAHHH@Z 00000001800296a0 f i insertShapeUtilsCore.obj
 0001:000286d0       ?CleanUp@?$DrawCommon@EEHHMMEE@@UEAAXXZ 00000001800296d0 f i insertShapeUtilsCore.obj
 0001:00028770       ?CleanUp@?$DrawCommon@EEHHMMEH@@UEAAXXZ 0000000180029770 f i insertShapeUtilsCore.obj
 0001:00028810       ?CleanUp@?$DrawCommon@FFHHMMEE@@UEAAXXZ 0000000180029810 f i insertShapeUtilsCore.obj
 0001:000288b0       ?CleanUp@?$DrawCommon@FFHHMMEH@@UEAAXXZ 00000001800298b0 f i insertShapeUtilsCore.obj
 0001:00028950       ?CleanUp@?$DrawCommon@GGHHMMEE@@UEAAXXZ 0000000180029950 f i insertShapeUtilsCore.obj
 0001:000289f0       ?CleanUp@?$DrawCommon@GGHHMMEH@@UEAAXXZ 00000001800299f0 f i insertShapeUtilsCore.obj
 0001:00028a90       ?CleanUp@?$DrawCommon@MMHHMMEE@@UEAAXXZ 0000000180029a90 f i insertShapeUtilsCore.obj
 0001:00028b30       ?CleanUp@?$DrawCommon@MMHHMMEH@@UEAAXXZ 0000000180029b30 f i insertShapeUtilsCore.obj
 0001:00028bd0       ?CleanUp@?$DrawCommon@NNHHNNEE@@UEAAXXZ 0000000180029bd0 f i insertShapeUtilsCore.obj
 0001:00028c70       ?CleanUp@?$DrawCommon@NNHHNNEH@@UEAAXXZ 0000000180029c70 f i insertShapeUtilsCore.obj
 0001:00028d10       ?ConvertVerticesToEdges@?$Polygon@HHE@@AEAAEXZ 0000000180029d10 f i insertShapeUtilsCore.obj
 0001:00029350       ?ConvertVerticesToEdges@?$Polygon@HHH@@AEAAEXZ 000000018002a350 f i insertShapeUtilsCore.obj
 0001:00029990       ?CopyEdge@?$Polygon@HHE@@AEAAXPEAH0HH@Z 000000018002a990 f i insertShapeUtilsCore.obj
 0001:000299f0       ?CopyEdge@?$Polygon@HHH@@AEAAXPEAH0HH@Z 000000018002a9f0 f i insertShapeUtilsCore.obj
 0001:00029a50       ?CountSubPixel@?$DrawCommon@EEHHMMEE@@IEAAXHHHHAEAH0HH@Z 000000018002aa50 f i insertShapeUtilsCore.obj
 0001:00029c30       ?CountSubPixel@?$DrawCommon@EEHHMMEH@@IEAAXHHHHAEAH0HH@Z 000000018002ac30 f i insertShapeUtilsCore.obj
 0001:00029e10       ?CountSubPixel@?$DrawCommon@FFHHMMEE@@IEAAXHHHHAEAH0HH@Z 000000018002ae10 f i insertShapeUtilsCore.obj
 0001:00029ff0       ?CountSubPixel@?$DrawCommon@FFHHMMEH@@IEAAXHHHHAEAH0HH@Z 000000018002aff0 f i insertShapeUtilsCore.obj
 0001:0002a1d0       ?CountSubPixel@?$DrawCommon@GGHHMMEE@@IEAAXHHHHAEAH0HH@Z 000000018002b1d0 f i insertShapeUtilsCore.obj
[...]
 0004:0000330c       $pdata$?dllmain_crt_process_detach@@YAH_N@Z 000000018007c30c     MSVCRT:dll_dllmain.obj
 0004:00003318       $pdata$?dllmain_dispatch@@YAHQEAUHINSTANCE__@@KQEAX@Z 000000018007c318     MSVCRT:dll_dllmain.obj
 0004:00003324       $pdata$?dllmain_raw@@YAHQEAUHINSTANCE__@@KQEAX@Z 000000018007c324     MSVCRT:dll_dllmain.obj
 0004:00003330       $pdata$_DllMainCRTStartup  000000018007c330     MSVCRT:dll_dllmain.obj
 0004:0000333c       $pdata$??0bad_alloc@std@@QEAA@AEBV01@@Z 000000018007c33c     MSVCRT:throw_bad_alloc.obj
 0004:00003348       $pdata$??0bad_array_new_length@std@@QEAA@AEBV01@@Z 000000018007c348     MSVCRT:throw_bad_alloc.obj
 0004:00003354       $pdata$??0exception@std@@QEAA@AEBV01@@Z 000000018007c354     MSVCRT:throw_bad_alloc.obj
 0004:00003360       $pdata$??_Gbad_alloc@std@@UEAAPEAXI@Z 000000018007c360     MSVCRT:throw_bad_alloc.obj
 0004:0000336c       $pdata$??_Gbad_array_new_length@std@@UEAAPEAXI@Z 000000018007c36c     MSVCRT:throw_bad_alloc.obj
 0004:00003378       $pdata$??_Gexception@std@@UEAAPEAXI@Z 000000018007c378     MSVCRT:throw_bad_alloc.obj
 0004:00003384       $pdata$?__scrt_throw_std_bad_alloc@@YAXXZ 000000018007c384     MSVCRT:throw_bad_alloc.obj
 0004:00003390       $pdata$?__scrt_throw_std_bad_array_new_length@@YAXXZ 000000018007c390     MSVCRT:throw_bad_alloc.obj
 0004:0000339c       $pdata$?configure_argv@__scrt_narrow_argv_policy@@SAHXZ 000000018007c39c     MSVCRT:utility.obj
 0004:000033a8       $pdata$__scrt_acquire_startup_lock 000000018007c3a8     MSVCRT:utility.obj
 0004:000033b4       $pdata$__scrt_dllmain_after_initialize_c 000000018007c3b4     MSVCRT:utility.obj
 0004:000033c0       $pdata$__scrt_dllmain_before_initialize_c 000000018007c3c0     MSVCRT:utility.obj
 0004:000033cc       $pdata$__scrt_dllmain_crt_thread_attach 000000018007c3cc     MSVCRT:utility.obj
 0004:000033d8       $pdata$__scrt_dllmain_crt_thread_detach 000000018007c3d8     MSVCRT:utility.obj
 0004:000033e4       $pdata$__scrt_dllmain_exception_filter 000000018007c3e4     MSVCRT:utility.obj
 0004:000033f0       $pdata$__scrt_dllmain_uninitialize_c 000000018007c3f0     MSVCRT:utility.obj
 0004:000033fc       $pdata$__scrt_dllmain_uninitialize_critical 000000018007c3fc     MSVCRT:utility.obj
 0004:00003408       $pdata$__scrt_initialize_crt 000000018007c408     MSVCRT:utility.obj
 0004:00003414       $pdata$__scrt_initialize_onexit_tables 000000018007c414     MSVCRT:utility.obj
 0004:00003420       $pdata$__scrt_is_nonwritable_in_current_image 000000018007c420     MSVCRT:utility.obj
 0004:0000342c       $pdata$__scrt_release_startup_lock 000000018007c42c     MSVCRT:utility.obj
 0004:00003438       $pdata$__scrt_uninitialize_crt 000000018007c438     MSVCRT:utility.obj
 0004:00003444       $pdata$_onexit             000000018007c444     MSVCRT:utility.obj
 0004:00003450       $pdata$atexit              000000018007c450     MSVCRT:utility.obj
 0004:0000345c       $pdata$__security_init_cookie 000000018007c45c     MSVCRT:gs_support.obj
 0004:00003468       $pdata$DllMain             000000018007c468     MSVCRT:dll_dllmain_stub.obj
 0004:00003474       $pdata$__scrt_initialize_default_local_stdio_options 000000018007c474     MSVCRT:default_local_stdio_options.obj
 0004:00003480       $pdata$__scrt_fastfail     000000018007c480     MSVCRT:utility_desktop.obj
 0004:0000348c       $pdata$__scrt_get_show_window_mode 000000018007c48c     MSVCRT:utility_desktop.obj
 0004:00003498       $pdata$__scrt_is_managed_app 000000018007c498     MSVCRT:utility_desktop.obj
 0004:000034a4       $pdata$__scrt_unhandled_exception_filter 000000018007c4a4     MSVCRT:utility_desktop.obj
 0004:000034b0       $pdata$_RTC_Initialize     000000018007c4b0     MSVCRT:_initsect_.obj
 0004:000034bc       $pdata$_RTC_Terminate      000000018007c4bc     MSVCRT:_initsect_.obj
 0004:000034c8       $pdata$__isa_available_init 000000018007c4c8     MSVCRT:_cpu_disp_.obj
 0004:000034e0       $pdata$?dtor$0@?0???$InstantiateShape@EEHHMM@@YAPEAVDrawBase@@PEAEPEAH0PEAM1HEHHHH1HEE0@Z@4HA 000000018007c4e0     insertShapeUtilsCore.obj
 0004:000034ec       $pdata$?dtor$1@?0???$InstantiateShape@EEHHMM@@YAPEAVDrawBase@@PEAEPEAH0PEAM1HEHHHH1HEE0@Z@4HA 000000018007c4ec     insertShapeUtilsCore.obj
 0004:000034f8       $pdata$?dtor$2@?0???$InstantiateShape@EEHHMM@@YAPEAVDrawBase@@PEAEPEAH0PEAM1HEHHHH1HEE0@Z@4HA 000000018007c4f8     insertShapeUtilsCore.obj
 0004:00003504       $pdata$?dtor$3@?0???$InstantiateShape@EEHHMM@@YAPEAVDrawBase@@PEAEPEAH0PEAM1HEHHHH1HEE0@Z@4HA 000000018007c504     insertShapeUtilsCore.obj
 0004:00003510       $pdata$?dtor$4@?0???$InstantiateShape@EEHHMM@@YAPEAVDrawBase@@PEAEPEAH0PEAM1HEHHHH1HEE0@Z@4HA 000000018007c510     insertShapeUtilsCore.obj
 0004:0000351c       $pdata$?dtor$5@?0???$InstantiateShape@EEHHMM@@YAPEAVDrawBase@@PEAEPEAH0PEAM1HEHHHH1HEE0@Z@4HA 000000018007c51c     insertShapeUtilsCore.obj
 0004:00003528       $pdata$?dtor$6@?0???$InstantiateShape@EEHHMM@@YAPEAVDrawBase@@PEAEPEAH0PEAM1HEHHHH1HEE0@Z@4HA 000000018007c528     insertShapeUtilsCore.obj
 0004:00003534       $pdata$?dtor$7@?0???$InstantiateShape@EEHHMM@@YAPEAVDrawBase@@PEAEPEAH0PEAM1HEHHHH1HEE0@Z@4HA 000000018007c534     insertShapeUtilsCore.obj
 0004:00003540       $pdata$?dtor$8@?0???$InstantiateShape@EEHHMM@@YAPEAVDrawBase@@PEAEPEAH0PEAM1HEHHHH1HEE0@Z@4HA 000000018007c540     insertShapeUtilsCore.obj
 0004:0000354c       $pdata$?dtor$9@?0???$InstantiateShape@EEHHMM@@YAPEAVDrawBase@@PEAEPEAH0PEAM1HEHHHH1HEE0@Z@4HA 000000018007c54c     insertShapeUtilsCore.obj
 0004:00003558       $pdata$?dtor$10@?0???$InstantiateShape@EEHHMM@@YAPEAVDrawBase@@PEAEPEAH0PEAM1HEHHHH1HEE0@Z@4HA 000000018007c558     insertShapeUtilsCore.obj
 0004:00003564       $pdata$?dtor$11@?0???$InstantiateShape@EEHHMM@@YAPEAVDrawBase@@PEAEPEAH0PEAM1HEHHHH1HEE0@Z@4HA 000000018007c564     insertShapeUtilsCore.obj
 0004:00003570       $pdata$?dtor$12@?0???$InstantiateShape@EEHHMM@@YAPEAVDrawBase@@PEAEPEAH0PEAM1HEHHHH1HEE0@Z@4HA 000000018007c570     insertShapeUtilsCore.obj
 0004:0000357c       $pdata$?dtor$13@?0???$InstantiateShape@EEHHMM@@YAPEAVDrawBase@@PEAEPEAH0PEAM1HEHHHH1HEE0@Z@4HA 000000018007c57c     insertShapeUtilsCore.obj
 0004:00003588       $pdata$?dtor$14@?0???$InstantiateShape@EEHHMM@@YAPEAVDrawBase@@PEAEPEAH0PEAM1HEHHHH1HEE0@Z@4HA 000000018007c588     insertShapeUtilsCore.obj
 0004:00003594       $pdata$?dtor$15@?0???$InstantiateShape@EEHHMM@@YAPEAVDrawBase@@PEAEPEAH0PEAM1HEHHHH1HEE0@Z@4HA 000000018007c594     insertShapeUtilsCore.obj
 0004:000035a0       $pdata$?dtor$0@?0???$InstantiateShape@FFHHMM@@YAPEAVDrawBase@@PEAFPEAH0PEAM1HEHHHH1HEEPEAE@Z@4HA 000000018007c5a0     insertShapeUtilsCore.obj
 0004:000035ac       $pdata$?dtor$1@?0???$InstantiateShape@FFHHMM@@YAPEAVDrawBase@@PEAFPEAH0PEAM1HEHHHH1HEEPEAE@Z@4HA 000000018007c5ac     insertShapeUtilsCore.obj
 0004:000035b8       $pdata$?dtor$2@?0???$InstantiateShape@FFHHMM@@YAPEAVDrawBase@@PEAFPEAH0PEAM1HEHHHH1HEEPEAE@Z@4HA 000000018007c5b8     insertShapeUtilsCore.obj
 0004:000035c4       $pdata$?dtor$3@?0???$InstantiateShape@FFHHMM@@YAPEAVDrawBase@@PEAFPEAH0PEAM1HEHHHH1HEEPEAE@Z@4HA 000000018007c5c4     insertShapeUtilsCore.obj
 0004:000035d0       $pdata$?dtor$4@?0???$InstantiateShape@FFHHMM@@YAPEAVDrawBase@@PEAFPEAH0PEAM1HEHHHH1HEEPEAE@Z@4HA 000000018007c5d0     insertShapeUtilsCore.obj
 0004:000035dc       $pdata$?dtor$5@?0???$InstantiateShape@FFHHMM@@YAPEAVDrawBase@@PEAFPEAH0PEAM1HEHHHH1HEEPEAE@Z@4HA 000000018007c5dc     insertShapeUtilsCore.obj
 0004:000035e8       $pdata$?dtor$6@?0???$InstantiateShape@FFHHMM@@YAPEAVDrawBase@@PEAFPEAH0PEAM1HEHHHH1HEEPEAE@Z@4HA 000000018007c5e8     insertShapeUtilsCore.obj
 0004:000035f4       $pdata$?dtor$7@?0???$InstantiateShape@FFHHMM@@YAPEAVDrawBase@@PEAFPEAH0PEAM1HEHHHH1HEEPEAE@Z@4HA 000000018007c5f4     insertShapeUtilsCore.obj
 0004:00003600       $pdata$?dtor$8@?0???$InstantiateShape@FFHHMM@@YAPEAVDrawBase@@PEAFPEAH0PEAM1HEHHHH1HEEPEAE@Z@4HA 000000018007c600     insertShapeUtilsCore.obj
 0004:0000360c       $pdata$?dtor$9@?0???$InstantiateShape@FFHHMM@@YAPEAVDrawBase@@PEAFPEAH0PEAM1HEHHHH1HEEPEAE@Z@4HA 000000018007c60c     insertShapeUtilsCore.obj
 0004:00003618       $pdata$?dtor$10@?0???$InstantiateShape@FFHHMM@@YAPEAVDrawBase@@PEAFPEAH0PEAM1HEHHHH1HEEPEAE@Z@4HA 000000018007c618     insertShapeUtilsCore.obj
 0004:00003624       $pdata$?dtor$11@?0???$InstantiateShape@FFHHMM@@YAPEAVDrawBase@@PEAFPEAH0PEAM1HEHHHH1HEEPEAE@Z@4HA 000000018007c624     insertShapeUtilsCore.obj
 0004:00003630       $pdata$?dtor$12@?0???$InstantiateShape@FFHHMM@@YAPEAVDrawBase@@PEAFPEAH0PEAM1HEHHHH1HEEPEAE@Z@4HA 000000018007c630     insertShapeUtilsCore.obj
 0004:0000363c       $pdata$?dtor$13@?0???$InstantiateShape@FFHHMM@@YAPEAVDrawBase@@PEAFPEAH0PEAM1HEHHHH1HEEPEAE@Z@4HA 000000018007c63c     insertShapeUtilsCore.obj
 0004:00003648       $pdata$?dtor$14@?0???$InstantiateShape@FFHHMM@@YAPEAVDrawBase@@PEAFPEAH0PEAM1HEHHHH1HEEPEAE@Z@4HA 000000018007c648     insertShapeUtilsCore.obj
 0004:00003654       $pdata$?dtor$15@?0???$InstantiateShape@FFHHMM@@YAPEAVDrawBase@@PEAFPEAH0PEAM1HEHHHH1HEEPEAE@Z@4HA 000000018007c654     insertShapeUtilsCore.obj
 0004:00003660       $pdata$?dtor$0@?0???$InstantiateShape@GGHHMM@@YAPEAVDrawBase@@PEAGPEAH0PEAM1HEHHHH1HEEPEAE@Z@4HA 000000018007c660     insertShapeUtilsCore.obj
 0004:0000366c       $pdata$?dtor$1@?0???$InstantiateShape@GGHHMM@@YAPEAVDrawBase@@PEAGPEAH0PEAM1HEHHHH1HEEPEAE@Z@4HA 000000018007c66c     insertShapeUtilsCore.obj
 0004:00003678       $pdata$?dtor$2@?0???$InstantiateShape@GGHHMM@@YAPEAVDrawBase@@PEAGPEAH0PEAM1HEHHHH1HEEPEAE@Z@4HA 000000018007c678     insertShapeUtilsCore.obj
 0004:00003684       $pdata$?dtor$3@?0???$InstantiateShape@GGHHMM@@YAPEAVDrawBase@@PEAGPEAH0PEAM1HEHHHH1HEEPEAE@Z@4HA 000000018007c684     insertShapeUtilsCore.obj
 0004:00003690       $pdata$?dtor$4@?0???$InstantiateShape@GGHHMM@@YAPEAVDrawBase@@PEAGPEAH0PEAM1HEHHHH1HEEPEAE@Z@4HA 000000018007c690     insertShapeUtilsCore.obj
 0004:0000369c       $pdata$?dtor$5@?0???$InstantiateShape@GGHHMM@@YAPEAVDrawBase@@PEAGPEAH0PEAM1HEHHHH1HEEPEAE@Z@4HA 000000018007c69c     insertShapeUtilsCore.obj
 0004:000036a8       $pdata$?dtor$6@?0???$InstantiateShape@GGHHMM@@YAPEAVDrawBase@@PEAGPEAH0PEAM1HEHHHH1HEEPEAE@Z@4HA 000000018007c6a8     insertShapeUtilsCore.obj
 0004:000036b4       $pdata$?dtor$7@?0???$InstantiateShape@GGHHMM@@YAPEAVDrawBase@@PEAGPEAH0PEAM1HEHHHH1HEEPEAE@Z@4HA 000000018007c6b4     insertShapeUtilsCore.obj
 0004:000036c0       $pdata$?dtor$8@?0???$InstantiateShape@GGHHMM@@YAPEAVDrawBase@@PEAGPEAH0PEAM1HEHHHH1HEEPEAE@Z@4HA 000000018007c6c0     insertShapeUtilsCore.obj
 0004:000036cc       $pdata$?dtor$9@?0???$InstantiateShape@GGHHMM@@YAPEAVDrawBase@@PEAGPEAH0PEAM1HEHHHH1HEEPEAE@Z@4HA 000000018007c6cc     insertShapeUtilsCore.obj
 0004:000036d8       $pdata$?dtor$10@?0???$InstantiateShape@GGHHMM@@YAPEAVDrawBase@@PEAGPEAH0PEAM1HEHHHH1HEEPEAE@Z@4HA 000000018007c6d8     insertShapeUtilsCore.obj
 0004:000036e4       $pdata$?dtor$11@?0???$InstantiateShape@GGHHMM@@YAPEAVDrawBase@@PEAGPEAH0PEAM1HEHHHH1HEEPEAE@Z@4HA 000000018007c6e4     insertShapeUtilsCore.obj
 0004:000036f0       $pdata$?dtor$12@?0???$InstantiateShape@GGHHMM@@YAPEAVDrawBase@@PEAGPEAH0PEAM1HEHHHH1HEEPEAE@Z@4HA 000000018007c6f0     insertShapeUtilsCore.obj
 0004:000036fc       $pdata$?dtor$13@?0???$InstantiateShape@GGHHMM@@YAPEAVDrawBase@@PEAGPEAH0PEAM1HEHHHH1HEEPEAE@Z@4HA 000000018007c6fc     insertShapeUtilsCore.obj
 0004:00003708       $pdata$?dtor$14@?0???$InstantiateShape@GGHHMM@@YAPEAVDrawBase@@PEAGPEAH0PEAM1HEHHHH1HEEPEAE@Z@4HA 000000018007c708     insertShapeUtilsCore.obj
 0004:00003714       $pdata$?dtor$15@?0???$InstantiateShape@GGHHMM@@YAPEAVDrawBase@@PEAGPEAH0PEAM1HEHHHH1HEEPEAE@Z@4HA 000000018007c714     insertShapeUtilsCore.obj
 0004:00003720       $pdata$?dtor$0@?0???$InstantiateShape@MMHHMM@@YAPEAVDrawBase@@PEAMPEAH001HEHHHH1HEEPEAE@Z@4HA 000000018007c720     insertShapeUtilsCore.obj
 0004:0000372c       $pdata$?dtor$1@?0???$InstantiateShape@MMHHMM@@YAPEAVDrawBase@@PEAMPEAH001HEHHHH1HEEPEAE@Z@4HA 000000018007c72c     insertShapeUtilsCore.obj
 0004:00003738       $pdata$?dtor$2@?0???$InstantiateShape@MMHHMM@@YAPEAVDrawBase@@PEAMPEAH001HEHHHH1HEEPEAE@Z@4HA 000000018007c738     insertShapeUtilsCore.obj
 0004:00003744       $pdata$?dtor$3@?0???$InstantiateShape@MMHHMM@@YAPEAVDrawBase@@PEAMPEAH001HEHHHH1HEEPEAE@Z@4HA 000000018007c744     insertShapeUtilsCore.obj
 0004:00003750       $pdata$?dtor$4@?0???$InstantiateShape@MMHHMM@@YAPEAVDrawBase@@PEAMPEAH001HEHHHH1HEEPEAE@Z@4HA 000000018007c750     insertShapeUtilsCore.obj
 0004:0000375c       $pdata$?dtor$5@?0???$InstantiateShape@MMHHMM@@YAPEAVDrawBase@@PEAMPEAH001HEHHHH1HEEPEAE@Z@4HA 000000018007c75c     insertShapeUtilsCore.obj
 0004:00003768       $pdata$?dtor$6@?0???$InstantiateShape@MMHHMM@@YAPEAVDrawBase@@PEAMPEAH001HEHHHH1HEEPEAE@Z@4HA 000000018007c768     insertShapeUtilsCore.obj
 0004:00003774       $pdata$?dtor$7@?0???$InstantiateShape@MMHHMM@@YAPEAVDrawBase@@PEAMPEAH001HEHHHH1HEEPEAE@Z@4HA 000000018007c774     insertShapeUtilsCore.obj
 0004:00003780       $pdata$?dtor$8@?0???$InstantiateShape@MMHHMM@@YAPEAVDrawBase@@PEAMPEAH001HEHHHH1HEEPEAE@Z@4HA 000000018007c780     insertShapeUtilsCore.obj
 0004:0000378c       $pdata$?dtor$9@?0???$InstantiateShape@MMHHMM@@YAPEAVDrawBase@@PEAMPEAH001HEHHHH1HEEPEAE@Z@4HA 000000018007c78c     insertShapeUtilsCore.obj
 0004:00003798       $pdata$?dtor$10@?0???$InstantiateShape@MMHHMM@@YAPEAVDrawBase@@PEAMPEAH001HEHHHH1HEEPEAE@Z@4HA 000000018007c798     insertShapeUtilsCore.obj
 0004:000037a4       $pdata$?dtor$11@?0???$InstantiateShape@MMHHMM@@YAPEAVDrawBase@@PEAMPEAH001HEHHHH1HEEPEAE@Z@4HA 000000018007c7a4     insertShapeUtilsCore.obj
 0004:000037b0       $pdata$?dtor$12@?0???$InstantiateShape@MMHHMM@@YAPEAVDrawBase@@PEAMPEAH001HEHHHH1HEEPEAE@Z@4HA 000000018007c7b0     insertShapeUtilsCore.obj
 0004:000037bc       $pdata$?dtor$13@?0???$InstantiateShape@MMHHMM@@YAPEAVDrawBase@@PEAMPEAH001HEHHHH1HEEPEAE@Z@4HA 000000018007c7bc     insertShapeUtilsCore.obj
 0004:000037c8       $pdata$?dtor$14@?0???$InstantiateShape@MMHHMM@@YAPEAVDrawBase@@PEAMPEAH001HEHHHH1HEEPEAE@Z@4HA 000000018007c7c8     insertShapeUtilsCore.obj
 0004:000037d4       $pdata$?dtor$15@?0???$InstantiateShape@MMHHMM@@YAPEAVDrawBase@@PEAMPEAH001HEHHHH1HEEPEAE@Z@4HA 000000018007c7d4     insertShapeUtilsCore.obj
 0004:000037e0       $pdata$?dtor$0@?0???$InstantiateShape@NNHHNN@@YAPEAVDrawBase@@PEANPEAH001HEHHHH1HEEPEAE@Z@4HA 000000018007c7e0     insertShapeUtilsCore.obj
 0004:000037ec       $pdata$?dtor$1@?0???$InstantiateShape@NNHHNN@@YAPEAVDrawBase@@PEANPEAH001HEHHHH1HEEPEAE@Z@4HA 000000018007c7ec     insertShapeUtilsCore.obj
 0004:000037f8       $pdata$?dtor$2@?0???$InstantiateShape@NNHHNN@@YAPEAVDrawBase@@PEANPEAH001HEHHHH1HEEPEAE@Z@4HA 000000018007c7f8     insertShapeUtilsCore.obj
 0004:00003804       $pdata$?dtor$3@?0???$InstantiateShape@NNHHNN@@YAPEAVDrawBase@@PEANPEAH001HEHHHH1HEEPEAE@Z@4HA 000000018007c804     insertShapeUtilsCore.obj
 0004:00003810       $pdata$?dtor$4@?0???$InstantiateShape@NNHHNN@@YAPEAVDrawBase@@PEANPEAH001HEHHHH1HEEPEAE@Z@4HA 000000018007c810     insertShapeUtilsCore.obj
 0004:0000381c       $pdata$?dtor$5@?0???$InstantiateShape@NNHHNN@@YAPEAVDrawBase@@PEANPEAH001HEHHHH1HEEPEAE@Z@4HA 000000018007c81c     insertShapeUtilsCore.obj
 0004:00003828       $pdata$?dtor$6@?0???$InstantiateShape@NNHHNN@@YAPEAVDrawBase@@PEANPEAH001HEHHHH1HEEPEAE@Z@4HA 000000018007c828     insertShapeUtilsCore.obj
 0004:00003834       $pdata$?dtor$7@?0???$InstantiateShape@NNHHNN@@YAPEAVDrawBase@@PEANPEAH001HEHHHH1HEEPEAE@Z@4HA 000000018007c834     insertShapeUtilsCore.obj
 0004:00003840       $pdata$?dtor$8@?0???$InstantiateShape@NNHHNN@@YAPEAVDrawBase@@PEANPEAH001HEHHHH1HEEPEAE@Z@4HA 000000018007c840     insertShapeUtilsCore.obj
 0004:0000384c       $pdata$?dtor$9@?0???$InstantiateShape@NNHHNN@@YAPEAVDrawBase@@PEANPEAH001HEHHHH1HEEPEAE@Z@4HA 000000018007c84c     insertShapeUtilsCore.obj
 0004:00003858       $pdata$?dtor$10@?0???$InstantiateShape@NNHHNN@@YAPEAVDrawBase@@PEANPEAH001HEHHHH1HEEPEAE@Z@4HA 000000018007c858     insertShapeUtilsCore.obj
 0004:00003864       $pdata$?dtor$11@?0???$InstantiateShape@NNHHNN@@YAPEAVDrawBase@@PEANPEAH001HEHHHH1HEEPEAE@Z@4HA 000000018007c864     insertShapeUtilsCore.obj
 0004:00003870       $pdata$?dtor$12@?0???$InstantiateShape@NNHHNN@@YAPEAVDrawBase@@PEANPEAH001HEHHHH1HEEPEAE@Z@4HA 000000018007c870     insertShapeUtilsCore.obj
 0004:0000387c       $pdata$?dtor$13@?0???$InstantiateShape@NNHHNN@@YAPEAVDrawBase@@PEANPEAH001HEHHHH1HEEPEAE@Z@4HA 000000018007c87c     insertShapeUtilsCore.obj
 0004:00003888       $pdata$?dtor$14@?0???$InstantiateShape@NNHHNN@@YAPEAVDrawBase@@PEANPEAH001HEHHHH1HEEPEAE@Z@4HA 000000018007c888     insertShapeUtilsCore.obj
 0004:00003894       $pdata$?dtor$15@?0???$InstantiateShape@NNHHNN@@YAPEAVDrawBase@@PEANPEAH001HEHHHH1HEEPEAE@Z@4HA 000000018007c894     insertShapeUtilsCore.obj
 0004:000038a0       $pdata$?dtor$0@?0???0?$DrawCommon@EEHHMMEE@@QEAA@PEAE00HHH0HPEAHHH1EEEPEAMH002@Z@4HA 000000018007c8a0     insertShapeUtilsCore.obj
 0004:000038ac       $pdata$?dtor$0@?0???0?$DrawCommon@EEHHMMEH@@QEAA@PEAE00HHH0HPEAHHH1EEEPEAMH002@Z@4HA 000000018007c8ac     insertShapeUtilsCore.obj
 0004:000038b8       $pdata$?dtor$0@?0???0?$DrawCommon@FFHHMMEE@@QEAA@PEAF00HHH0HPEAHHH1EEEPEAMHPEAE02@Z@4HA 000000018007c8b8     insertShapeUtilsCore.obj
 0004:000038c4       $pdata$?dtor$0@?0???0?$DrawCommon@FFHHMMEH@@QEAA@PEAF00HHH0HPEAHHH1EEEPEAMHPEAE02@Z@4HA 000000018007c8c4     insertShapeUtilsCore.obj
 0004:000038d0       $pdata$?dtor$0@?0???0?$DrawCommon@GGHHMMEE@@QEAA@PEAG00HHH0HPEAHHH1EEEPEAMHPEAE02@Z@4HA 000000018007c8d0     insertShapeUtilsCore.obj
 0004:000038dc       $pdata$?dtor$0@?0???0?$DrawCommon@GGHHMMEH@@QEAA@PEAG00HHH0HPEAHHH1EEEPEAMHPEAE02@Z@4HA 000000018007c8dc     insertShapeUtilsCore.obj
 0004:000038e8       $pdata$?dtor$0@?0???0?$DrawCommon@MMHHMMEE@@QEAA@PEAM00HHH0HPEAHHH1EEE0HPEAE00@Z@4HA 000000018007c8e8     insertShapeUtilsCore.obj
 0004:000038f4       $pdata$?dtor$0@?0???0?$DrawCommon@MMHHMMEH@@QEAA@PEAM00HHH0HPEAHHH1EEE0HPEAE00@Z@4HA 000000018007c8f4     insertShapeUtilsCore.obj
 0004:00003900       $pdata$?dtor$0@?0???0?$DrawCommon@NNHHNNEE@@QEAA@PEAN00HHH0HPEAHHH1EEE0HPEAE00@Z@4HA 000000018007c900     insertShapeUtilsCore.obj
 0004:0000390c       $pdata$?dtor$0@?0???0?$DrawCommon@NNHHNNEH@@QEAA@PEAN00HHH0HPEAHHH1EEE0HPEAE00@Z@4HA 000000018007c90c     insertShapeUtilsCore.obj
 0004:00003918       $pdata$?fin$0@?0??dllmain_crt_process_attach@@YAHQEAUHINSTANCE__@@QEAX@Z@4HA 000000018007c918     MSVCRT:dll_dllmain.obj
 0004:00003924       $pdata$?fin$0@?0??dllmain_crt_process_detach@@YAH_N@Z@4HA 000000018007c924     MSVCRT:dll_dllmain.obj
 0004:00003930       $pdata$?filt$0@?0??dllmain_dispatch@@YAHQEAUHINSTANCE__@@KQEAX@Z@4HA 000000018007c930     MSVCRT:dll_dllmain.obj
 0004:0000393c       $pdata$__scrt_is_nonwritable_in_current_image$filt$0 000000018007c93c     MSVCRT:utility.obj
 0005:00000000       __guard_fids__             000000018007d000     MSVCRT:std_type_info_static.obj
 0005:00000004       __guard_fids_?dllmain_crt_process_attach@@YAHQEAUHINSTANCE__@@QEAX@Z 000000018007d004     MSVCRT:dll_dllmain.obj
 0005:0000000c       __guard_fids_?dllmain_dispatch@@YAHQEAUHINSTANCE__@@KQEAX@Z 000000018007d00c     MSVCRT:dll_dllmain.obj
 0005:00000010       __guard_fids__             000000018007d010     MSVCRT:throw_bad_alloc.obj
 0005:00000018       __guard_fids__             000000018007d018     MSVCRT:throw_bad_alloc.obj
 0005:00000020       __guard_fids__             000000018007d020     MSVCRT:throw_bad_alloc.obj
 0005:00000028       __guard_fids___scrt_set_unhandled_exception_filter 000000018007d028     MSVCRT:utility_desktop.obj
 0005:0000002c       __guard_fids__             000000018007d02c     MSVCRT:guard_support.obj
 0005:00000030       __guard_fids__guard_icall_checks_enforced 000000018007d030     MSVCRT:guard_support.obj
