 flightControlSystem_sfun

 Timestamp is 5f1a5cf0 (Fri Jul 24 14:00:48 2020)

 Preferred load address is 0000000180000000

 Start         Length     Name                   Class
 0001:00000000 00000030H .text                   CODE
 0001:00000030 0000fd10H .text$mn                CODE
 0001:0000fd40 00000012H .text$mn$00             CODE
 0001:0000fd52 00000081H .text$x                 CODE
 0002:00000000 000003f8H .idata$5                DATA
 0002:000003f8 00000010H .00cfg                  DATA
 0002:00000408 00000008H .CRT$XCA                DATA
 0002:00000410 00000008H .CRT$XCZ                DATA
 0002:00000418 00000008H .CRT$XIA                DATA
 0002:00000420 00000008H .CRT$XIZ                DATA
 0002:00000428 00000008H .CRT$XPA                DATA
 0002:00000430 00000008H .CRT$XPZ                DATA
 0002:00000438 00000008H .CRT$XTA                DATA
 0002:00000440 00000010H .CRT$XTZ                DATA
 0002:00000450 000001e4H .rdata                  DATA
 0002:00000634 0000025cH .rdata$zzzdbg           DATA
 0002:00000890 00000008H .rtc$IAA                DATA
 0002:00000898 00000008H .rtc$IZZ                DATA
 0002:000008a0 00000008H .rtc$TAA                DATA
 0002:000008a8 00000008H .rtc$TZZ                DATA
 0002:000008b0 00000a10H .xdata                  DATA
 0002:000012c0 00000084H .edata                  DATA
 0002:00001344 000000f0H .idata$2                DATA
 0002:00001434 00000014H .idata$3                DATA
 0002:00001448 000003f8H .idata$4                DATA
 0002:00001840 00000ad2H .idata$6                DATA
 0003:00000000 00004420H .data                   DATA
 0003:00004420 00000f88H .bss                    DATA
 0004:00000000 00000c30H .pdata                  DATA
 0005:00000000 0000000cH .pdata                  DATA
 0006:00000000 00000008H .xdata                  DATA
 0007:00000000 00000018H .gfids$y                DATA

  Address         Publics by Value              Rva+Base               Lib:Object

 0000:00000000       ___safe_se_handler_table   0000000000000000     <absolute>
 0000:00000000       __guard_fids_table         0000000000000000     <absolute>
 0000:00000000       __guard_fids_count         0000000000000000     <absolute>
 0000:00000000       __guard_iat_count          0000000000000000     <absolute>
 0000:00000000       __guard_iat_table          0000000000000000     <absolute>
 0000:00000000       __guard_longjmp_table      0000000000000000     <absolute>
 0000:00000000       __dynamic_value_reloc_table 0000000000000000     <absolute>
 0000:00000000       ___safe_se_handler_count   0000000000000000     <absolute>
 0000:00000000       __guard_longjmp_count      0000000000000000     <absolute>
 0000:00000100       __guard_flags              0000000000000100     <absolute>
 0000:00000000       __ImageBase                0000000180000000     <linker-defined>
 0001:00000000       mexfilerequiredapiversion  0000000180001000 f   c_mexapi_version.obj
 0001:00000030       flightControlSystem_initializer 0000000180001030 f   flightControlSystem_sfun.obj
 0001:00000040       flightControlSystem_terminator 0000000180001040 f   flightControlSystem_sfun.obj
 0001:00000050       load_flightControlSystem_optimization_info 0000000180001050 f   flightControlSystem_sfun.obj
 0001:00000100       unload_flightControlSystem_optimization_info 0000000180001100 f   flightControlSystem_sfun.obj
 0001:00000130       sf_flightControlSystem_method_dispatcher 0000000180001130 f   flightControlSystem_sfun.obj
 0001:000001a0       sf_flightControlSystem_process_check_sum_call 00000001800011a0 f   flightControlSystem_sfun.obj
 0001:000006b0       sf_flightControlSystem_get_eml_resolved_functions_info 00000001800016b0 f   flightControlSystem_sfun.obj
 0001:000008f0       sf_flightControlSystem_third_party_uses_info 00000001800018f0 f   flightControlSystem_sfun.obj
 0001:00000af0       sf_flightControlSystem_jit_fallback_info 0000000180001af0 f   flightControlSystem_sfun.obj
 0001:00000cf0       sf_flightControlSystem_get_post_codegen_info 0000000180001cf0 f   flightControlSystem_sfun.obj
 0001:00000f10       sf_flightControlSystem_updateBuildInfo_args_info 0000000180001f10 f   flightControlSystem_sfun.obj
 0001:00001110       flightControlSystem_register_exported_symbols 0000000180002110 f   flightControlSystem_sfun.obj
 0001:00001120       sf_c12_flightControlSystem_get_eml_resolved_functions_info 0000000180002120 f   c12_flightControlSystem.obj
 0001:000011a0       sf_c12_flightControlSystem_get_check_sum 00000001800021a0 f   c12_flightControlSystem.obj
 0001:00001270       c12_flightControlSystem_method_dispatcher 0000000180002270 f   c12_flightControlSystem.obj
 0001:00002670       sf_c12_flightControlSystem_third_party_uses_info 0000000180003670 f   c12_flightControlSystem.obj
 0001:000026c0       sf_c12_flightControlSystem_jit_fallback_info 00000001800036c0 f   c12_flightControlSystem.obj
 0001:00002850       sf_c12_flightControlSystem_updateBuildInfo_args_info 0000000180003850 f   c12_flightControlSystem.obj
 0001:00002bf0       sf_c12_flightControlSystem_get_post_codegen_info 0000000180003bf0 f   c12_flightControlSystem.obj
 0001:000030c0       sf_c16_flightControlSystem_get_eml_resolved_functions_info 00000001800040c0 f   c16_flightControlSystem.obj
 0001:00003140       sf_c16_flightControlSystem_get_check_sum 0000000180004140 f   c16_flightControlSystem.obj
 0001:00003210       c16_flightControlSystem_method_dispatcher 0000000180004210 f   c16_flightControlSystem.obj
 0001:00004610       sf_c16_flightControlSystem_third_party_uses_info 0000000180005610 f   c16_flightControlSystem.obj
 0001:00004660       sf_c16_flightControlSystem_jit_fallback_info 0000000180005660 f   c16_flightControlSystem.obj
 0001:000047f0       sf_c16_flightControlSystem_updateBuildInfo_args_info 00000001800057f0 f   c16_flightControlSystem.obj
 0001:00004b90       sf_c16_flightControlSystem_get_post_codegen_info 0000000180005b90 f   c16_flightControlSystem.obj
 0001:00005060       mexFunction                0000000180006060 f   flightControlSystem_sfun_registry.obj
 0001:00007810       _ssSetInputPortDirectFeedThroughFcn 0000000180008810 f   flightControlSystem_sfun_registry.obj
 0001:00007980       _ssSetRWorkValueFcn        0000000180008980 f   flightControlSystem_sfun_registry.obj
 0001:00007a00       _ssGetRWorkValueFcn        0000000180008a00 f   flightControlSystem_sfun_registry.obj
 0001:00007a70       _ssSetIWorkValueFcn        0000000180008a70 f   flightControlSystem_sfun_registry.obj
 0001:00007af0       _ssGetIWorkValueFcn        0000000180008af0 f   flightControlSystem_sfun_registry.obj
 0001:00007b60       _ssSetPWorkValueFcn        0000000180008b60 f   flightControlSystem_sfun_registry.obj
 0001:00007be0       _ssGetPWorkValueFcn        0000000180008be0 f   flightControlSystem_sfun_registry.obj
 0001:00007c50       _ssGetInputPortSignalFcn   0000000180008c50 f   flightControlSystem_sfun_registry.obj
 0001:00007fe0       _ssGetInputPortBufferDstPortFcn 0000000180008fe0 f   flightControlSystem_sfun_registry.obj
 0001:00008060       _ssGetInputPortSignalPtrsFcn 0000000180009060 f   flightControlSystem_sfun_registry.obj
 0001:000083f0       ssGetParameterTuningCompliance 00000001800093f0 f   flightControlSystem_sfun_registry.obj
 0001:00008460       ssGetDTypeIdFromMxArray    0000000180009460 f   flightControlSystem_sfun_registry.obj
 0001:00008580       ssWriteRTWMx2dMatParam     0000000180009580 f   flightControlSystem_sfun_registry.obj
 0001:00008610       ssWriteRTWMxVectParam      0000000180009610 f   flightControlSystem_sfun_registry.obj
 0001:00008690       ssWriteRTWParameters       0000000180009690 f   flightControlSystem_sfun_registry.obj
 0001:00008c50       ssWriteRTWParamSettings    0000000180009c50 f   flightControlSystem_sfun_registry.obj
 0001:00009340       ssWriteRTWStr              000000018000a340 f   flightControlSystem_sfun_registry.obj
 0001:000093a0       ssWriteRTWWorkVect         000000018000a3a0 f   flightControlSystem_sfun_registry.obj
 0001:00009900       ssWarning                  000000018000a900 f   flightControlSystem_sfun_registry.obj
 0001:000099f0       ssWriteRTWNameValuePair    000000018000a9f0 f   flightControlSystem_sfun_registry.obj
 0001:00009ef0       _ssSetInputPortMatrixDimensions 000000018000aef0 f   flightControlSystem_sfun_registry.obj
 0001:0000a010       _ssSetOutputPortMatrixDimensions 000000018000b010 f   flightControlSystem_sfun_registry.obj
 0001:0000a130       _ssSetInputPortVectorDimension 000000018000b130 f   flightControlSystem_sfun_registry.obj
 0001:0000a1e0       _ssSetOutputPortVectorDimension 000000018000b1e0 f   flightControlSystem_sfun_registry.obj
 0001:0000a290       ssIsRunTimeParamTunable    000000018000b290 f   flightControlSystem_sfun_registry.obj
 0001:0000a300       ssGetSFuncBlockHandle      000000018000b300 f   flightControlSystem_sfun_registry.obj
 0001:0000a370       _ssGetCurrentInputPortWidth 000000018000b370 f   flightControlSystem_sfun_registry.obj
 0001:0000a490       _ssGetCurrentOutputPortWidth 000000018000b490 f   flightControlSystem_sfun_registry.obj
 0001:0000a5b0       _ssGetCallSystemNumFcnCallDestinations 000000018000b5b0 f   flightControlSystem_sfun_registry.obj
 0001:0000a620       ssGetIsZeroCrossControlDisabled 000000018000b620 f   flightControlSystem_sfun_registry.obj
 0001:0000a690       ssSetIsInputPortUsedForContZcSignal 000000018000b690 f   flightControlSystem_sfun_registry.obj
 0001:0000a700       ssSetZcSignalIsZcElementDisc 000000018000b700 f   flightControlSystem_sfun_registry.obj
 0001:0000a7b0       ssSetZcSignalName          000000018000b7b0 f   flightControlSystem_sfun_registry.obj
 0001:0000a820       ssSetZcSignalWidth         000000018000b820 f   flightControlSystem_sfun_registry.obj
 0001:0000a890       ssSetZcSignalZcEventType   000000018000b890 f   flightControlSystem_sfun_registry.obj
 0001:0000a900       ssSetZcSignalType          000000018000b900 f   flightControlSystem_sfun_registry.obj
 0001:0000a970       ssSetZcSignalZcTol         000000018000b970 f   flightControlSystem_sfun_registry.obj
 0001:0000a9e0       ssSetZcSignalNeedsEventNotification 000000018000b9e0 f   flightControlSystem_sfun_registry.obj
 0001:0000aa50       ssCreateAndAddZcSignalInfo 000000018000ba50 f   flightControlSystem_sfun_registry.obj
 0001:0000aac0       ssCloneAndAddZcSignalInfo  000000018000bac0 f   flightControlSystem_sfun_registry.obj
 0001:0000ab30       ssGetNumZcSignals          000000018000bb30 f   flightControlSystem_sfun_registry.obj
 0001:0000aba0       ssGetZcSignalVector        000000018000bba0 f   flightControlSystem_sfun_registry.obj
 0001:0000ac10       ssGetZcSignalName          000000018000bc10 f   flightControlSystem_sfun_registry.obj
 0001:0000ac80       ssGetZcSignalWidth         000000018000bc80 f   flightControlSystem_sfun_registry.obj
 0001:0000acf0       ssGetZcSignalZcEventType   000000018000bcf0 f   flightControlSystem_sfun_registry.obj
 0001:0000ad60       ssGetZcSignalZcEvents      000000018000bd60 f   flightControlSystem_sfun_registry.obj
 0001:0000add0       ssGetZcSignalType          000000018000bdd0 f   flightControlSystem_sfun_registry.obj
 0001:0000ae40       ssGetZcSignalZcTol         000000018000be40 f   flightControlSystem_sfun_registry.obj
 0001:0000aec0       ssGetZcSignalNeedsEventNotification 000000018000bec0 f   flightControlSystem_sfun_registry.obj
 0001:0000af30       ssGetZcSignalIsZcElementDisc 000000018000bf30 f   flightControlSystem_sfun_registry.obj
 0001:0000afd0       ssGetIsInputPortElementContinuous 000000018000bfd0 f   flightControlSystem_sfun_registry.obj
 0001:0000b070       _ssGetAbsTol               000000018000c070 f   flightControlSystem_sfun_registry.obj
 0001:0000b0e0       _ssSetStateAbsTol          000000018000c0e0 f   flightControlSystem_sfun_registry.obj
 0001:0000b1c0       _ssSetInputPortReusableFcn 000000018000c1c0 f   flightControlSystem_sfun_registry.obj
 0001:0000b2c0       _ssSetOutputPortReusableFcn 000000018000c2c0 f   flightControlSystem_sfun_registry.obj
 0001:0000b3c0       _ssSetSymbolicDimsSupport  000000018000c3c0 f   flightControlSystem_sfun_registry.obj
 0001:0000b430       _ssRegisterSymbolicDimsExpr 000000018000c430 f   flightControlSystem_sfun_registry.obj
 0001:0000b4b0       _ssRegisterSymbolicDims    000000018000c4b0 f   flightControlSystem_sfun_registry.obj
 0001:0000b550       _ssRegisterSymbolicDimsString 000000018000c550 f   flightControlSystem_sfun_registry.obj
 0001:0000b5d0       _ssRegisterSymbolicDimsIntValue 000000018000c5d0 f   flightControlSystem_sfun_registry.obj
 0001:0000b640       _ssRegisterSymbolicDimsPlus 000000018000c640 f   flightControlSystem_sfun_registry.obj
 0001:0000b6c0       _ssRegisterSymbolicDimsMinus 000000018000c6c0 f   flightControlSystem_sfun_registry.obj
 0001:0000b740       _ssRegisterSymbolicDimsMultiply 000000018000c740 f   flightControlSystem_sfun_registry.obj
 0001:0000b7c0       _ssRegisterSymbolicDimsDivide 000000018000c7c0 f   flightControlSystem_sfun_registry.obj
 0001:0000b840       _ssGetNumSymbolicDims      000000018000c840 f   flightControlSystem_sfun_registry.obj
 0001:0000b8b0       _ssGetSymbolicDim          000000018000c8b0 f   flightControlSystem_sfun_registry.obj
 0001:0000b930       _ssSetInputPortSymbolicDimsId 000000018000c930 f   flightControlSystem_sfun_registry.obj
 0001:0000b9a0       _ssGetCompInputPortSymbolicDimsId 000000018000c9a0 f   flightControlSystem_sfun_registry.obj
 0001:0000ba10       _ssSetCompInputPortSymbolicDimsId 000000018000ca10 f   flightControlSystem_sfun_registry.obj
 0001:0000ba80       _ssSetOutputPortSymbolicDimsId 000000018000ca80 f   flightControlSystem_sfun_registry.obj
 0001:0000baf0       _ssGetCompOutputPortSymbolicDimsId 000000018000caf0 f   flightControlSystem_sfun_registry.obj
 0001:0000bb60       _ssSetCompOutputPortSymbolicDimsId 000000018000cb60 f   flightControlSystem_sfun_registry.obj
 0001:0000bbd0       _ssSetCompDWorkSymbolicDimsId 000000018000cbd0 f   flightControlSystem_sfun_registry.obj
 0001:0000bc40       sf_process_check_sum_call  000000018000cc40 f   flightControlSystem_sfun_registry.obj
 0001:0000bc90       sf_process_get_third_party_uses_info_call 000000018000cc90 f   flightControlSystem_sfun_registry.obj
 0001:0000bec0       sf_process_get_jit_fallback_info_call 000000018000cec0 f   flightControlSystem_sfun_registry.obj
 0001:0000c0f0       sf_process_get_post_codegen_info_call 000000018000d0f0 f   flightControlSystem_sfun_registry.obj
 0001:0000c320       sf_process_get_updateBuildInfo_args_info_call 000000018000d320 f   flightControlSystem_sfun_registry.obj
 0001:0000c550       sf_process_get_eml_resolved_functions_info_call 000000018000d550 f   flightControlSystem_sfun_registry.obj
 0001:0000c780       sf_mex_unlock_call         000000018000d780 f   flightControlSystem_sfun_registry.obj
 0001:0000c9a0       sf_machine_global_initializer_called 000000018000d9a0 f   flightControlSystem_sfun_registry.obj
 0001:0000c9d0       sf_machine_global_method_dispatcher 000000018000d9d0 f   flightControlSystem_sfun_registry.obj
 0001:0000ca30       sf_machine_global_terminator 000000018000da30 f   flightControlSystem_sfun_registry.obj
 0001:0000ca60       sf_register_machine_exported_symbols 000000018000da60 f   flightControlSystem_sfun_registry.obj
 0001:0000ca80       callCustomFcn              000000018000da80 f   flightControlSystem_sfun_registry.obj
 0001:0000ca90       sf_machine_global_initializer 000000018000da90 f   flightControlSystem_sfun_registry.obj
 0001:0000cb00       mdlGetSimState             000000018000db00 f   flightControlSystem_sfun_registry.obj
 0001:0000cb40       mdlSetSimState             000000018000db40 f   flightControlSystem_sfun_registry.obj
 0001:0000d490       ProcessMexSfunctionEveryCall 000000018000e490 f   flightControlSystem_sfun_registry.obj
 0001:0000e600       __local_stdio_printf_options 000000018000f600 f i flightControlSystem_sfun_registry.obj
 0001:0000e610       _vsnprintf_l               000000018000f610 f i flightControlSystem_sfun_registry.obj
 0001:0000e690       _vsprintf_l                000000018000f690 f i flightControlSystem_sfun_registry.obj
 0001:0000e6e0       sprintf                    000000018000f6e0 f i flightControlSystem_sfun_registry.obj
 0001:0000e730       rgb2hsv_tbb_uint8          000000018000f730 f   libmwrgb2hsv_tbb:libmwrgb2hsv_tbb.dll
 0001:0000e736       sf_load_rtw_optimization_info 000000018000f736 f   sf_runtime:sf_runtime.dll
 0001:0000e73c       sf_mex_decode              000000018000f73c f   sf_runtime:sf_runtime.dll
 0001:0000e742       sf_init_ChartRunTimeInfo   000000018000f742 f   sf_runtime:sf_runtime.dll
 0001:0000e748       sf_free_ChartRunTimeInfo   000000018000f748 f   sf_runtime:sf_runtime.dll
 0001:0000e74e       sfrtGetEmlrtCtx            000000018000f74e f   sf_runtime:sf_runtime.dll
 0001:0000e754       sfrtGetCovrtInstance       000000018000f754 f   sf_runtime:sf_runtime.dll
 0001:0000e75a       sf_get_chart_instance_ptr  000000018000f75a f   sf_runtime:sf_runtime.dll
 0001:0000e760       sim_mode_is_rtw_gen        000000018000f760 f   sf_runtime:sf_runtime.dll
 0001:0000e766       sim_mode_is_external       000000018000f766 f   sf_runtime:sf_runtime.dll
 0001:0000e76c       sf_clear_rtw_identifier    000000018000f76c f   sf_runtime:sf_runtime.dll
 0001:0000e772       sf_get_time                000000018000f772 f   sf_runtime:sf_runtime.dll
 0001:0000e778       sfDoAnimationWrapper       000000018000f778 f   sf_runtime:sf_runtime.dll
 0001:0000e77e       setDataBrowseFcn           000000018000f77e f   sf_runtime:sf_runtime.dll
 0001:0000e784       setLegacyDebuggerFlag      000000018000f784 f   sf_runtime:sf_runtime.dll
 0001:0000e78a       setDebuggerFlag            000000018000f78a f   sf_runtime:sf_runtime.dll
 0001:0000e790       sf_warn_if_symbolic_dimension_param_changed 000000018000f790 f   sf_runtime:sf_runtime.dll
 0001:0000e796       sf_set_work_widths         000000018000f796 f   sf_runtime:sf_runtime.dll
 0001:0000e79c       sfListenerCacheSimStruct   000000018000f79c f   sf_runtime:sf_runtime.dll
 0001:0000e7a2       sfListenerLightTerminate   000000018000f7a2 f   sf_runtime:sf_runtime.dll
 0001:0000e7a8       sfListenerInitializeRuntimeVars 000000018000f7a8 f   sf_runtime:sf_runtime.dll
 0001:0000e7ae       sf_mex_error_message       000000018000f7ae f   sf_runtime:sf_runtime.dll
 0001:0000e7b4       sf_mex_create              000000018000f7b4 f   sf_runtime:sf_runtime.dll
 0001:0000e7ba       sf_mex_createcellmatrix    000000018000f7ba f   sf_runtime:sf_runtime.dll
 0001:0000e7c0       sf_mex_setcell             000000018000f7c0 f   sf_runtime:sf_runtime.dll
 0001:0000e7c6       sf_mex_getcell             000000018000f7c6 f   sf_runtime:sf_runtime.dll
 0001:0000e7cc       sf_mex_assign              000000018000f7cc f   sf_runtime:sf_runtime.dll
 0001:0000e7d2       sf_mex_dup                 000000018000f7d2 f   sf_runtime:sf_runtime.dll
 0001:0000e7d8       sf_mex_destroy             000000018000f7d8 f   sf_runtime:sf_runtime.dll
 0001:0000e7de       sf_mex_import              000000018000f7de f   sf_runtime:sf_runtime.dll
 0001:0000e7e4       ssGetInputPortSignal_wrapper 000000018000f7e4 f   sf_runtime:sf_runtime.dll
 0001:0000e7ea       ssGetOutputPortSignal_wrapper 000000018000f7ea f   sf_runtime:sf_runtime.dll
 0001:0000e7f0       sf_get_ChartInfoStruct_CodeGen 000000018000f7f0 f   sf_runtime:sf_runtime.dll
 0001:0000e7f6       sf_get_hasSeparateUpdateOutputs 000000018000f7f6 f   sf_runtime:sf_runtime.dll
 0001:0000e7fc       callMdlMethodAndReportError 000000018000f7fc f   sf_runtime:sf_runtime.dll
 0001:0000e802       call_sf_machine_global_method_dispatcher 000000018000f802 f   sf_runtime:sf_runtime.dll
 0001:0000e808       getRuntimeInstanceInfoAsVoid 000000018000f808 f   sf_runtime:sf_runtime.dll
 0001:0000e80e       sf_mex_error_direct_call   000000018000f80e f   sf_runtime:sf_runtime.dll
 0001:0000e814       sf_clear_error_manager_info 000000018000f814 f   sf_runtime:sf_runtime.dll
 0001:0000e81a       mxIsChar_800               000000018000f81a f   libmx:libmx.dll
 0001:0000e820       mxGetScalar_800            000000018000f820 f   libmx:libmx.dll
 0001:0000e826       mxGetPr_800                000000018000f826 f   libmx:libmx.dll
 0001:0000e82c       mxDestroyArray_800         000000018000f82c f   libmx:libmx.dll
 0001:0000e832       mxCreateDoubleMatrix_800   000000018000f832 f   libmx:libmx.dll
 0001:0000e838       mxGetString_800            000000018000f838 f   libmx:libmx.dll
 0001:0000e83e       mxDuplicateArray_800       000000018000f83e f   libmx:libmx.dll
 0001:0000e844       mxSetCell_800              000000018000f844 f   libmx:libmx.dll
 0001:0000e84a       mxSetField_800             000000018000f84a f   libmx:libmx.dll
 0001:0000e850       mxCreateString_800         000000018000f850 f   libmx:libmx.dll
 0001:0000e856       mxCreateCellMatrix_800     000000018000f856 f   libmx:libmx.dll
 0001:0000e85c       mxCreateStructMatrix_800   000000018000f85c f   libmx:libmx.dll
 0001:0000e862       mxCalloc_800               000000018000f862 f   libmx:libmx.dll
 0001:0000e868       mxGetM_800                 000000018000f868 f   libmx:libmx.dll
 0001:0000e86e       mxGetClassID_800           000000018000f86e f   libmx:libmx.dll
 0001:0000e874       mxIsNumeric_800            000000018000f874 f   libmx:libmx.dll
 0001:0000e87a       mxIsComplex_800            000000018000f87a f   libmx:libmx.dll
 0001:0000e880       mxGetN_800                 000000018000f880 f   libmx:libmx.dll
 0001:0000e886       mxCreateDoubleScalar_800   000000018000f886 f   libmx:libmx.dll
 0001:0000e88c       mexMakeArrayPersistent_800 000000018000f88c f   libmex:libmex.dll
 0001:0000e892       mexErrMsgTxt_800           000000018000f892 f   libmex:libmex.dll
 0001:0000e898       mexWarnMsgTxt_800          000000018000f898 f   libmex:libmex.dll
 0001:0000e89e       mexCallMATLAB_800          000000018000f89e f   libmex:libmex.dll
 0001:0000e8a4       mexLock_800                000000018000f8a4 f   libmex:libmex.dll
 0001:0000e8aa       mexUnlock_800              000000018000f8aa f   libmex:libmex.dll
 0001:0000e8b0       mexIsLocked_800            000000018000f8b0 f   libmex:libmex.dll
 0001:0000e8b6       utMalloc                   000000018000f8b6 f   libut:libut.dll
 0001:0000e8bc       utFree                     000000018000f8bc f   libut:libut.dll
 0001:0000e8c2       covrtCreateStateflowInstanceData 000000018000f8c2 f   libcovrt:libcovrt.dll
 0001:0000e8c8       covrtDeleteStateflowInstanceData 000000018000f8c8 f   libcovrt:libcovrt.dll
 0001:0000e8ce       covrtTransInitFcn          000000018000f8ce f   libcovrt:libcovrt.dll
 0001:0000e8d4       covrtStateInitFcn          000000018000f8d4 f   libcovrt:libcovrt.dll
 0001:0000e8da       covrtChartInitFcn          000000018000f8da f   libcovrt:libcovrt.dll
 0001:0000e8e0       covrtSigUpdateFcn          000000018000f8e0 f   libcovrt:libcovrt.dll
 0001:0000e8e6       covrtEmlInitFcn            000000018000f8e6 f   libcovrt:libcovrt.dll
 0001:0000e8ec       covrtEmlFcnInitFcn         000000018000f8ec f   libcovrt:libcovrt.dll
 0001:0000e8f2       covrtEmlFcnEval            000000018000f8f2 f   libcovrt:libcovrt.dll
 0001:0000e8f8       __raise_securityfailure    000000018000f8f8 f   MSVCRT:gs_report.obj
 0001:0000e92c       __report_gsfailure         000000018000f92c f   MSVCRT:gs_report.obj
 0001:0000ea00       __report_rangecheckfailure 000000018000fa00 f   MSVCRT:gs_report.obj
 0001:0000ea14       __report_securityfailure   000000018000fa14 f   MSVCRT:gs_report.obj
 0001:0000eab0       __report_securityfailureEx 000000018000fab0 f   MSVCRT:gs_report.obj
 0001:0000eca4       __GSHandlerCheck           000000018000fca4 f   MSVCRT:_gshandler_.obj
 0001:0000ecc4       __GSHandlerCheckCommon     000000018000fcc4 f   MSVCRT:_gshandler_.obj
 0001:0000ed30       __security_check_cookie    000000018000fd30 f   MSVCRT:_amdsecgs_.obj
 0001:0000ed70       __chkstk                   000000018000fd70 f   MSVCRT:_chkstk_.obj
 0001:0000ed70       _alloca_probe              000000018000fd70 f   MSVCRT:_chkstk_.obj
 0001:0000f110       _CRT_INIT                  0000000180010110 f   MSVCRT:dll_dllmain.obj
 0001:0000f118       _DllMainCRTStartup         0000000180010118 f   MSVCRT:dll_dllmain.obj
 0001:0000f158       ??$__crt_fast_decode_pointer@PEAP6AXXZ@@YAPEAP6AXXZQEAP6AXXZ@Z 0000000180010158 f i MSVCRT:utility.obj
 0001:0000f170       ??$__crt_fast_encode_pointer@PEAP6AXXZ@@YAPEAP6AXXZQEAP6AXXZ@Z 0000000180010170 f i MSVCRT:utility.obj
 0001:0000f190       ?__crt_rotate_pointer_value@@YA_K_KH@Z 0000000180010190 f i MSVCRT:utility.obj
 0001:0000f19c       ?configure_argv@__scrt_narrow_argv_policy@@SAHXZ 000000018001019c f i MSVCRT:utility.obj
 0001:0000f22c       NtCurrentTeb               000000018001022c f i MSVCRT:utility.obj
 0001:0000f238       __scrt_acquire_startup_lock 0000000180010238 f   MSVCRT:utility.obj
 0001:0000f274       __scrt_dllmain_after_initialize_c 0000000180010274 f   MSVCRT:utility.obj
 0001:0000f2a8       __scrt_dllmain_before_initialize_c 00000001800102a8 f   MSVCRT:utility.obj
 0001:0000f2c0       __scrt_dllmain_crt_thread_attach 00000001800102c0 f   MSVCRT:utility.obj
 0001:0000f2e8       __scrt_dllmain_crt_thread_detach 00000001800102e8 f   MSVCRT:utility.obj
 0001:0000f300       __scrt_dllmain_exception_filter 0000000180010300 f   MSVCRT:utility.obj
 0001:0000f364       __scrt_dllmain_uninitialize_c 0000000180010364 f   MSVCRT:utility.obj
 0001:0000f394       __scrt_dllmain_uninitialize_critical 0000000180010394 f   MSVCRT:utility.obj
 0001:0000f3a8       __scrt_initialize_crt      00000001800103a8 f   MSVCRT:utility.obj
 0001:0000f3f4       __scrt_initialize_onexit_tables 00000001800103f4 f   MSVCRT:utility.obj
 0001:0000f4c0       __scrt_is_nonwritable_in_current_image 00000001800104c0 f   MSVCRT:utility.obj
 0001:0000f55c       __scrt_release_startup_lock 000000018001055c f   MSVCRT:utility.obj
 0001:0000f580       __scrt_uninitialize_crt    0000000180010580 f   MSVCRT:utility.obj
 0001:0000f5ac       _onexit                    00000001800105ac f   MSVCRT:utility.obj
 0001:0000f5fc       at_quick_exit              00000001800105fc f   MSVCRT:utility.obj
 0001:0000f634       atexit                     0000000180010634 f   MSVCRT:utility.obj
 0001:0000f64c       __security_init_cookie     000000018001064c f   MSVCRT:gs_support.obj
 0001:0000f6f8       DllMain                    00000001800106f8 f   MSVCRT:dll_dllmain_stub.obj
 0001:0000f71c       ?__scrt_initialize_type_info@@YAXXZ 000000018001071c f   MSVCRT:tncleanup.obj
 0001:0000f72c       ?__scrt_uninitialize_type_info@@YAXXZ 000000018001072c f   MSVCRT:tncleanup.obj
 0001:0000f738       __local_stdio_scanf_options 0000000180010738 f i MSVCRT:default_local_stdio_options.obj
 0001:0000f740       __scrt_initialize_default_local_stdio_options 0000000180010740 f   MSVCRT:default_local_stdio_options.obj
 0001:0000f75c       __scrt_get_dyn_tls_init_callback 000000018001075c f   MSVCRT:dyn_tls_init.obj
 0001:0000f764       __crt_debugger_hook        0000000180010764 f   MSVCRT:utility_desktop.obj
 0001:0000f76c       __scrt_fastfail            000000018001076c f   MSVCRT:utility_desktop.obj
 0001:0000f8b4       __scrt_get_show_window_mode 00000001800108b4 f   MSVCRT:utility_desktop.obj
 0001:0000f8f0       __scrt_initialize_winrt    00000001800108f0 f   MSVCRT:utility_desktop.obj
 0001:0000f8f4       __scrt_is_managed_app      00000001800108f4 f   MSVCRT:utility_desktop.obj
 0001:0000f948       __scrt_set_unhandled_exception_filter 0000000180010948 f   MSVCRT:utility_desktop.obj
 0001:0000f958       __scrt_unhandled_exception_filter 0000000180010958 f   MSVCRT:utility_desktop.obj
 0001:0000f990       _RTC_Initialize            0000000180010990 f   MSVCRT:_initsect_.obj
 0001:0000f9dc       _RTC_Terminate             00000001800109dc f   MSVCRT:_initsect_.obj
 0001:0000fa28       _guard_check_icall         0000000180010a28 f i MSVCRT:checkcfg.obj
 0001:0000fa30       __isa_available_init       0000000180010a30 f   MSVCRT:_cpu_disp_.obj
 0001:0000fbf8       _get_startup_argv_mode     0000000180010bf8 f   MSVCRT:argv_mode.obj
 0001:0000fc00       __scrt_is_ucrt_dll_in_use  0000000180010c00 f   MSVCRT:ucrt_detection.obj
 0001:0000fc0c       _guard_check_icall_nop     0000000180010c0c f i MSVCRT:guard_support.obj
 0001:0000fc10       _guard_icall_checks_enforced 0000000180010c10 f i MSVCRT:guard_support.obj
 0001:0000fc30       RtlCaptureContext          0000000180010c30 f   kernel32:KERNEL32.dll
 0001:0000fc36       RtlLookupFunctionEntry     0000000180010c36 f   kernel32:KERNEL32.dll
 0001:0000fc3c       RtlVirtualUnwind           0000000180010c3c f   kernel32:KERNEL32.dll
 0001:0000fc42       UnhandledExceptionFilter   0000000180010c42 f   kernel32:KERNEL32.dll
 0001:0000fc48       SetUnhandledExceptionFilter 0000000180010c48 f   kernel32:KERNEL32.dll
 0001:0000fc4e       GetCurrentProcess          0000000180010c4e f   kernel32:KERNEL32.dll
 0001:0000fc54       TerminateProcess           0000000180010c54 f   kernel32:KERNEL32.dll
 0001:0000fc5a       IsProcessorFeaturePresent  0000000180010c5a f   kernel32:KERNEL32.dll
 0001:0000fc60       QueryPerformanceCounter    0000000180010c60 f   kernel32:KERNEL32.dll
 0001:0000fc66       GetCurrentProcessId        0000000180010c66 f   kernel32:KERNEL32.dll
 0001:0000fc6c       GetCurrentThreadId         0000000180010c6c f   kernel32:KERNEL32.dll
 0001:0000fc72       GetSystemTimeAsFileTime    0000000180010c72 f   kernel32:KERNEL32.dll
 0001:0000fc78       DisableThreadLibraryCalls  0000000180010c78 f   kernel32:KERNEL32.dll
 0001:0000fc7e       InitializeSListHead        0000000180010c7e f   kernel32:KERNEL32.dll
 0001:0000fc84       IsDebuggerPresent          0000000180010c84 f   kernel32:KERNEL32.dll
 0001:0000fc8a       GetStartupInfoW            0000000180010c8a f   kernel32:KERNEL32.dll
 0001:0000fc90       GetModuleHandleW           0000000180010c90 f   kernel32:KERNEL32.dll
 0001:0000fc96       memset                     0000000180010c96 f   vcruntime:VCRUNTIME140.dll
 0001:0000fc9c       memcpy                     0000000180010c9c f   vcruntime:VCRUNTIME140.dll
 0001:0000fca2       __C_specific_handler       0000000180010ca2 f   vcruntime:VCRUNTIME140.dll
 0001:0000fca8       __std_type_info_destroy_list 0000000180010ca8 f   vcruntime:VCRUNTIME140.dll
 0001:0000fcae       strcmp                     0000000180010cae f   ucrt:api-ms-win-crt-string-l1-1-0.dll
 0001:0000fcb4       strcat                     0000000180010cb4 f   ucrt:api-ms-win-crt-string-l1-1-0.dll
 0001:0000fcba       __stdio_common_vsprintf    0000000180010cba f   ucrt:api-ms-win-crt-stdio-l1-1-0.dll
 0001:0000fcc0       free                       0000000180010cc0 f   ucrt:api-ms-win-crt-heap-l1-1-0.dll
 0001:0000fcc6       malloc                     0000000180010cc6 f   ucrt:api-ms-win-crt-heap-l1-1-0.dll
 0001:0000fccc       strlen                     0000000180010ccc f   ucrt:api-ms-win-crt-string-l1-1-0.dll
 0001:0000fcd2       _initterm                  0000000180010cd2 f   ucrt:api-ms-win-crt-runtime-l1-1-0.dll
 0001:0000fcd8       _initterm_e                0000000180010cd8 f   ucrt:api-ms-win-crt-runtime-l1-1-0.dll
 0001:0000fcde       _seh_filter_dll            0000000180010cde f   ucrt:api-ms-win-crt-runtime-l1-1-0.dll
 0001:0000fce4       _configure_narrow_argv     0000000180010ce4 f   ucrt:api-ms-win-crt-runtime-l1-1-0.dll
 0001:0000fcea       _initialize_narrow_environment 0000000180010cea f   ucrt:api-ms-win-crt-runtime-l1-1-0.dll
 0001:0000fcf0       _initialize_onexit_table   0000000180010cf0 f   ucrt:api-ms-win-crt-runtime-l1-1-0.dll
 0001:0000fcf6       _register_onexit_function  0000000180010cf6 f   ucrt:api-ms-win-crt-runtime-l1-1-0.dll
 0001:0000fcfc       _execute_onexit_table      0000000180010cfc f   ucrt:api-ms-win-crt-runtime-l1-1-0.dll
 0001:0000fd02       _crt_atexit                0000000180010d02 f   ucrt:api-ms-win-crt-runtime-l1-1-0.dll
 0001:0000fd08       _crt_at_quick_exit         0000000180010d08 f   ucrt:api-ms-win-crt-runtime-l1-1-0.dll
 0001:0000fd0e       _cexit                     0000000180010d0e f   ucrt:api-ms-win-crt-runtime-l1-1-0.dll
 0001:0000fd14       terminate                  0000000180010d14 f   ucrt:api-ms-win-crt-runtime-l1-1-0.dll
 0001:0000fd1c       __scrt_stub_for_acrt_initialize 0000000180010d1c f   MSVCRT:ucrt_stubs.obj
 0001:0000fd1c       __acrt_initialize          0000000180010d1c f   MSVCRT:ucrt_stubs.obj
 0001:0000fd1c       __vcrt_initialize          0000000180010d1c f   MSVCRT:ucrt_stubs.obj
 0001:0000fd20       __scrt_stub_for_acrt_thread_attach 0000000180010d20 f   MSVCRT:ucrt_stubs.obj
 0001:0000fd20       __vcrt_thread_attach       0000000180010d20 f   MSVCRT:ucrt_stubs.obj
 0001:0000fd20       __acrt_thread_attach       0000000180010d20 f   MSVCRT:ucrt_stubs.obj
 0001:0000fd24       __vcrt_thread_detach       0000000180010d24 f   MSVCRT:ucrt_stubs.obj
 0001:0000fd24       __scrt_stub_for_acrt_thread_detach 0000000180010d24 f   MSVCRT:ucrt_stubs.obj
 0001:0000fd24       __acrt_thread_detach       0000000180010d24 f   MSVCRT:ucrt_stubs.obj
 0001:0000fd28       __acrt_uninitialize        0000000180010d28 f   MSVCRT:ucrt_stubs.obj
 0001:0000fd28       __scrt_stub_for_acrt_uninitialize 0000000180010d28 f   MSVCRT:ucrt_stubs.obj
 0001:0000fd28       __vcrt_uninitialize        0000000180010d28 f   MSVCRT:ucrt_stubs.obj
 0001:0000fd2c       __vcrt_uninitialize_critical 0000000180010d2c f   MSVCRT:ucrt_stubs.obj
 0001:0000fd2c       __scrt_stub_for_acrt_uninitialize_critical 0000000180010d2c f   MSVCRT:ucrt_stubs.obj
 0001:0000fd2c       __acrt_uninitialize_critical 0000000180010d2c f   MSVCRT:ucrt_stubs.obj
 0001:0000fd30       __scrt_stub_for_is_c_termination_complete 0000000180010d30 f   MSVCRT:ucrt_stubs.obj
 0001:0000fd30       _is_c_termination_complete 0000000180010d30 f   MSVCRT:ucrt_stubs.obj
 0001:0000fd50       _guard_dispatch_icall_nop  0000000180010d50 f   MSVCRT:_guard_dispatch_.obj
 0002:00000000       __imp_IsProcessorFeaturePresent 0000000180011000     kernel32:KERNEL32.dll
 0002:00000008       __imp_RtlCaptureContext    0000000180011008     kernel32:KERNEL32.dll
 0002:00000010       __imp_RtlLookupFunctionEntry 0000000180011010     kernel32:KERNEL32.dll
 0002:00000018       __imp_QueryPerformanceCounter 0000000180011018     kernel32:KERNEL32.dll
 0002:00000020       __imp_GetCurrentProcessId  0000000180011020     kernel32:KERNEL32.dll
 0002:00000028       __imp_GetCurrentThreadId   0000000180011028     kernel32:KERNEL32.dll
 0002:00000030       __imp_GetSystemTimeAsFileTime 0000000180011030     kernel32:KERNEL32.dll
 0002:00000038       __imp_DisableThreadLibraryCalls 0000000180011038     kernel32:KERNEL32.dll
 0002:00000040       __imp_InitializeSListHead  0000000180011040     kernel32:KERNEL32.dll
 0002:00000048       __imp_IsDebuggerPresent    0000000180011048     kernel32:KERNEL32.dll
 0002:00000050       __imp_GetStartupInfoW      0000000180011050     kernel32:KERNEL32.dll
 0002:00000058       __imp_GetModuleHandleW     0000000180011058     kernel32:KERNEL32.dll
 0002:00000060       __imp_GetCurrentProcess    0000000180011060     kernel32:KERNEL32.dll
 0002:00000068       __imp_SetUnhandledExceptionFilter 0000000180011068     kernel32:KERNEL32.dll
 0002:00000070       __imp_UnhandledExceptionFilter 0000000180011070     kernel32:KERNEL32.dll
 0002:00000078       __imp_RtlVirtualUnwind     0000000180011078     kernel32:KERNEL32.dll
 0002:00000080       __imp_TerminateProcess     0000000180011080     kernel32:KERNEL32.dll
 0002:00000088       \177KERNEL32_NULL_THUNK_DATA 0000000180011088     kernel32:KERNEL32.dll
 0002:00000090       __imp___C_specific_handler 0000000180011090     vcruntime:VCRUNTIME140.dll
 0002:00000098       __imp___std_type_info_destroy_list 0000000180011098     vcruntime:VCRUNTIME140.dll
 0002:000000a0       __imp_memset               00000001800110a0     vcruntime:VCRUNTIME140.dll
 0002:000000a8       __imp_memcpy               00000001800110a8     vcruntime:VCRUNTIME140.dll
 0002:000000b0       \177VCRUNTIME140_NULL_THUNK_DATA 00000001800110b0     vcruntime:VCRUNTIME140.dll
 0002:000000b8       __imp_free                 00000001800110b8     ucrt:api-ms-win-crt-heap-l1-1-0.dll
 0002:000000c0       __imp_malloc               00000001800110c0     ucrt:api-ms-win-crt-heap-l1-1-0.dll
 0002:000000c8       \177api-ms-win-crt-heap-l1-1-0_NULL_THUNK_DATA 00000001800110c8     ucrt:api-ms-win-crt-heap-l1-1-0.dll
 0002:000000d0       __imp__seh_filter_dll      00000001800110d0     ucrt:api-ms-win-crt-runtime-l1-1-0.dll
 0002:000000d8       __imp__initterm_e          00000001800110d8     ucrt:api-ms-win-crt-runtime-l1-1-0.dll
 0002:000000e0       __imp__initialize_narrow_environment 00000001800110e0     ucrt:api-ms-win-crt-runtime-l1-1-0.dll
 0002:000000e8       __imp__initialize_onexit_table 00000001800110e8     ucrt:api-ms-win-crt-runtime-l1-1-0.dll
 0002:000000f0       __imp__register_onexit_function 00000001800110f0     ucrt:api-ms-win-crt-runtime-l1-1-0.dll
 0002:000000f8       __imp__execute_onexit_table 00000001800110f8     ucrt:api-ms-win-crt-runtime-l1-1-0.dll
 0002:00000100       __imp__crt_atexit          0000000180011100     ucrt:api-ms-win-crt-runtime-l1-1-0.dll
 0002:00000108       __imp__crt_at_quick_exit   0000000180011108     ucrt:api-ms-win-crt-runtime-l1-1-0.dll
 0002:00000110       __imp__cexit               0000000180011110     ucrt:api-ms-win-crt-runtime-l1-1-0.dll
 0002:00000118       __imp_terminate            0000000180011118     ucrt:api-ms-win-crt-runtime-l1-1-0.dll
 0002:00000120       __imp__initterm            0000000180011120     ucrt:api-ms-win-crt-runtime-l1-1-0.dll
 0002:00000128       __imp__configure_narrow_argv 0000000180011128     ucrt:api-ms-win-crt-runtime-l1-1-0.dll
 0002:00000130       \177api-ms-win-crt-runtime-l1-1-0_NULL_THUNK_DATA 0000000180011130     ucrt:api-ms-win-crt-runtime-l1-1-0.dll
 0002:00000138       __imp___stdio_common_vsprintf 0000000180011138     ucrt:api-ms-win-crt-stdio-l1-1-0.dll
 0002:00000140       \177api-ms-win-crt-stdio-l1-1-0_NULL_THUNK_DATA 0000000180011140     ucrt:api-ms-win-crt-stdio-l1-1-0.dll
 0002:00000148       __imp_strlen               0000000180011148     ucrt:api-ms-win-crt-string-l1-1-0.dll
 0002:00000150       __imp_strcat               0000000180011150     ucrt:api-ms-win-crt-string-l1-1-0.dll
 0002:00000158       __imp_strcmp               0000000180011158     ucrt:api-ms-win-crt-string-l1-1-0.dll
 0002:00000160       \177api-ms-win-crt-string-l1-1-0_NULL_THUNK_DATA 0000000180011160     ucrt:api-ms-win-crt-string-l1-1-0.dll
 0002:00000168       __imp_covrtEmlFcnEval      0000000180011168     libcovrt:libcovrt.dll
 0002:00000170       __imp_covrtEmlFcnInitFcn   0000000180011170     libcovrt:libcovrt.dll
 0002:00000178       __imp_covrtEmlInitFcn      0000000180011178     libcovrt:libcovrt.dll
 0002:00000180       __imp_covrtSigUpdateFcn    0000000180011180     libcovrt:libcovrt.dll
 0002:00000188       __imp_covrtChartInitFcn    0000000180011188     libcovrt:libcovrt.dll
 0002:00000190       __imp_covrtStateInitFcn    0000000180011190     libcovrt:libcovrt.dll
 0002:00000198       __imp_covrtTransInitFcn    0000000180011198     libcovrt:libcovrt.dll
 0002:000001a0       __imp_covrtDeleteStateflowInstanceData 00000001800111a0     libcovrt:libcovrt.dll
 0002:000001a8       __imp_covrtCreateStateflowInstanceData 00000001800111a8     libcovrt:libcovrt.dll
 0002:000001b0       \177libcovrt_NULL_THUNK_DATA 00000001800111b0     libcovrt:libcovrt.dll
 0002:000001b8       __imp_mexIsLocked_800      00000001800111b8     libmex:libmex.dll
 0002:000001c0       __imp_mexUnlock_800        00000001800111c0     libmex:libmex.dll
 0002:000001c8       __imp_mexLock_800          00000001800111c8     libmex:libmex.dll
 0002:000001d0       __imp_mexCallMATLAB_800    00000001800111d0     libmex:libmex.dll
 0002:000001d8       __imp_mexWarnMsgTxt_800    00000001800111d8     libmex:libmex.dll
 0002:000001e0       __imp_mexMakeArrayPersistent_800 00000001800111e0     libmex:libmex.dll
 0002:000001e8       __imp_mexErrMsgTxt_800     00000001800111e8     libmex:libmex.dll
 0002:000001f0       \177libmex_NULL_THUNK_DATA 00000001800111f0     libmex:libmex.dll
 0002:000001f8       __imp_rgb2hsv_tbb_uint8    00000001800111f8     libmwrgb2hsv_tbb:libmwrgb2hsv_tbb.dll
 0002:00000200       \177libmwrgb2hsv_tbb_NULL_THUNK_DATA 0000000180011200     libmwrgb2hsv_tbb:libmwrgb2hsv_tbb.dll
 0002:00000208       __imp_mxIsComplex_800      0000000180011208     libmx:libmx.dll
 0002:00000210       __imp_mxIsNumeric_800      0000000180011210     libmx:libmx.dll
 0002:00000218       __imp_mxGetClassID_800     0000000180011218     libmx:libmx.dll
 0002:00000220       __imp_mxGetN_800           0000000180011220     libmx:libmx.dll
 0002:00000228       __imp_mxCreateDoubleScalar_800 0000000180011228     libmx:libmx.dll
 0002:00000230       __imp_mxIsChar_800         0000000180011230     libmx:libmx.dll
 0002:00000238       __imp_mxGetM_800           0000000180011238     libmx:libmx.dll
 0002:00000240       __imp_mxCalloc_800         0000000180011240     libmx:libmx.dll
 0002:00000248       __imp_mxCreateStructMatrix_800 0000000180011248     libmx:libmx.dll
 0002:00000250       __imp_mxCreateCellMatrix_800 0000000180011250     libmx:libmx.dll
 0002:00000258       __imp_mxCreateString_800   0000000180011258     libmx:libmx.dll
 0002:00000260       __imp_mxSetField_800       0000000180011260     libmx:libmx.dll
 0002:00000268       __imp_mxSetCell_800        0000000180011268     libmx:libmx.dll
 0002:00000270       __imp_mxDuplicateArray_800 0000000180011270     libmx:libmx.dll
 0002:00000278       __imp_mxGetString_800      0000000180011278     libmx:libmx.dll
 0002:00000280       __imp_mxCreateDoubleMatrix_800 0000000180011280     libmx:libmx.dll
 0002:00000288       __imp_mxDestroyArray_800   0000000180011288     libmx:libmx.dll
 0002:00000290       __imp_mxGetPr_800          0000000180011290     libmx:libmx.dll
 0002:00000298       __imp_mxGetScalar_800      0000000180011298     libmx:libmx.dll
 0002:000002a0       \177libmx_NULL_THUNK_DATA  00000001800112a0     libmx:libmx.dll
 0002:000002a8       __imp_utMalloc             00000001800112a8     libut:libut.dll
 0002:000002b0       __imp_utFree               00000001800112b0     libut:libut.dll
 0002:000002b8       \177libut_NULL_THUNK_DATA  00000001800112b8     libut:libut.dll
 0002:000002c0       __imp_sf_mex_error_direct_call 00000001800112c0     sf_runtime:sf_runtime.dll
 0002:000002c8       __imp_getRuntimeInstanceInfoAsVoid 00000001800112c8     sf_runtime:sf_runtime.dll
 0002:000002d0       __imp_call_sf_machine_global_method_dispatcher 00000001800112d0     sf_runtime:sf_runtime.dll
 0002:000002d8       __imp_callMdlMethodAndReportError 00000001800112d8     sf_runtime:sf_runtime.dll
 0002:000002e0       __imp_sf_get_hasSeparateUpdateOutputs 00000001800112e0     sf_runtime:sf_runtime.dll
 0002:000002e8       __imp_sf_get_ChartInfoStruct_CodeGen 00000001800112e8     sf_runtime:sf_runtime.dll
 0002:000002f0       __imp_ssGetOutputPortSignal_wrapper 00000001800112f0     sf_runtime:sf_runtime.dll
 0002:000002f8       __imp_sf_clear_error_manager_info 00000001800112f8     sf_runtime:sf_runtime.dll
 0002:00000300       __imp_sf_mex_import        0000000180011300     sf_runtime:sf_runtime.dll
 0002:00000308       __imp_sf_mex_destroy       0000000180011308     sf_runtime:sf_runtime.dll
 0002:00000310       __imp_sf_mex_dup           0000000180011310     sf_runtime:sf_runtime.dll
 0002:00000318       __imp_sf_mex_assign        0000000180011318     sf_runtime:sf_runtime.dll
 0002:00000320       __imp_sf_mex_getcell       0000000180011320     sf_runtime:sf_runtime.dll
 0002:00000328       __imp_sf_mex_setcell       0000000180011328     sf_runtime:sf_runtime.dll
 0002:00000330       __imp_sf_mex_createcellmatrix 0000000180011330     sf_runtime:sf_runtime.dll
 0002:00000338       __imp_sf_mex_create        0000000180011338     sf_runtime:sf_runtime.dll
 0002:00000340       __imp_sf_mex_error_message 0000000180011340     sf_runtime:sf_runtime.dll
 0002:00000348       __imp_sfListenerLightTerminate 0000000180011348     sf_runtime:sf_runtime.dll
 0002:00000350       __imp_sfListenerCacheSimStruct 0000000180011350     sf_runtime:sf_runtime.dll
 0002:00000358       __imp_sf_set_work_widths   0000000180011358     sf_runtime:sf_runtime.dll
 0002:00000360       __imp_sf_warn_if_symbolic_dimension_param_changed 0000000180011360     sf_runtime:sf_runtime.dll
 0002:00000368       __imp_setDebuggerFlag      0000000180011368     sf_runtime:sf_runtime.dll
 0002:00000370       __imp_setLegacyDebuggerFlag 0000000180011370     sf_runtime:sf_runtime.dll
 0002:00000378       __imp_setDataBrowseFcn     0000000180011378     sf_runtime:sf_runtime.dll
 0002:00000380       __imp_sfDoAnimationWrapper 0000000180011380     sf_runtime:sf_runtime.dll
 0002:00000388       __imp_sf_get_time          0000000180011388     sf_runtime:sf_runtime.dll
 0002:00000390       __imp_sf_clear_rtw_identifier 0000000180011390     sf_runtime:sf_runtime.dll
 0002:00000398       __imp_sim_mode_is_external 0000000180011398     sf_runtime:sf_runtime.dll
 0002:000003a0       __imp_sim_mode_is_rtw_gen  00000001800113a0     sf_runtime:sf_runtime.dll
 0002:000003a8       __imp_sf_get_chart_instance_ptr 00000001800113a8     sf_runtime:sf_runtime.dll
 0002:000003b0       __imp_sfrtGetCovrtInstance 00000001800113b0     sf_runtime:sf_runtime.dll
 0002:000003b8       __imp_sfrtGetEmlrtCtx      00000001800113b8     sf_runtime:sf_runtime.dll
 0002:000003c0       __imp_sf_free_ChartRunTimeInfo 00000001800113c0     sf_runtime:sf_runtime.dll
 0002:000003c8       __imp_sf_init_ChartRunTimeInfo 00000001800113c8     sf_runtime:sf_runtime.dll
 0002:000003d0       __imp_sf_mex_decode        00000001800113d0     sf_runtime:sf_runtime.dll
 0002:000003d8       __imp_sf_load_rtw_optimization_info 00000001800113d8     sf_runtime:sf_runtime.dll
 0002:000003e0       __imp_sfListenerInitializeRuntimeVars 00000001800113e0     sf_runtime:sf_runtime.dll
 0002:000003e8       __imp_ssGetInputPortSignal_wrapper 00000001800113e8     sf_runtime:sf_runtime.dll
 0002:000003f0       \177sf_runtime_NULL_THUNK_DATA 00000001800113f0     sf_runtime:sf_runtime.dll
 0002:000003f8       __guard_check_icall_fptr   00000001800113f8     MSVCRT:guard_support.obj
 0002:00000400       __guard_dispatch_icall_fptr 0000000180011400     MSVCRT:guard_support.obj
 0002:00000408       __xc_a                     0000000180011408     MSVCRT:initializers.obj
 0002:00000410       __xc_z                     0000000180011410     MSVCRT:initializers.obj
 0002:00000418       __xi_a                     0000000180011418     MSVCRT:initializers.obj
 0002:00000420       __xi_z                     0000000180011420     MSVCRT:initializers.obj
 0002:00000428       __xp_a                     0000000180011428     MSVCRT:initializers.obj
 0002:00000430       __xp_z                     0000000180011430     MSVCRT:initializers.obj
 0002:00000438       __xt_a                     0000000180011438     MSVCRT:initializers.obj
 0002:00000440       __xt_z                     0000000180011440     MSVCRT:initializers.obj
 0002:00000450       __real@41b44f897d000000    0000000180011450     flightControlSystem_sfun.obj
 0002:00000458       __real@41b92f8712000000    0000000180011458     flightControlSystem_sfun.obj
 0002:00000460       __real@41bad2f744000000    0000000180011460     flightControlSystem_sfun.obj
 0002:00000468       __real@41bc7b7738000000    0000000180011468     flightControlSystem_sfun.obj
 0002:00000470       __real@41c591e52b800000    0000000180011470     flightControlSystem_sfun.obj
 0002:00000478       __real@41c9c5da0c800000    0000000180011478     flightControlSystem_sfun.obj
 0002:00000480       __real@41ceb78bc0800000    0000000180011480     flightControlSystem_sfun.obj
 0002:00000488       __real@41d2bf11bc800000    0000000180011488     flightControlSystem_sfun.obj
 0002:00000490       __real@41da488b87400000    0000000180011490     flightControlSystem_sfun.obj
 0002:00000498       __real@41e3f2a9e2200000    0000000180011498     flightControlSystem_sfun.obj
 0002:000004a0       __real@41e3fa3198000000    00000001800114a0     flightControlSystem_sfun.obj
 0002:000004a8       __real@41eeee8481c00000    00000001800114a8     flightControlSystem_sfun.obj
 0002:000004b8       __real@3fdad0e560418937    00000001800114b8     c12_flightControlSystem.obj
 0002:000004c0       __real@3feae978d4fdf3b6    00000001800114c0     c12_flightControlSystem.obj
 0002:000004c8       __real@3fee04189374bc6a    00000001800114c8     c12_flightControlSystem.obj
 0002:000004d0       __real@3ff0000000000000    00000001800114d0     c12_flightControlSystem.obj
 0002:000004d8       __real@40d2c00000000000    00000001800114d8     c12_flightControlSystem.obj
 0002:000004e0       __real@41c0a92c54000000    00000001800114e0     c12_flightControlSystem.obj
 0002:000004e8       __real@41c0c62ea6800000    00000001800114e8     c12_flightControlSystem.obj
 0002:000004f0       __real@41dc7ed3dec00000    00000001800114f0     c12_flightControlSystem.obj
 0002:000004f8       __real@41edf3e784600000    00000001800114f8     c12_flightControlSystem.obj
 0002:00000508       __real@41c4c7313b000000    0000000180011508     c16_flightControlSystem.obj
 0002:00000510       __real@41de6b740dc00000    0000000180011510     c16_flightControlSystem.obj
 0002:00000518       __real@41e1580dc5e00000    0000000180011518     c16_flightControlSystem.obj
 0002:00000520       __real@41e67bc192e00000    0000000180011520     c16_flightControlSystem.obj
 0002:00000528       DYNAMIC_DIMENSION_DEF      0000000180011528     flightControlSystem_sfun_registry.obj
 0002:00000540       __real@0000000000000000    0000000180011540     flightControlSystem_sfun_registry.obj
 0002:00000548       __real@4010000000000000    0000000180011548     flightControlSystem_sfun_registry.obj
 0002:00000550       __real@41602cbca0000000    0000000180011550     flightControlSystem_sfun_registry.obj
 0002:00000558       __real@bff0000000000000    0000000180011558     flightControlSystem_sfun_registry.obj
 0002:00000570       _pRawDllMain               0000000180011570     MSVCRT:dll_dllmain.obj
 0002:00000570       _pDefaultRawDllMain        0000000180011570     MSVCRT:dll_dllmain.obj
 0002:000005a0       _load_config_used          00000001800115a0     MSVCRT:loadcfg.obj
 0002:00000890       __rtc_iaa                  0000000180011890     MSVCRT:_initsect_.obj
 0002:00000898       __rtc_izz                  0000000180011898     MSVCRT:_initsect_.obj
 0002:000008a0       __rtc_taa                  00000001800118a0     MSVCRT:_initsect_.obj
 0002:000008a8       __rtc_tzz                  00000001800118a8     MSVCRT:_initsect_.obj
 0002:00001344       __IMPORT_DESCRIPTOR_libmwrgb2hsv_tbb 0000000180012344     libmwrgb2hsv_tbb:libmwrgb2hsv_tbb.dll
 0002:00001358       __IMPORT_DESCRIPTOR_sf_runtime 0000000180012358     sf_runtime:sf_runtime.dll
 0002:0000136c       __IMPORT_DESCRIPTOR_libmx  000000018001236c     libmx:libmx.dll
 0002:00001380       __IMPORT_DESCRIPTOR_libmex 0000000180012380     libmex:libmex.dll
 0002:00001394       __IMPORT_DESCRIPTOR_libut  0000000180012394     libut:libut.dll
 0002:000013a8       __IMPORT_DESCRIPTOR_libcovrt 00000001800123a8     libcovrt:libcovrt.dll
 0002:000013bc       __IMPORT_DESCRIPTOR_KERNEL32 00000001800123bc     kernel32:KERNEL32.dll
 0002:000013d0       __IMPORT_DESCRIPTOR_VCRUNTIME140 00000001800123d0     vcruntime:VCRUNTIME140.dll
 0002:000013e4       __IMPORT_DESCRIPTOR_api-ms-win-crt-string-l1-1-0 00000001800123e4     ucrt:api-ms-win-crt-string-l1-1-0.dll
 0002:000013f8       __IMPORT_DESCRIPTOR_api-ms-win-crt-stdio-l1-1-0 00000001800123f8     ucrt:api-ms-win-crt-stdio-l1-1-0.dll
 0002:0000140c       __IMPORT_DESCRIPTOR_api-ms-win-crt-heap-l1-1-0 000000018001240c     ucrt:api-ms-win-crt-heap-l1-1-0.dll
 0002:00001420       __IMPORT_DESCRIPTOR_api-ms-win-crt-runtime-l1-1-0 0000000180012420     ucrt:api-ms-win-crt-runtime-l1-1-0.dll
 0002:00001434       __NULL_IMPORT_DESCRIPTOR   0000000180012434     libmwrgb2hsv_tbb:libmwrgb2hsv_tbb.dll
 0003:00001fd0       DYNAMIC_DIMENSION          0000000180015fd0     flightControlSystem_sfun_registry.obj
 0003:000043c0       __imp_mexfilerequiredapiversion 00000001800183c0     c_mexapi_version.obj
 0003:000043d0       __security_cookie          00000001800183d0     MSVCRT:gs_cookie.obj
 0003:000043d8       __security_cookie_complement 00000001800183d8     MSVCRT:gs_cookie.obj
 0003:000043e0       _fltused                   00000001800183e0     MSVCRT:dllsupp.obj
 0003:000043f0       __scrt_native_dllmain_reason 00000001800183f0     MSVCRT:utility.obj
 0003:000043f8       __isa_available            00000001800183f8     MSVCRT:_cpu_disp_.obj
 0003:000043fc       __isa_enabled              00000001800183fc     MSVCRT:_cpu_disp_.obj
 0003:00004400       __memcpy_nt_iters          0000000180018400     MSVCRT:_cpu_disp_.obj
 0003:00004410       __scrt_ucrt_dll_is_in_use  0000000180018410     MSVCRT:ucrt_stubs.obj
 0003:00005328       __scrt_current_native_startup_state 0000000180019328     MSVCRT:utility.obj
 0003:00005330       __scrt_native_startup_lock 0000000180019330     MSVCRT:utility.obj
 0003:00005370       ?__type_info_root_node@@3U__type_info_node@@A 0000000180019370     MSVCRT:tncleanup.obj
 0003:00005380       ?_OptionsStorage@?1??__local_stdio_printf_options@@9@4_KA 0000000180019380     MSVCRT:default_local_stdio_options.obj
 0003:00005388       ?_OptionsStorage@?1??__local_stdio_scanf_options@@9@4_KA 0000000180019388     MSVCRT:default_local_stdio_options.obj
 0003:00005390       __scrt_debugger_hook_flag  0000000180019390     MSVCRT:utility_desktop.obj
 0003:00005394       __favor                    0000000180019394     MSVCRT:_cpu_disp_.obj
 0003:00005398       ?_OptionsStorage@?1??__local_stdio_printf_options@@9@9 0000000180019398     <common>
 0003:000053a0       __dyn_tls_init_callback    00000001800193a0     <common>

 entry point at        0001:0000f118

 Static symbols

 0000:00000000       .debug$S                   0000000180000000     libmx:libmx.dll
 0000:00000000       .debug$S                   0000000180000000     flightControlSystem_sfun.exp
 0000:00000000       .debug$S                   0000000180000000     ucrt:api-ms-win-crt-heap-l1-1-0.dll
 0000:00000000       .debug$S                   0000000180000000     ucrt:api-ms-win-crt-heap-l1-1-0.dll
 0000:00000000       .debug$S                   0000000180000000     ucrt:api-ms-win-crt-runtime-l1-1-0.dll
 0000:00000000       .debug$S                   0000000180000000     ucrt:api-ms-win-crt-runtime-l1-1-0.dll
 0000:00000000       .debug$S                   0000000180000000     ucrt:api-ms-win-crt-runtime-l1-1-0.dll
 0000:00000000       .debug$S                   0000000180000000     ucrt:api-ms-win-crt-runtime-l1-1-0.dll
 0000:00000000       .debug$S                   0000000180000000     ucrt:api-ms-win-crt-runtime-l1-1-0.dll
 0000:00000000       .debug$S                   0000000180000000     ucrt:api-ms-win-crt-runtime-l1-1-0.dll
 0000:00000000       .debug$S                   0000000180000000     ucrt:api-ms-win-crt-runtime-l1-1-0.dll
 0000:00000000       .debug$S                   0000000180000000     ucrt:api-ms-win-crt-runtime-l1-1-0.dll
 0000:00000000       .debug$S                   0000000180000000     ucrt:api-ms-win-crt-runtime-l1-1-0.dll
 0000:00000000       .debug$S                   0000000180000000     ucrt:api-ms-win-crt-runtime-l1-1-0.dll
 0000:00000000       .debug$S                   0000000180000000     ucrt:api-ms-win-crt-runtime-l1-1-0.dll
 0000:00000000       .debug$S                   0000000180000000     ucrt:api-ms-win-crt-runtime-l1-1-0.dll
 0000:00000000       .debug$S                   0000000180000000     ucrt:api-ms-win-crt-stdio-l1-1-0.dll
 0000:00000000       .debug$S                   0000000180000000     ucrt:api-ms-win-crt-string-l1-1-0.dll
 0000:00000000       .debug$S                   0000000180000000     ucrt:api-ms-win-crt-string-l1-1-0.dll
 0000:00000000       .debug$S                   0000000180000000     ucrt:api-ms-win-crt-string-l1-1-0.dll
 0000:00000000       .debug$S                   0000000180000000     vcruntime:VCRUNTIME140.dll
 0000:00000000       .debug$S                   0000000180000000     vcruntime:VCRUNTIME140.dll
 0000:00000000       .debug$S                   0000000180000000     vcruntime:VCRUNTIME140.dll
 0000:00000000       .debug$S                   0000000180000000     vcruntime:VCRUNTIME140.dll
 0000:00000000       .debug$S                   0000000180000000     kernel32:KERNEL32.dll
 0000:00000000       .debug$S                   0000000180000000     kernel32:KERNEL32.dll
 0000:00000000       .debug$S                   0000000180000000     kernel32:KERNEL32.dll
 0000:00000000       .debug$S                   0000000180000000     kernel32:KERNEL32.dll
 0000:00000000       .debug$S                   0000000180000000     kernel32:KERNEL32.dll
 0000:00000000       .debug$S                   0000000180000000     kernel32:KERNEL32.dll
 0000:00000000       .debug$S                   0000000180000000     kernel32:KERNEL32.dll
 0000:00000000       .debug$S                   0000000180000000     kernel32:KERNEL32.dll
 0000:00000000       .debug$S                   0000000180000000     kernel32:KERNEL32.dll
 0000:00000000       .debug$S                   0000000180000000     kernel32:KERNEL32.dll
 0000:00000000       .debug$S                   0000000180000000     kernel32:KERNEL32.dll
 0000:00000000       .debug$S                   0000000180000000     kernel32:KERNEL32.dll
 0000:00000000       .debug$S                   0000000180000000     kernel32:KERNEL32.dll
 0000:00000000       .debug$S                   0000000180000000     kernel32:KERNEL32.dll
 0000:00000000       .debug$S                   0000000180000000     kernel32:KERNEL32.dll
 0000:00000000       .debug$S                   0000000180000000     kernel32:KERNEL32.dll
 0000:00000000       .debug$S                   0000000180000000     kernel32:KERNEL32.dll
 0000:00000000       .debug$S                   0000000180000000     sf_runtime:sf_runtime.dll
 0000:00000000       .debug$S                   0000000180000000     sf_runtime:sf_runtime.dll
 0000:00000000       .debug$S                   0000000180000000     sf_runtime:sf_runtime.dll
 0000:00000000       .debug$S                   0000000180000000     sf_runtime:sf_runtime.dll
 0000:00000000       .debug$S                   0000000180000000     sf_runtime:sf_runtime.dll
 0000:00000000       .debug$S                   0000000180000000     sf_runtime:sf_runtime.dll
 0000:00000000       .debug$S                   0000000180000000     sf_runtime:sf_runtime.dll
 0000:00000000       .debug$S                   0000000180000000     sf_runtime:sf_runtime.dll
 0000:00000000       .debug$S                   0000000180000000     libmx:libmx.dll
 0000:00000000       .debug$S                   0000000180000000     libmx:libmx.dll
 0000:00000000       .debug$S                   0000000180000000     libmx:libmx.dll
 0000:00000000       .debug$S                   0000000180000000     libmx:libmx.dll
 0000:00000000       .debug$S                   0000000180000000     libmx:libmx.dll
 0000:00000000       .debug$S                   0000000180000000     libmx:libmx.dll
 0000:00000000       .debug$S                   0000000180000000     libmx:libmx.dll
 0000:00000000       .debug$S                   0000000180000000     libmx:libmx.dll
 0000:00000000       .debug$S                   0000000180000000     libmx:libmx.dll
 0000:00000000       .debug$S                   0000000180000000     libmx:libmx.dll
 0000:00000000       .debug$S                   0000000180000000     libmx:libmx.dll
 0000:00000000       .debug$S                   0000000180000000     libmwrgb2hsv_tbb:libmwrgb2hsv_tbb.dll
 0000:00000000       .debug$S                   0000000180000000     libmx:libmx.dll
 0000:00000000       .debug$S                   0000000180000000     sf_runtime:sf_runtime.dll
 0000:00000000       .debug$S                   0000000180000000     libmx:libmx.dll
 0000:00000000       .debug$S                   0000000180000000     sf_runtime:sf_runtime.dll
 0000:00000000       .debug$S                   0000000180000000     libmx:libmx.dll
 0000:00000000       .debug$S                   0000000180000000     sf_runtime:sf_runtime.dll
 0000:00000000       .debug$S                   0000000180000000     libmx:libmx.dll
 0000:00000000       .debug$S                   0000000180000000     sf_runtime:sf_runtime.dll
 0000:00000000       .debug$S                   0000000180000000     sf_runtime:sf_runtime.dll
 0000:00000000       .debug$S                   0000000180000000     sf_runtime:sf_runtime.dll
 0000:00000000       .debug$S                   0000000180000000     sf_runtime:sf_runtime.dll
 0000:00000000       .debug$S                   0000000180000000     sf_runtime:sf_runtime.dll
 0000:00000000       .debug$S                   0000000180000000     sf_runtime:sf_runtime.dll
 0000:00000000       .debug$S                   0000000180000000     sf_runtime:sf_runtime.dll
 0000:00000000       .debug$S                   0000000180000000     sf_runtime:sf_runtime.dll
 0000:00000000       .debug$S                   0000000180000000     sf_runtime:sf_runtime.dll
 0000:00000000       .debug$S                   0000000180000000     sf_runtime:sf_runtime.dll
 0000:00000000       .debug$S                   0000000180000000     sf_runtime:sf_runtime.dll
 0000:00000000       .debug$S                   0000000180000000     sf_runtime:sf_runtime.dll
 0000:00000000       .debug$S                   0000000180000000     sf_runtime:sf_runtime.dll
 0000:00000000       .debug$S                   0000000180000000     sf_runtime:sf_runtime.dll
 0000:00000000       .debug$S                   0000000180000000     sf_runtime:sf_runtime.dll
 0000:00000000       .debug$S                   0000000180000000     sf_runtime:sf_runtime.dll
 0000:00000000       .debug$S                   0000000180000000     sf_runtime:sf_runtime.dll
 0000:00000000       .debug$S                   0000000180000000     sf_runtime:sf_runtime.dll
 0000:00000000       .debug$S                   0000000180000000     sf_runtime:sf_runtime.dll
 0000:00000000       .debug$S                   0000000180000000     sf_runtime:sf_runtime.dll
 0000:00000000       .debug$S                   0000000180000000     sf_runtime:sf_runtime.dll
 0000:00000000       .debug$S                   0000000180000000     libmx:libmx.dll
 0000:00000000       .debug$S                   0000000180000000     libmx:libmx.dll
 0000:00000000       .debug$S                   0000000180000000     libmx:libmx.dll
 0000:00000000       .debug$S                   0000000180000000     sf_runtime:sf_runtime.dll
 0000:00000000       .debug$S                   0000000180000000     sf_runtime:sf_runtime.dll
 0000:00000000       .debug$S                   0000000180000000     libmex:libmex.dll
 0000:00000000       .debug$S                   0000000180000000     libmex:libmex.dll
 0000:00000000       .debug$S                   0000000180000000     libmex:libmex.dll
 0000:00000000       .debug$S                   0000000180000000     sf_runtime:sf_runtime.dll
 0000:00000000       .debug$S                   0000000180000000     libmex:libmex.dll
 0000:00000000       .debug$S                   0000000180000000     sf_runtime:sf_runtime.dll
 0000:00000000       .debug$S                   0000000180000000     libmex:libmex.dll
 0000:00000000       .debug$S                   0000000180000000     sf_runtime:sf_runtime.dll
 0000:00000000       .debug$S                   0000000180000000     libmex:libmex.dll
 0000:00000000       .debug$S                   0000000180000000     libmex:libmex.dll
 0000:00000000       .debug$S                   0000000180000000     libut:libut.dll
 0000:00000000       .debug$S                   0000000180000000     libut:libut.dll
 0000:00000000       .debug$S                   0000000180000000     libcovrt:libcovrt.dll
 0000:00000000       .debug$S                   0000000180000000     libcovrt:libcovrt.dll
 0000:00000000       .debug$S                   0000000180000000     libcovrt:libcovrt.dll
 0000:00000000       .debug$S                   0000000180000000     libcovrt:libcovrt.dll
 0000:00000000       .debug$S                   0000000180000000     libcovrt:libcovrt.dll
 0000:00000000       .debug$S                   0000000180000000     libcovrt:libcovrt.dll
 0000:00000000       .debug$S                   0000000180000000     libcovrt:libcovrt.dll
 0000:00000000       .debug$S                   0000000180000000     libcovrt:libcovrt.dll
 0000:00000000       .debug$S                   0000000180000000     libcovrt:libcovrt.dll
 0000:00000000       .debug$S                   0000000180000000     sf_runtime:sf_runtime.dll
 0001:000012f0       initialize_c12_flightControlSystem 00000001800022f0 f   c12_flightControlSystem.obj
 0001:00001350       initialize_params_c12_flightControlSystem 0000000180002350 f   c12_flightControlSystem.obj
 0001:00001360       enable_c12_flightControlSystem 0000000180002360 f   c12_flightControlSystem.obj
 0001:00001390       disable_c12_flightControlSystem 0000000180002390 f   c12_flightControlSystem.obj
 0001:000013c0       c12_do_animation_call_c12_flightControlSystem 00000001800023c0 f   c12_flightControlSystem.obj
 0001:00001400       get_sim_state_c12_flightControlSystem 0000000180002400 f   c12_flightControlSystem.obj
 0001:00001570       set_sim_state_c12_flightControlSystem 0000000180002570 f   c12_flightControlSystem.obj
 0001:000016a0       sf_gateway_c12_flightControlSystem 00000001800026a0 f   c12_flightControlSystem.obj
 0001:000017b0       mdl_start_c12_flightControlSystem 00000001800027b0 f   c12_flightControlSystem.obj
 0001:000017c0       mdl_terminate_c12_flightControlSystem 00000001800027c0 f   c12_flightControlSystem.obj
 0001:000017d0       mdl_setup_runtime_resources_c12_flightControlSystem 00000001800027d0 f   c12_flightControlSystem.obj
 0001:00001a20       mdl_cleanup_runtime_resources_c12_flightControlSystem 0000000180002a20 f   c12_flightControlSystem.obj
 0001:00001a60       c12_chartstep_c12_flightControlSystem 0000000180002a60 f   c12_flightControlSystem.obj
 0001:00002210       initSimStructsc12_flightControlSystem 0000000180003210 f   c12_flightControlSystem.obj
 0001:00002220       c12_rgb2hsv                0000000180003220 f   c12_flightControlSystem.obj
 0001:00002260       c12_emlrt_marshallIn       0000000180003260 f   c12_flightControlSystem.obj
 0001:000022d0       c12_b_emlrt_marshallIn     00000001800032d0 f   c12_flightControlSystem.obj
 0001:000023d0       c12_c_emlrt_marshallIn     00000001800033d0 f   c12_flightControlSystem.obj
 0001:00002440       c12_d_emlrt_marshallIn     0000000180003440 f   c12_flightControlSystem.obj
 0001:000024d0       c12_chart_data_browse_helper 00000001800034d0 f   c12_flightControlSystem.obj
 0001:000025e0       init_dsm_address_info      00000001800035e0 f   c12_flightControlSystem.obj
 0001:000025f0       init_simulink_io_address   00000001800035f0 f   c12_flightControlSystem.obj
 0001:00002880       sf_get_sim_state_info_c12_flightControlSystem 0000000180003880 f   c12_flightControlSystem.obj
 0001:00002940       sf_opaque_initialize_c12_flightControlSystem 0000000180003940 f   c12_flightControlSystem.obj
 0001:00002970       sf_opaque_enable_c12_flightControlSystem 0000000180003970 f   c12_flightControlSystem.obj
 0001:00002990       sf_opaque_disable_c12_flightControlSystem 0000000180003990 f   c12_flightControlSystem.obj
 0001:000029b0       sf_opaque_gateway_c12_flightControlSystem 00000001800039b0 f   c12_flightControlSystem.obj
 0001:000029d0       sf_opaque_get_sim_state_c12_flightControlSystem 00000001800039d0 f   c12_flightControlSystem.obj
 0001:00002a00       sf_opaque_set_sim_state_c12_flightControlSystem 0000000180003a00 f   c12_flightControlSystem.obj
 0001:00002a30       sf_opaque_cleanup_runtime_resources_c12_flightControlSystem 0000000180003a30 f   c12_flightControlSystem.obj
 0001:00002ad0       sf_opaque_mdl_start_c12_flightControlSystem 0000000180003ad0 f   c12_flightControlSystem.obj
 0001:00002af0       sf_opaque_mdl_terminate_c12_flightControlSystem 0000000180003af0 f   c12_flightControlSystem.obj
 0001:00002b10       mdlProcessParameters_c12_flightControlSystem 0000000180003b10 f   c12_flightControlSystem.obj
 0001:00002d80       mdlSetWorkWidths_c12_flightControlSystem 0000000180003d80 f   c12_flightControlSystem.obj
 0001:00002e10       mdlRTW_c12_flightControlSystem 0000000180003e10 f   c12_flightControlSystem.obj
 0001:00002e50       mdlSetupRuntimeResources_c12_flightControlSystem 0000000180003e50 f   c12_flightControlSystem.obj
 0001:00003290       initialize_c16_flightControlSystem 0000000180004290 f   c16_flightControlSystem.obj
 0001:000032f0       initialize_params_c16_flightControlSystem 00000001800042f0 f   c16_flightControlSystem.obj
 0001:00003300       enable_c16_flightControlSystem 0000000180004300 f   c16_flightControlSystem.obj
 0001:00003330       disable_c16_flightControlSystem 0000000180004330 f   c16_flightControlSystem.obj
 0001:00003360       c16_do_animation_call_c16_flightControlSystem 0000000180004360 f   c16_flightControlSystem.obj
 0001:000033a0       get_sim_state_c16_flightControlSystem 00000001800043a0 f   c16_flightControlSystem.obj
 0001:00003510       set_sim_state_c16_flightControlSystem 0000000180004510 f   c16_flightControlSystem.obj
 0001:00003640       sf_gateway_c16_flightControlSystem 0000000180004640 f   c16_flightControlSystem.obj
 0001:00003750       mdl_start_c16_flightControlSystem 0000000180004750 f   c16_flightControlSystem.obj
 0001:00003760       mdl_terminate_c16_flightControlSystem 0000000180004760 f   c16_flightControlSystem.obj
 0001:00003770       mdl_setup_runtime_resources_c16_flightControlSystem 0000000180004770 f   c16_flightControlSystem.obj
 0001:000039c0       mdl_cleanup_runtime_resources_c16_flightControlSystem 00000001800049c0 f   c16_flightControlSystem.obj
 0001:00003a00       c16_chartstep_c16_flightControlSystem 0000000180004a00 f   c16_flightControlSystem.obj
 0001:000041b0       initSimStructsc16_flightControlSystem 00000001800051b0 f   c16_flightControlSystem.obj
 0001:000041c0       c16_rgb2hsv                00000001800051c0 f   c16_flightControlSystem.obj
 0001:00004200       c16_emlrt_marshallIn       0000000180005200 f   c16_flightControlSystem.obj
 0001:00004270       c16_b_emlrt_marshallIn     0000000180005270 f   c16_flightControlSystem.obj
 0001:00004370       c16_c_emlrt_marshallIn     0000000180005370 f   c16_flightControlSystem.obj
 0001:000043e0       c16_d_emlrt_marshallIn     00000001800053e0 f   c16_flightControlSystem.obj
 0001:00004470       c16_chart_data_browse_helper 0000000180005470 f   c16_flightControlSystem.obj
 0001:00004580       init_dsm_address_info      0000000180005580 f   c16_flightControlSystem.obj
 0001:00004590       init_simulink_io_address   0000000180005590 f   c16_flightControlSystem.obj
 0001:00004820       sf_get_sim_state_info_c16_flightControlSystem 0000000180005820 f   c16_flightControlSystem.obj
 0001:000048e0       sf_opaque_initialize_c16_flightControlSystem 00000001800058e0 f   c16_flightControlSystem.obj
 0001:00004910       sf_opaque_enable_c16_flightControlSystem 0000000180005910 f   c16_flightControlSystem.obj
 0001:00004930       sf_opaque_disable_c16_flightControlSystem 0000000180005930 f   c16_flightControlSystem.obj
 0001:00004950       sf_opaque_gateway_c16_flightControlSystem 0000000180005950 f   c16_flightControlSystem.obj
 0001:00004970       sf_opaque_get_sim_state_c16_flightControlSystem 0000000180005970 f   c16_flightControlSystem.obj
 0001:000049a0       sf_opaque_set_sim_state_c16_flightControlSystem 00000001800059a0 f   c16_flightControlSystem.obj
 0001:000049d0       sf_opaque_cleanup_runtime_resources_c16_flightControlSystem 00000001800059d0 f   c16_flightControlSystem.obj
 0001:00004a70       sf_opaque_mdl_start_c16_flightControlSystem 0000000180005a70 f   c16_flightControlSystem.obj
 0001:00004a90       sf_opaque_mdl_terminate_c16_flightControlSystem 0000000180005a90 f   c16_flightControlSystem.obj
 0001:00004ab0       mdlProcessParameters_c16_flightControlSystem 0000000180005ab0 f   c16_flightControlSystem.obj
 0001:00004d20       mdlSetWorkWidths_c16_flightControlSystem 0000000180005d20 f   c16_flightControlSystem.obj
 0001:00004db0       mdlRTW_c16_flightControlSystem 0000000180005db0 f   c16_flightControlSystem.obj
 0001:00004df0       mdlSetupRuntimeResources_c16_flightControlSystem 0000000180005df0 f   c16_flightControlSystem.obj
 0001:00007730       $LN190                     0000000180008730     flightControlSystem_sfun_registry.obj
 0001:00008524       $LN17                      0000000180009524     flightControlSystem_sfun_registry.obj
 0001:00008c24       $LN26                      0000000180009c24     flightControlSystem_sfun_registry.obj
 0001:00009304       $LN23                      000000018000a304     flightControlSystem_sfun_registry.obj
 0001:00009ebc       $LN26                      000000018000aebc     flightControlSystem_sfun_registry.obj
 0001:0000c870       ProcessMexSfunctionCmdLineCall 000000018000d870 f   flightControlSystem_sfun_registry.obj
 0001:0000cb80       mdlSetWorkWidths           000000018000db80 f   flightControlSystem_sfun_registry.obj
 0001:0000cbd0       mdlProcessParameters       000000018000dbd0 f   flightControlSystem_sfun_registry.obj
 0001:0000cc00       mdl_setup_runtime_resources_processing 000000018000dc00 f   flightControlSystem_sfun_registry.obj
 0001:0000cc60       mdlSetupRuntimeResources   000000018000dc60 f   flightControlSystem_sfun_registry.obj
 0001:0000cc90       mdl_cleanup_runtime_resources_processing 000000018000dc90 f   flightControlSystem_sfun_registry.obj
 0001:0000cd50       mdlCleanupRuntimeResources 000000018000dd50 f   flightControlSystem_sfun_registry.obj
 0001:0000cd80       mdl_start_processing       000000018000dd80 f   flightControlSystem_sfun_registry.obj
 0001:0000cdc0       mdlStart                   000000018000ddc0 f   flightControlSystem_sfun_registry.obj
 0001:0000cdf0       mdl_terminate_processing   000000018000ddf0 f   flightControlSystem_sfun_registry.obj
 0001:0000ce30       mdlTerminate               000000018000de30 f   flightControlSystem_sfun_registry.obj
 0001:0000ce60       mdlInitializeSizes         000000018000de60 f   flightControlSystem_sfun_registry.obj
 0001:0000ce90       mdlInitializeSampleTimes   000000018000de90 f   flightControlSystem_sfun_registry.obj
 0001:0000cec0       mdl_outputs_continuous_legacy 000000018000dec0 f   flightControlSystem_sfun_registry.obj
 0001:0000cfc0       mdl_outputs_processing     000000018000dfc0 f   flightControlSystem_sfun_registry.obj
 0001:0000d0e0       mdl_zeroCrossings_processing 000000018000e0e0 f   flightControlSystem_sfun_registry.obj
 0001:0000d120       mdlZeroCrossings           000000018000e120 f   flightControlSystem_sfun_registry.obj
 0001:0000d150       mdl_derivatives_processing 000000018000e150 f   flightControlSystem_sfun_registry.obj
 0001:0000d1a0       mdlDerivatives             000000018000e1a0 f   flightControlSystem_sfun_registry.obj
 0001:0000d1d0       mdl_initialize_conditions_processing 000000018000e1d0 f   flightControlSystem_sfun_registry.obj
 0001:0000d220       mdlInitializeConditions    000000018000e220 f   flightControlSystem_sfun_registry.obj
 0001:0000d250       mdl_ext_mode_exec_processing 000000018000e250 f   flightControlSystem_sfun_registry.obj
 0001:0000d290       mdlExtModeExec             000000018000e290 f   flightControlSystem_sfun_registry.obj
 0001:0000d2c0       mdlRTW                     000000018000e2c0 f   flightControlSystem_sfun_registry.obj
 0001:0000d300       mdl_enable_processing      000000018000e300 f   flightControlSystem_sfun_registry.obj
 0001:0000d340       mdlEnable                  000000018000e340 f   flightControlSystem_sfun_registry.obj
 0001:0000d370       mdl_disable_processing     000000018000e370 f   flightControlSystem_sfun_registry.obj
 0001:0000d3b0       mdlDisable                 000000018000e3b0 f   flightControlSystem_sfun_registry.obj
 0001:0000d3e0       mdlOutputs                 000000018000e3e0 f   flightControlSystem_sfun_registry.obj
 0001:0000d410       mdl_update_processing      000000018000e410 f   flightControlSystem_sfun_registry.obj
 0001:0000d460       mdlUpdate                  000000018000e460 f   flightControlSystem_sfun_registry.obj
 0001:0000d650       mdlGetTimeOfNextVarHit     000000018000e650 f   flightControlSystem_sfun_registry.obj
 0001:0000d6a0       _RegNumInputPortsCB        000000018000e6a0 f   flightControlSystem_sfun_registry.obj
 0001:0000d720       _RegNumOutputPortsCB       000000018000e720 f   flightControlSystem_sfun_registry.obj
 0001:0000d7a0       _CreateSimStruct           000000018000e7a0 f   flightControlSystem_sfun_registry.obj
 0001:0000d9c0       _ProcessMexSfunctionCmdLineCall 000000018000e9c0 f   flightControlSystem_sfun_registry.obj
 0001:0000e430       ReportIndexOutOfBoundsError 000000018000f430 f   flightControlSystem_sfun_registry.obj
 0001:0000ebc0       capture_current_context    000000018000fbc0 f   MSVCRT:gs_report.obj
 0001:0000ec30       capture_previous_context   000000018000fc30 f   MSVCRT:gs_report.obj
 0001:0000ed20       $$000000                   000000018000fd20     MSVCRT:_amdsecgs_.obj
 0001:0000ed60       $$000000                   000000018000fd60     MSVCRT:_chkstk_.obj
 0001:0000edc4       ?dllmain_crt_dispatch@@YAHQEAUHINSTANCE__@@KQEAX@Z 000000018000fdc4 f   MSVCRT:dll_dllmain.obj
 0001:0000ee14       ?dllmain_crt_process_attach@@YAHQEAUHINSTANCE__@@QEAX@Z 000000018000fe14 f   MSVCRT:dll_dllmain.obj
 0001:0000ef40       ?dllmain_crt_process_detach@@YAH_N@Z 000000018000ff40 f   MSVCRT:dll_dllmain.obj
 0001:0000efc4       ?dllmain_dispatch@@YAHQEAUHINSTANCE__@@KQEAX@Z 000000018000ffc4 f   MSVCRT:dll_dllmain.obj
 0001:0000f0bc       ?dllmain_raw@@YAHQEAUHINSTANCE__@@KQEAX@Z 00000001800100bc f   MSVCRT:dll_dllmain.obj
 0001:0000f1b0       ?find_pe_section@@YAPEAU_IMAGE_SECTION_HEADER@@QEAE_K@Z 00000001800101b0 f   MSVCRT:utility.obj
 0001:0000f1fc       ?is_potentially_valid_image_base@@YA_NQEAX@Z 00000001800101fc f   MSVCRT:utility.obj
 0001:0000fd40       $$000000                   0000000180010d40     MSVCRT:_guard_dispatch_.obj
 0001:0000fd52       ?fin$0@?0??dllmain_crt_process_attach@@YAHQEAUHINSTANCE__@@QEAX@Z@4HA 0000000180010d52 f   MSVCRT:dll_dllmain.obj
 0001:0000fd69       ?fin$0@?0??dllmain_crt_process_detach@@YAH_N@Z@4HA 0000000180010d69 f   MSVCRT:dll_dllmain.obj
 0001:0000fd85       ?filt$0@?0??dllmain_dispatch@@YAHQEAUHINSTANCE__@@KQEAX@Z@4HA 0000000180010d85 f   MSVCRT:dll_dllmain.obj
 0001:0000fdbb       __scrt_is_nonwritable_in_current_image$filt$0 0000000180010dbb f   MSVCRT:utility.obj
 0002:000004b0       ?c12_decisionTxtStartIdx@?1??mdl_setup_runtime_resources_c12_flightControlSystem@@9@9 00000001800114b0     c12_flightControlSystem.obj
 0002:000004b4       ?c12_decisionTxtEndIdx@?1??mdl_setup_runtime_resources_c12_flightControlSystem@@9@9 00000001800114b4     c12_flightControlSystem.obj
 0002:00000500       ?c16_decisionTxtStartIdx@?1??mdl_setup_runtime_resources_c16_flightControlSystem@@9@9 0000000180011500     c16_flightControlSystem.obj
 0002:00000504       ?c16_decisionTxtEndIdx@?1??mdl_setup_runtime_resources_c16_flightControlSystem@@9@9 0000000180011504     c16_flightControlSystem.obj
[...]
 0004:000003d8       $pdata$mdlSetWorkWidths_c16_flightControlSystem 000000018001a3d8     c16_flightControlSystem.obj
 0004:000003e4       $pdata$mdlRTW_c16_flightControlSystem 000000018001a3e4     c16_flightControlSystem.obj
 0004:000003f0       $pdata$mdlSetupRuntimeResources_c16_flightControlSystem 000000018001a3f0     c16_flightControlSystem.obj
 0004:000003fc       $pdata$mexFunction         000000018001a3fc     flightControlSystem_sfun_registry.obj
 0004:00000408       $pdata$_ssSetInputPortDirectFeedThroughFcn 000000018001a408     flightControlSystem_sfun_registry.obj
 0004:00000414       $pdata$_ssSetRWorkValueFcn 000000018001a414     flightControlSystem_sfun_registry.obj
 0004:00000420       $pdata$_ssGetRWorkValueFcn 000000018001a420     flightControlSystem_sfun_registry.obj
 0004:0000042c       $pdata$_ssSetIWorkValueFcn 000000018001a42c     flightControlSystem_sfun_registry.obj
 0004:00000438       $pdata$_ssGetIWorkValueFcn 000000018001a438     flightControlSystem_sfun_registry.obj
 0004:00000444       $pdata$_ssSetPWorkValueFcn 000000018001a444     flightControlSystem_sfun_registry.obj
 0004:00000450       $pdata$_ssGetPWorkValueFcn 000000018001a450     flightControlSystem_sfun_registry.obj
 0004:0000045c       $pdata$_ssGetInputPortSignalFcn 000000018001a45c     flightControlSystem_sfun_registry.obj
 0004:00000468       $pdata$_ssGetInputPortBufferDstPortFcn 000000018001a468     flightControlSystem_sfun_registry.obj
 0004:00000474       $pdata$_ssGetInputPortSignalPtrsFcn 000000018001a474     flightControlSystem_sfun_registry.obj
 0004:00000480       $pdata$ssGetParameterTuningCompliance 000000018001a480     flightControlSystem_sfun_registry.obj
 0004:0000048c       $pdata$ssGetDTypeIdFromMxArray 000000018001a48c     flightControlSystem_sfun_registry.obj
 0004:00000498       $pdata$ssWriteRTWMx2dMatParam 000000018001a498     flightControlSystem_sfun_registry.obj
 0004:000004a4       $pdata$ssWriteRTWMxVectParam 000000018001a4a4     flightControlSystem_sfun_registry.obj
 0004:000004b0       $pdata$ssWriteRTWParameters 000000018001a4b0     flightControlSystem_sfun_registry.obj
 0004:000004bc       $pdata$ssWriteRTWParamSettings 000000018001a4bc     flightControlSystem_sfun_registry.obj
 0004:000004c8       $pdata$ssWriteRTWStr       000000018001a4c8     flightControlSystem_sfun_registry.obj
 0004:000004d4       $pdata$ssWriteRTWWorkVect  000000018001a4d4     flightControlSystem_sfun_registry.obj
 0004:000004e0       $pdata$ssWarning           000000018001a4e0     flightControlSystem_sfun_registry.obj
 0004:000004ec       $pdata$ssWriteRTWNameValuePair 000000018001a4ec     flightControlSystem_sfun_registry.obj
 0004:000004f8       $pdata$_ssSetInputPortMatrixDimensions 000000018001a4f8     flightControlSystem_sfun_registry.obj
 0004:00000504       $pdata$_ssSetOutputPortMatrixDimensions 000000018001a504     flightControlSystem_sfun_registry.obj
 0004:00000510       $pdata$_ssSetInputPortVectorDimension 000000018001a510     flightControlSystem_sfun_registry.obj
 0004:0000051c       $pdata$_ssSetOutputPortVectorDimension 000000018001a51c     flightControlSystem_sfun_registry.obj
 0004:00000528       $pdata$ssIsRunTimeParamTunable 000000018001a528     flightControlSystem_sfun_registry.obj
 0004:00000534       $pdata$ssGetSFuncBlockHandle 000000018001a534     flightControlSystem_sfun_registry.obj
 0004:00000540       $pdata$_ssGetCurrentInputPortWidth 000000018001a540     flightControlSystem_sfun_registry.obj
 0004:0000054c       $pdata$_ssGetCurrentOutputPortWidth 000000018001a54c     flightControlSystem_sfun_registry.obj
 0004:00000558       $pdata$_ssGetCallSystemNumFcnCallDestinations 000000018001a558     flightControlSystem_sfun_registry.obj
 0004:00000564       $pdata$ssGetIsZeroCrossControlDisabled 000000018001a564     flightControlSystem_sfun_registry.obj
 0004:00000570       $pdata$ssSetIsInputPortUsedForContZcSignal 000000018001a570     flightControlSystem_sfun_registry.obj
 0004:0000057c       $pdata$ssSetZcSignalIsZcElementDisc 000000018001a57c     flightControlSystem_sfun_registry.obj
 0004:00000588       $pdata$ssSetZcSignalName   000000018001a588     flightControlSystem_sfun_registry.obj
 0004:00000594       $pdata$ssSetZcSignalWidth  000000018001a594     flightControlSystem_sfun_registry.obj
 0004:000005a0       $pdata$ssSetZcSignalZcEventType 000000018001a5a0     flightControlSystem_sfun_registry.obj
 0004:000005ac       $pdata$ssSetZcSignalType   000000018001a5ac     flightControlSystem_sfun_registry.obj
 0004:000005b8       $pdata$ssSetZcSignalZcTol  000000018001a5b8     flightControlSystem_sfun_registry.obj
 0004:000005c4       $pdata$ssSetZcSignalNeedsEventNotification 000000018001a5c4     flightControlSystem_sfun_registry.obj
 0004:000005d0       $pdata$ssCreateAndAddZcSignalInfo 000000018001a5d0     flightControlSystem_sfun_registry.obj
 0004:000005dc       $pdata$ssCloneAndAddZcSignalInfo 000000018001a5dc     flightControlSystem_sfun_registry.obj
 0004:000005e8       $pdata$ssGetNumZcSignals   000000018001a5e8     flightControlSystem_sfun_registry.obj
 0004:000005f4       $pdata$ssGetZcSignalVector 000000018001a5f4     flightControlSystem_sfun_registry.obj
 0004:00000600       $pdata$ssGetZcSignalName   000000018001a600     flightControlSystem_sfun_registry.obj
 0004:0000060c       $pdata$ssGetZcSignalWidth  000000018001a60c     flightControlSystem_sfun_registry.obj
 0004:00000618       $pdata$ssGetZcSignalZcEventType 000000018001a618     flightControlSystem_sfun_registry.obj
 0004:00000624       $pdata$ssGetZcSignalZcEvents 000000018001a624     flightControlSystem_sfun_registry.obj
 0004:00000630       $pdata$ssGetZcSignalType   000000018001a630     flightControlSystem_sfun_registry.obj
 0004:0000063c       $pdata$ssGetZcSignalZcTol  000000018001a63c     flightControlSystem_sfun_registry.obj
 0004:00000648       $pdata$ssGetZcSignalNeedsEventNotification 000000018001a648     flightControlSystem_sfun_registry.obj
 0004:00000654       $pdata$ssGetZcSignalIsZcElementDisc 000000018001a654     flightControlSystem_sfun_registry.obj
 0004:00000660       $pdata$ssGetIsInputPortElementContinuous 000000018001a660     flightControlSystem_sfun_registry.obj
 0004:0000066c       $pdata$_ssGetAbsTol        000000018001a66c     flightControlSystem_sfun_registry.obj
 0004:00000678       $pdata$_ssSetInputPortReusableFcn 000000018001a678     flightControlSystem_sfun_registry.obj
 0004:00000684       $pdata$_ssSetOutputPortReusableFcn 000000018001a684     flightControlSystem_sfun_registry.obj
 0004:00000690       $pdata$_ssSetSymbolicDimsSupport 000000018001a690     flightControlSystem_sfun_registry.obj
 0004:0000069c       $pdata$_ssRegisterSymbolicDimsExpr 000000018001a69c     flightControlSystem_sfun_registry.obj
 0004:000006a8       $pdata$_ssRegisterSymbolicDims 000000018001a6a8     flightControlSystem_sfun_registry.obj
 0004:000006b4       $pdata$_ssRegisterSymbolicDimsString 000000018001a6b4     flightControlSystem_sfun_registry.obj
 0004:000006c0       $pdata$_ssRegisterSymbolicDimsIntValue 000000018001a6c0     flightControlSystem_sfun_registry.obj
 0004:000006cc       $pdata$_ssRegisterSymbolicDimsPlus 000000018001a6cc     flightControlSystem_sfun_registry.obj
 0004:000006d8       $pdata$_ssRegisterSymbolicDimsMinus 000000018001a6d8     flightControlSystem_sfun_registry.obj
 0004:000006e4       $pdata$_ssRegisterSymbolicDimsMultiply 000000018001a6e4     flightControlSystem_sfun_registry.obj
 0004:000006f0       $pdata$_ssRegisterSymbolicDimsDivide 000000018001a6f0     flightControlSystem_sfun_registry.obj
 0004:000006fc       $pdata$_ssGetNumSymbolicDims 000000018001a6fc     flightControlSystem_sfun_registry.obj
 0004:00000708       $pdata$_ssGetSymbolicDim   000000018001a708     flightControlSystem_sfun_registry.obj
 0004:00000714       $pdata$_ssSetInputPortSymbolicDimsId 000000018001a714     flightControlSystem_sfun_registry.obj
 0004:00000720       $pdata$_ssGetCompInputPortSymbolicDimsId 000000018001a720     flightControlSystem_sfun_registry.obj
 0004:0000072c       $pdata$_ssSetCompInputPortSymbolicDimsId 000000018001a72c     flightControlSystem_sfun_registry.obj
 0004:00000738       $pdata$_ssSetOutputPortSymbolicDimsId 000000018001a738     flightControlSystem_sfun_registry.obj
 0004:00000744       $pdata$_ssGetCompOutputPortSymbolicDimsId 000000018001a744     flightControlSystem_sfun_registry.obj
 0004:00000750       $pdata$_ssSetCompOutputPortSymbolicDimsId 000000018001a750     flightControlSystem_sfun_registry.obj
 0004:0000075c       $pdata$_ssSetCompDWorkSymbolicDimsId 000000018001a75c     flightControlSystem_sfun_registry.obj
 0004:00000768       $pdata$sf_process_check_sum_call 000000018001a768     flightControlSystem_sfun_registry.obj
 0004:00000774       $pdata$sf_process_get_third_party_uses_info_call 000000018001a774     flightControlSystem_sfun_registry.obj
 0004:00000780       $pdata$sf_process_get_jit_fallback_info_call 000000018001a780     flightControlSystem_sfun_registry.obj
 0004:0000078c       $pdata$sf_process_get_post_codegen_info_call 000000018001a78c     flightControlSystem_sfun_registry.obj
 0004:00000798       $pdata$sf_process_get_updateBuildInfo_args_info_call 000000018001a798     flightControlSystem_sfun_registry.obj
 0004:000007a4       $pdata$sf_process_get_eml_resolved_functions_info_call 000000018001a7a4     flightControlSystem_sfun_registry.obj
 0004:000007b0       $pdata$sf_mex_unlock_call  000000018001a7b0     flightControlSystem_sfun_registry.obj
 0004:000007bc       $pdata$ProcessMexSfunctionCmdLineCall 000000018001a7bc     flightControlSystem_sfun_registry.obj
 0004:000007c8       $pdata$sf_machine_global_initializer_called 000000018001a7c8     flightControlSystem_sfun_registry.obj
 0004:000007d4       $pdata$sf_machine_global_method_dispatcher 000000018001a7d4     flightControlSystem_sfun_registry.obj
 0004:000007e0       $pdata$sf_machine_global_terminator 000000018001a7e0     flightControlSystem_sfun_registry.obj
 0004:000007ec       $pdata$sf_register_machine_exported_symbols 000000018001a7ec     flightControlSystem_sfun_registry.obj
 0004:000007f8       $pdata$sf_machine_global_initializer 000000018001a7f8     flightControlSystem_sfun_registry.obj
 0004:00000804       $pdata$mdlGetSimState      000000018001a804     flightControlSystem_sfun_registry.obj
 0004:00000810       $pdata$mdlSetSimState      000000018001a810     flightControlSystem_sfun_registry.obj
 0004:0000081c       $pdata$mdlSetWorkWidths    000000018001a81c     flightControlSystem_sfun_registry.obj
 0004:00000828       $pdata$mdlProcessParameters 000000018001a828     flightControlSystem_sfun_registry.obj
 0004:00000834       $pdata$mdl_setup_runtime_resources_processing 000000018001a834     flightControlSystem_sfun_registry.obj
 0004:00000840       $pdata$mdlSetupRuntimeResources 000000018001a840     flightControlSystem_sfun_registry.obj
 0004:0000084c       $pdata$mdl_cleanup_runtime_resources_processing 000000018001a84c     flightControlSystem_sfun_registry.obj
 0004:00000858       $pdata$mdlCleanupRuntimeResources 000000018001a858     flightControlSystem_sfun_registry.obj
 0004:00000864       $pdata$mdl_start_processing 000000018001a864     flightControlSystem_sfun_registry.obj
 0004:00000870       $pdata$mdlStart            000000018001a870     flightControlSystem_sfun_registry.obj
 0004:0000087c       $pdata$mdl_terminate_processing 000000018001a87c     flightControlSystem_sfun_registry.obj
 0004:00000888       $pdata$mdlTerminate        000000018001a888     flightControlSystem_sfun_registry.obj
 0004:00000894       $pdata$mdlInitializeSizes  000000018001a894     flightControlSystem_sfun_registry.obj
 0004:000008a0       $pdata$mdlInitializeSampleTimes 000000018001a8a0     flightControlSystem_sfun_registry.obj
 0004:000008ac       $pdata$mdl_outputs_continuous_legacy 000000018001a8ac     flightControlSystem_sfun_registry.obj
 0004:000008b8       $pdata$mdl_outputs_processing 000000018001a8b8     flightControlSystem_sfun_registry.obj
 0004:000008c4       $pdata$mdl_zeroCrossings_processing 000000018001a8c4     flightControlSystem_sfun_registry.obj
 0004:000008d0       $pdata$mdlZeroCrossings    000000018001a8d0     flightControlSystem_sfun_registry.obj
 0004:000008dc       $pdata$mdl_derivatives_processing 000000018001a8dc     flightControlSystem_sfun_registry.obj
 0004:000008e8       $pdata$mdlDerivatives      000000018001a8e8     flightControlSystem_sfun_registry.obj
 0004:000008f4       $pdata$mdl_initialize_conditions_processing 000000018001a8f4     flightControlSystem_sfun_registry.obj
 0004:00000900       $pdata$mdlInitializeConditions 000000018001a900     flightControlSystem_sfun_registry.obj
 0004:0000090c       $pdata$mdl_ext_mode_exec_processing 000000018001a90c     flightControlSystem_sfun_registry.obj
 0004:00000918       $pdata$mdlExtModeExec      000000018001a918     flightControlSystem_sfun_registry.obj
 0004:00000924       $pdata$mdlRTW              000000018001a924     flightControlSystem_sfun_registry.obj
 0004:00000930       $pdata$mdl_enable_processing 000000018001a930     flightControlSystem_sfun_registry.obj
 0004:0000093c       $pdata$mdlEnable           000000018001a93c     flightControlSystem_sfun_registry.obj
 0004:00000948       $pdata$mdl_disable_processing 000000018001a948     flightControlSystem_sfun_registry.obj
 0004:00000954       $pdata$mdlDisable          000000018001a954     flightControlSystem_sfun_registry.obj
 0004:00000960       $pdata$mdlOutputs          000000018001a960     flightControlSystem_sfun_registry.obj
 0004:0000096c       $pdata$mdl_update_processing 000000018001a96c     flightControlSystem_sfun_registry.obj
 0004:00000978       $pdata$mdlUpdate           000000018001a978     flightControlSystem_sfun_registry.obj
 0004:00000984       $pdata$ProcessMexSfunctionEveryCall 000000018001a984     flightControlSystem_sfun_registry.obj
 0004:00000990       $pdata$_RegNumInputPortsCB 000000018001a990     flightControlSystem_sfun_registry.obj
 0004:0000099c       $pdata$_RegNumOutputPortsCB 000000018001a99c     flightControlSystem_sfun_registry.obj
 0004:000009a8       $pdata$_CreateSimStruct    000000018001a9a8     flightControlSystem_sfun_registry.obj
 0004:000009b4       $pdata$_ProcessMexSfunctionCmdLineCall 000000018001a9b4     flightControlSystem_sfun_registry.obj
 0004:000009c0       $pdata$ReportIndexOutOfBoundsError 000000018001a9c0     flightControlSystem_sfun_registry.obj
 0004:000009cc       $pdata$_vsnprintf_l        000000018001a9cc     flightControlSystem_sfun_registry.obj
 0004:000009d8       $pdata$_vsprintf_l         000000018001a9d8     flightControlSystem_sfun_registry.obj
 0004:000009e4       $pdata$sprintf             000000018001a9e4     flightControlSystem_sfun_registry.obj
 0004:000009f0       $pdata$__raise_securityfailure 000000018001a9f0     MSVCRT:gs_report.obj
 0004:000009fc       $pdata$__report_gsfailure  000000018001a9fc     MSVCRT:gs_report.obj
 0004:00000a08       $pdata$__report_rangecheckfailure 000000018001aa08     MSVCRT:gs_report.obj
 0004:00000a14       $pdata$__report_securityfailure 000000018001aa14     MSVCRT:gs_report.obj
 0004:00000a20       $pdata$__report_securityfailureEx 000000018001aa20     MSVCRT:gs_report.obj
 0004:00000a2c       $pdata$capture_current_context 000000018001aa2c     MSVCRT:gs_report.obj
 0004:00000a38       $pdata$capture_previous_context 000000018001aa38     MSVCRT:gs_report.obj
 0004:00000a44       $pdata$__GSHandlerCheck    000000018001aa44     MSVCRT:_gshandler_.obj
 0004:00000a50       $pdata$__GSHandlerCheckCommon 000000018001aa50     MSVCRT:_gshandler_.obj
 0004:00000a74       $pdata$?dllmain_crt_dispatch@@YAHQEAUHINSTANCE__@@KQEAX@Z 000000018001aa74     MSVCRT:dll_dllmain.obj
 0004:00000a80       $pdata$?dllmain_crt_process_attach@@YAHQEAUHINSTANCE__@@QEAX@Z 000000018001aa80     MSVCRT:dll_dllmain.obj
 0004:00000a8c       $pdata$?dllmain_crt_process_detach@@YAH_N@Z 000000018001aa8c     MSVCRT:dll_dllmain.obj
 0004:00000a98       $pdata$?dllmain_dispatch@@YAHQEAUHINSTANCE__@@KQEAX@Z 000000018001aa98     MSVCRT:dll_dllmain.obj
 0004:00000aa4       $pdata$?dllmain_raw@@YAHQEAUHINSTANCE__@@KQEAX@Z 000000018001aaa4     MSVCRT:dll_dllmain.obj
 0004:00000ab0       $pdata$_DllMainCRTStartup  000000018001aab0     MSVCRT:dll_dllmain.obj
 0004:00000abc       $pdata$?configure_argv@__scrt_narrow_argv_policy@@SAHXZ 000000018001aabc     MSVCRT:utility.obj
 0004:00000ac8       $pdata$__scrt_acquire_startup_lock 000000018001aac8     MSVCRT:utility.obj
 0004:00000ad4       $pdata$__scrt_dllmain_after_initialize_c 000000018001aad4     MSVCRT:utility.obj
 0004:00000ae0       $pdata$__scrt_dllmain_before_initialize_c 000000018001aae0     MSVCRT:utility.obj
 0004:00000aec       $pdata$__scrt_dllmain_crt_thread_attach 000000018001aaec     MSVCRT:utility.obj
 0004:00000af8       $pdata$__scrt_dllmain_crt_thread_detach 000000018001aaf8     MSVCRT:utility.obj
 0004:00000b04       $pdata$__scrt_dllmain_exception_filter 000000018001ab04     MSVCRT:utility.obj
 0004:00000b10       $pdata$__scrt_dllmain_uninitialize_c 000000018001ab10     MSVCRT:utility.obj
 0004:00000b1c       $pdata$__scrt_dllmain_uninitialize_critical 000000018001ab1c     MSVCRT:utility.obj
 0004:00000b28       $pdata$__scrt_initialize_crt 000000018001ab28     MSVCRT:utility.obj
 0004:00000b34       $pdata$__scrt_initialize_onexit_tables 000000018001ab34     MSVCRT:utility.obj
 0004:00000b40       $pdata$__scrt_is_nonwritable_in_current_image 000000018001ab40     MSVCRT:utility.obj
 0004:00000b4c       $pdata$__scrt_release_startup_lock 000000018001ab4c     MSVCRT:utility.obj
 0004:00000b58       $pdata$__scrt_uninitialize_crt 000000018001ab58     MSVCRT:utility.obj
 0004:00000b64       $pdata$_onexit             000000018001ab64     MSVCRT:utility.obj
 0004:00000b70       $pdata$atexit              000000018001ab70     MSVCRT:utility.obj
 0004:00000b7c       $pdata$__security_init_cookie 000000018001ab7c     MSVCRT:gs_support.obj
 0004:00000b88       $pdata$DllMain             000000018001ab88     MSVCRT:dll_dllmain_stub.obj
 0004:00000b94       $pdata$__scrt_initialize_default_local_stdio_options 000000018001ab94     MSVCRT:default_local_stdio_options.obj
 0004:00000ba0       $pdata$__scrt_fastfail     000000018001aba0     MSVCRT:utility_desktop.obj
 0004:00000bac       $pdata$__scrt_get_show_window_mode 000000018001abac     MSVCRT:utility_desktop.obj
 0004:00000bb8       $pdata$__scrt_is_managed_app 000000018001abb8     MSVCRT:utility_desktop.obj
 0004:00000bc4       $pdata$__scrt_unhandled_exception_filter 000000018001abc4     MSVCRT:utility_desktop.obj
 0004:00000bd0       $pdata$_RTC_Initialize     000000018001abd0     MSVCRT:_initsect_.obj
 0004:00000bdc       $pdata$_RTC_Terminate      000000018001abdc     MSVCRT:_initsect_.obj
 0004:00000be8       $pdata$__isa_available_init 000000018001abe8     MSVCRT:_cpu_disp_.obj
 0004:00000c00       $pdata$?fin$0@?0??dllmain_crt_process_attach@@YAHQEAUHINSTANCE__@@QEAX@Z@4HA 000000018001ac00     MSVCRT:dll_dllmain.obj
 0004:00000c0c       $pdata$?fin$0@?0??dllmain_crt_process_detach@@YAH_N@Z@4HA 000000018001ac0c     MSVCRT:dll_dllmain.obj
 0004:00000c18       $pdata$?filt$0@?0??dllmain_dispatch@@YAHQEAUHINSTANCE__@@KQEAX@Z@4HA 000000018001ac18     MSVCRT:dll_dllmain.obj
 0004:00000c24       $pdata$__scrt_is_nonwritable_in_current_image$filt$0 000000018001ac24     MSVCRT:utility.obj
 0007:00000000       __guard_fids_?dllmain_crt_process_attach@@YAHQEAUHINSTANCE__@@QEAX@Z 000000018001d000     MSVCRT:dll_dllmain.obj
 0007:00000008       __guard_fids_?dllmain_dispatch@@YAHQEAUHINSTANCE__@@KQEAX@Z 000000018001d008     MSVCRT:dll_dllmain.obj
 0007:0000000c       __guard_fids___scrt_set_unhandled_exception_filter 000000018001d00c     MSVCRT:utility_desktop.obj
 0007:00000010       __guard_fids__             000000018001d010     MSVCRT:guard_support.obj
 0007:00000014       __guard_fids__guard_icall_checks_enforced 000000018001d014     MSVCRT:guard_support.obj
